Component: ARM Compiler 5.06 update 7 (build 960) Tool: armlink [4d3601]

==============================================================================

Section Cross References

    delay.o(i.Fn_DELAY_Init) refers to delay.o(.data) for fac_us
    delay.o(i.Fn_DELAY_ms) refers to delay.o(.data) for fac_ms
    delay.o(i.Fn_DELAY_us) refers to delay.o(.data) for fac_us
    flash.o(i.Flash_WriteBank) refers to stm32f10x_flash.o(i.FLASH_Unlock) for FLASH_Unlock
    flash.o(i.Flash_WriteBank) refers to stm32f10x_flash.o(i.FLASH_ErasePage) for FLASH_ErasePage
    flash.o(i.Flash_WriteBank) refers to stm32f10x_flash.o(i.FLASH_ProgramWord) for FLASH_ProgramWord
    flash.o(i.Flash_WriteBank) refers to stm32f10x_flash.o(i.FLASH_Lock) for FLASH_Lock
    flash.o(i.Flash_WriteWord) refers to flash.o(i.Flash_ReadBank) for Flash_ReadBank
    flash.o(i.Flash_WriteWord) refers to flash.o(i.Flash_WriteBank) for Flash_WriteBank
    flash.o(i.Flash_WriteWord) refers to flash.o(.bss) for tmpReadData
    uart.o(i.UARTDebug_AddCallBack) refers to misc.o(i.NVIC_Init) for NVIC_Init
    uart.o(i.UARTDebug_AddCallBack) refers to uart.o(.data) for callbackIrqFnc
    uart.o(i.UARTDebug_Init) refers to stm32f10x_rcc.o(i.RCC_APB1PeriphClockCmd) for RCC_APB1PeriphClockCmd
    uart.o(i.UARTDebug_Init) refers to stm32f10x_rcc.o(i.RCC_APB2PeriphClockCmd) for RCC_APB2PeriphClockCmd
    uart.o(i.UARTDebug_Init) refers to stm32f10x_gpio.o(i.GPIO_Init) for GPIO_Init
    uart.o(i.UARTDebug_Init) refers to stm32f10x_usart.o(i.USART_Init) for USART_Init
    uart.o(i.UARTDebug_Init) refers to stm32f10x_usart.o(i.USART_ClearFlag) for USART_ClearFlag
    uart.o(i.UARTDebug_Init) refers to stm32f10x_usart.o(i.USART_ITConfig) for USART_ITConfig
    uart.o(i.UARTDebug_Init) refers to stm32f10x_usart.o(i.USART_Cmd) for USART_Cmd
    uart.o(i.UARTDebug_Init) refers to uart.o(.data) for GPIO_InitStructure
    uart.o(i.UARTDebug_Init) refers to uart.o(.bss) for USART_InitStructure
    uart.o(i.UARTDebug_SendChar) refers to stm32f10x_usart.o(i.USART_SendData) for USART_SendData
    uart.o(i.UARTDebug_SendChar) refers to stm32f10x_usart.o(i.USART_GetFlagStatus) for USART_GetFlagStatus
    uart.o(i.UARTDebug_SendString) refers to uart.o(i.UARTDebug_SendChar) for UARTDebug_SendChar
    uart.o(i.USART2_IRQHandler) refers to stm32f10x_usart.o(i.USART_GetFlagStatus) for USART_GetFlagStatus
    uart.o(i.USART2_IRQHandler) refers to stm32f10x_usart.o(i.USART_ReceiveData) for USART_ReceiveData
    uart.o(i.USART2_IRQHandler) refers to stm32f10x_usart.o(i.USART_ClearITPendingBit) for USART_ClearITPendingBit
    uart.o(i.USART2_IRQHandler) refers to uart.o(.data) for callbackIrqFnc
    uart.o(i.fputc) refers to uart.o(i.UARTDebug_SendChar) for UARTDebug_SendChar
    main.o(i.main) refers to system_stm32f10x.o(i.SystemInit) for SystemInit
    main.o(i.main) refers to system_stm32f10x.o(i.SystemCoreClockUpdate) for SystemCoreClockUpdate
    main.o(i.main) refers to delay.o(i.Fn_DELAY_Init) for Fn_DELAY_Init
    main.o(i.main) refers to uart.o(i.UARTDebug_Init) for UARTDebug_Init
    main.o(i.main) refers to uart_receive.o(i.uartReceive_Init) for uartReceive_Init
    main.o(i.main) refers to uart.o(i.UARTDebug_AddCallBack) for UARTDebug_AddCallBack
    main.o(i.main) refers to bootloader.o(i.Bootloader_Init) for Bootloader_Init
    main.o(i.main) refers to bootloader.o(i.Bootloader_Processing) for Bootloader_Processing
    main.o(i.main) refers to uart_receive.o(i.uartReceive_PushData) for uartReceive_PushData
    bootloader.o(i.Bootloader_CalCheckSum) refers to flash.o(i.Flash_ReadWord) for Flash_ReadWord
    bootloader.o(i.Bootloader_CalCheckSum) refers to flash.o(i.Flash_ReadBank) for Flash_ReadBank
    bootloader.o(i.Bootloader_CalCheckSum) refers to bootloader.o(.bss) for tmpDataBuffer
    bootloader.o(i.Bootloader_CheckDiffVersion) refers to memoryinterface.o(i.MemInterface_getCurrentVersion) for MemInterface_getCurrentVersion
    bootloader.o(i.Bootloader_CheckDiffVersion) refers to memoryinterface.o(i.MemInterface_getTempVersion) for MemInterface_getTempVersion
    bootloader.o(i.Bootloader_CopyTemp2Main) refers to memoryinterface.o(i.MemInterface_getTempCRC) for MemInterface_getTempCRC
    bootloader.o(i.Bootloader_CopyTemp2Main) refers to bootloader.o(i.Bootloader_CalCheckSum) for Bootloader_CalCheckSum
    bootloader.o(i.Bootloader_CopyTemp2Main) refers to memoryinterface.o(i.MemInterface_getTempFirmLength) for MemInterface_getTempFirmLength
    bootloader.o(i.Bootloader_CopyTemp2Main) refers to memoryinterface.o(i.MemInterface_copyProgram) for MemInterface_copyProgram
    bootloader.o(i.Bootloader_CopyTemp2Main) refers to memoryinterface.o(i.MemInterface_getTempVersion) for MemInterface_getTempVersion
    bootloader.o(i.Bootloader_CopyTemp2Main) refers to memoryinterface.o(i.MemInterface_setCurrentVersion) for MemInterface_setCurrentVersion
[...]
    libinit.o(.ARM.Collect$$libinit$$00000000) refers (Special) to libinit2.o(.ARM.Collect$$libinit$$0000000C) for __rt_lib_init_user_alloc_1
    libspace.o(.text) refers to libspace.o(.bss) for __libspace_start
    rtexit.o(.ARM.Collect$$rtexit$$00000000) refers (Special) to rtexit2.o(.ARM.Collect$$rtexit$$00000004) for __rt_exit_exit
    rtexit.o(.ARM.Collect$$rtexit$$00000000) refers (Special) to rtexit2.o(.ARM.Collect$$rtexit$$00000003) for __rt_exit_ls
    rtexit.o(.ARM.Collect$$rtexit$$00000000) refers (Special) to rtexit2.o(.ARM.Collect$$rtexit$$00000002) for __rt_exit_prels_1
    rtexit.o(.ARM.exidx) refers (Special) to rtexit2.o(.ARM.Collect$$rtexit$$00000004) for __rt_exit_exit
    rtexit.o(.ARM.exidx) refers (Special) to rtexit2.o(.ARM.Collect$$rtexit$$00000003) for __rt_exit_ls
    rtexit.o(.ARM.exidx) refers (Special) to rtexit2.o(.ARM.Collect$$rtexit$$00000002) for __rt_exit_prels_1
    rtexit.o(.ARM.exidx) refers to rtexit.o(.ARM.Collect$$rtexit$$00000000) for .ARM.Collect$$rtexit$$00000000
    libinit2.o(.ARM.Collect$$libinit$$00000010) refers to libinit2.o(.ARM.Collect$$libinit$$0000000F) for .ARM.Collect$$libinit$$0000000F
    libinit2.o(.ARM.Collect$$libinit$$00000012) refers to libinit2.o(.ARM.Collect$$libinit$$0000000F) for .ARM.Collect$$libinit$$0000000F
    libinit2.o(.ARM.Collect$$libinit$$00000014) refers to libinit2.o(.ARM.Collect$$libinit$$0000000F) for .ARM.Collect$$libinit$$0000000F
    libinit2.o(.ARM.Collect$$libinit$$00000016) refers to libinit2.o(.ARM.Collect$$libinit$$0000000F) for .ARM.Collect$$libinit$$0000000F
    libinit2.o(.ARM.Collect$$libinit$$00000018) refers to libinit2.o(.ARM.Collect$$libinit$$0000000F) for .ARM.Collect$$libinit$$0000000F
    libinit2.o(.ARM.Collect$$libinit$$00000026) refers to argv_veneer.o(.emb_text) for __ARM_argv_veneer
    libinit2.o(.ARM.Collect$$libinit$$00000027) refers to argv_veneer.o(.emb_text) for __ARM_argv_veneer
    rtexit2.o(.ARM.Collect$$rtexit$$00000003) refers to libshutdown.o(.ARM.Collect$$libshutdown$$00000000) for __rt_lib_shutdown
    rtexit2.o(.ARM.Collect$$rtexit$$00000004) refers to sys_exit.o(.text) for _sys_exit
    rtexit2.o(.ARM.exidx) refers to rtexit2.o(.ARM.Collect$$rtexit$$00000001) for .ARM.Collect$$rtexit$$00000001
    rtexit2.o(.ARM.exidx) refers to rtexit2.o(.ARM.Collect$$rtexit$$00000003) for .ARM.Collect$$rtexit$$00000003
    rtexit2.o(.ARM.exidx) refers to rtexit2.o(.ARM.Collect$$rtexit$$00000004) for .ARM.Collect$$rtexit$$00000004
    argv_veneer.o(.emb_text) refers to no_argv.o(.text) for __ARM_get_argv
    sys_exit.o(.text) refers (Special) to use_no_semi.o(.text) for __I$use$semihosting
    sys_exit.o(.text) refers (Special) to indicate_semi.o(.text) for __semihosting_library_function
    _get_argv_nomalloc.o(.text) refers (Special) to hrguard.o(.text) for __heap_region$guard
    _get_argv_nomalloc.o(.text) refers to defsig_rtmem_outer.o(.text) for __rt_SIGRTMEM
    _get_argv_nomalloc.o(.text) refers to sys_command.o(.text) for _sys_command_string
    libshutdown.o(.ARM.Collect$$libshutdown$$00000000) refers (Special) to libshutdown2.o(.ARM.Collect$$libshutdown$$00000004) for __rt_lib_shutdown_cpp_1
    libshutdown.o(.ARM.Collect$$libshutdown$$00000000) refers (Special) to libshutdown2.o(.ARM.Collect$$libshutdown$$00000002) for __rt_lib_shutdown_fini_1
    libshutdown.o(.ARM.Collect$$libshutdown$$00000000) refers (Special) to libshutdown2.o(.ARM.Collect$$libshutdown$$00000009) for __rt_lib_shutdown_fp_trap_1
    libshutdown.o(.ARM.Collect$$libshutdown$$00000000) refers (Special) to libshutdown2.o(.ARM.Collect$$libshutdown$$00000011) for __rt_lib_shutdown_heap_1
    libshutdown.o(.ARM.Collect$$libshutdown$$00000000) refers (Special) to libshutdown2.o(.ARM.Collect$$libshutdown$$00000012) for __rt_lib_shutdown_return
    libshutdown.o(.ARM.Collect$$libshutdown$$00000000) refers (Special) to libshutdown2.o(.ARM.Collect$$libshutdown$$0000000C) for __rt_lib_shutdown_signal_1
    libshutdown.o(.ARM.Collect$$libshutdown$$00000000) refers (Special) to libshutdown2.o(.ARM.Collect$$libshutdown$$00000006) for __rt_lib_shutdown_stdio_1
    libshutdown.o(.ARM.Collect$$libshutdown$$00000000) refers (Special) to libshutdown2.o(.ARM.Collect$$libshutdown$$0000000E) for __rt_lib_shutdown_user_alloc_1
    sys_command.o(.text) refers (Special) to use_no_semi.o(.text) for __I$use$semihosting
    sys_command.o(.text) refers (Special) to indicate_semi.o(.text) for __semihosting_library_function
    defsig_rtmem_outer.o(.text) refers to defsig_rtmem_inner.o(.text) for __rt_SIGRTMEM_inner
    defsig_rtmem_outer.o(.text) refers to defsig_exit.o(.text) for __sig_exit
    defsig_rtmem_formal.o(.text) refers to rt_raise.o(.text) for __rt_raise
    rt_raise.o(.text) refers to __raise.o(.text) for __raise
    rt_raise.o(.text) refers to sys_exit.o(.text) for _sys_exit
    defsig_exit.o(.text) refers to sys_exit.o(.text) for _sys_exit
    defsig_rtmem_inner.o(.text) refers to defsig_general.o(.text) for __default_signal_display
    __raise.o(.text) refers to defsig.o(CL$$defsig) for __default_signal_handler
    defsig_general.o(.text) refers to sys_wrch.o(.text) for _ttywrch
    sys_wrch.o(.text) refers (Special) to use_no_semi.o(.text) for __I$use$semihosting
    sys_wrch.o(.text) refers (Special) to indicate_semi.o(.text) for __semihosting_library_function
    defsig.o(CL$$defsig) refers to defsig_rtmem_inner.o(.text) for __rt_SIGRTMEM_inner
    defsig_abrt_inner.o(.text) refers to defsig_general.o(.text) for __default_signal_display
    defsig_fpe_inner.o(.text) refers to defsig_general.o(.text) for __default_signal_display
    defsig_rtred_inner.o(.text) refers to defsig_general.o(.text) for __default_signal_display
    defsig_stak_inner.o(.text) refers to defsig_general.o(.text) for __default_signal_display
    defsig_pvfn_inner.o(.text) refers to defsig_general.o(.text) for __default_signal_display
    defsig_cppl_inner.o(.text) refers to defsig_general.o(.text) for __default_signal_display
    defsig_segv_inner.o(.text) refers to defsig_general.o(.text) for __default_signal_display
    defsig_other.o(.text) refers to defsig_general.o(.text) for __default_signal_display


==============================================================================

Removing Unused input sections from the image.

    Removing delay.o(.rev16_text), (4 bytes).
    Removing delay.o(.revsh_text), (4 bytes).
    Removing delay.o(.rrx_text), (6 bytes).
    Removing delay.o(i.Fn_DELAY_Long), (26 bytes).
    Removing delay.o(i.Fn_DELAY_Short), (12 bytes).
    Removing delay.o(i.Fn_DELAY_ms), (60 bytes).
    Removing delay.o(i.Fn_DELAY_us), (60 bytes).
    Removing flash.o(.rev16_text), (4 bytes).
    Removing flash.o(.revsh_text), (4 bytes).
    Removing flash.o(.rrx_text), (6 bytes).
    Removing uart.o(.rev16_text), (4 bytes).
    Removing uart.o(.revsh_text), (4 bytes).
    Removing uart.o(.rrx_text), (6 bytes).
    Removing uart.o(i.UARTDebug_SendString), (22 bytes).
    Removing main.o(.rev16_text), (4 bytes).
    Removing main.o(.revsh_text), (4 bytes).
    Removing main.o(.rrx_text), (6 bytes).
    Removing bootloader.o(.rev16_text), (4 bytes).
    Removing bootloader.o(.revsh_text), (4 bytes).
    Removing bootloader.o(.rrx_text), (6 bytes).
    Removing bootloader.o(i.Bootloader_GetCheckSum), (26 bytes).
    Removing bootloader.o(i.Bootloader_GotoProgram), (18 bytes).
    Removing bootloader.o(i.Bootloader_RunProgram), (16 bytes).
    Removing memoryinterface.o(.rev16_text), (4 bytes).
    Removing memoryinterface.o(.revsh_text), (4 bytes).
    Removing memoryinterface.o(.rrx_text), (6 bytes).
    Removing memoryinterface.o(i.MemInterface_getCurrentCRC), (20 bytes).
    Removing memoryinterface.o(i.MemInterface_getCurrentFirmLength), (20 bytes).
    Removing memoryinterface.o(i.MemInterface_setCurrentCRC), (24 bytes).
    Removing memoryinterface.o(i.MemInterface_setCurrentFirmLength), (20 bytes).
    Removing memoryinterface.o(i.MemInterface_setTempCRC), (24 bytes).
    Removing memoryinterface.o(i.MemInterface_setTempFirmLength), (20 bytes).
    Removing memoryinterface.o(i.MemInterface_setTempVersion), (20 bytes).
    Removing ringbuffer.o(i.ringBuffer_Free), (6 bytes).
    Removing ringbuffer.o(i.ringBuffer_IsEmpty), (14 bytes).
    Removing ringbuffer.o(i.ringBuffer_IsFull), (18 bytes).
    Removing ringbuffer.o(i.ringBuffer_Pop), (54 bytes).
    Removing uart_receive.o(.rev16_text), (4 bytes).
    Removing uart_receive.o(.revsh_text), (4 bytes).
    Removing uart_receive.o(.rrx_text), (6 bytes).
    Removing misc.o(.rev16_text), (4 bytes).
    Removing misc.o(.revsh_text), (4 bytes).
    Removing misc.o(.rrx_text), (6 bytes).
    Removing misc.o(i.NVIC_PriorityGroupConfig), (20 bytes).
    Removing misc.o(i.NVIC_SetVectorTable), (20 bytes).
    Removing misc.o(i.NVIC_SystemLPConfig), (32 bytes).
    Removing misc.o(i.SysTick_CLKSourceConfig), (40 bytes).
    Removing stm32f10x_flash.o(.rev16_text), (4 bytes).
    Removing stm32f10x_flash.o(.revsh_text), (4 bytes).
    Removing stm32f10x_flash.o(.rrx_text), (6 bytes).
    Removing stm32f10x_flash.o(i.FLASH_ClearFlag), (12 bytes).
    Removing stm32f10x_flash.o(i.FLASH_EnableWriteProtection), (196 bytes).
    Removing stm32f10x_flash.o(i.FLASH_EraseAllBank1Pages), (72 bytes).
    Removing stm32f10x_flash.o(i.FLASH_EraseAllPages), (72 bytes).
    Removing stm32f10x_flash.o(i.FLASH_EraseOptionBytes), (168 bytes).
    Removing stm32f10x_flash.o(i.FLASH_GetFlagStatus), (48 bytes).
    Removing stm32f10x_flash.o(i.FLASH_GetPrefetchBufferStatus), (24 bytes).
    Removing stm32f10x_flash.o(i.FLASH_GetReadOutProtectionStatus), (24 bytes).
    Removing stm32f10x_flash.o(i.FLASH_GetStatus), (52 bytes).
    Removing stm32f10x_flash.o(i.FLASH_GetUserOptionByte), (12 bytes).
    Removing stm32f10x_flash.o(i.FLASH_GetWriteProtectionOptionByte), (12 bytes).
    Removing stm32f10x_flash.o(i.FLASH_HalfCycleAccessCmd), (28 bytes).
    Removing stm32f10x_flash.o(i.FLASH_ITConfig), (32 bytes).
    Removing stm32f10x_flash.o(i.FLASH_LockBank1), (20 bytes).
    Removing stm32f10x_flash.o(i.FLASH_PrefetchBufferCmd), (28 bytes).
    Removing stm32f10x_flash.o(i.FLASH_ProgramHalfWord), (64 bytes).
    Removing stm32f10x_flash.o(i.FLASH_ProgramOptionByteData), (84 bytes).
    Removing stm32f10x_flash.o(i.FLASH_ReadOutProtection), (172 bytes).
    Removing stm32f10x_flash.o(i.FLASH_SetLatency), (24 bytes).
    Removing stm32f10x_flash.o(i.FLASH_UnlockBank1), (24 bytes).
    Removing stm32f10x_flash.o(i.FLASH_UserOptionByteConfig), (104 bytes).
    Removing stm32f10x_flash.o(i.FLASH_WaitForLastBank1Operation), (38 bytes).
    Removing stm32f10x_gpio.o(.rev16_text), (4 bytes).
    Removing stm32f10x_gpio.o(.revsh_text), (4 bytes).
    Removing stm32f10x_gpio.o(.rrx_text), (6 bytes).
    Removing stm32f10x_gpio.o(i.GPIO_AFIODeInit), (20 bytes).
    Removing stm32f10x_gpio.o(i.GPIO_DeInit), (200 bytes).
    Removing stm32f10x_gpio.o(i.GPIO_ETH_MediaInterfaceConfig), (12 bytes).
    Removing stm32f10x_gpio.o(i.GPIO_EXTILineConfig), (64 bytes).
    Removing stm32f10x_gpio.o(i.GPIO_EventOutputCmd), (12 bytes).
    Removing stm32f10x_gpio.o(i.GPIO_EventOutputConfig), (32 bytes).
    Removing stm32f10x_gpio.o(i.GPIO_PinLockConfig), (18 bytes).
    Removing stm32f10x_gpio.o(i.GPIO_PinRemapConfig), (144 bytes).
    Removing stm32f10x_gpio.o(i.GPIO_ReadInputData), (8 bytes).
    Removing stm32f10x_gpio.o(i.GPIO_ReadInputDataBit), (18 bytes).
    Removing stm32f10x_gpio.o(i.GPIO_ReadOutputData), (8 bytes).
    Removing stm32f10x_gpio.o(i.GPIO_ReadOutputDataBit), (18 bytes).
    Removing stm32f10x_gpio.o(i.GPIO_ResetBits), (4 bytes).
    Removing stm32f10x_gpio.o(i.GPIO_SetBits), (4 bytes).
    Removing stm32f10x_gpio.o(i.GPIO_StructInit), (16 bytes).
    Removing stm32f10x_gpio.o(i.GPIO_Write), (4 bytes).
    Removing stm32f10x_gpio.o(i.GPIO_WriteBit), (10 bytes).
    Removing stm32f10x_rcc.o(.rev16_text), (4 bytes).
    Removing stm32f10x_rcc.o(.revsh_text), (4 bytes).
    Removing stm32f10x_rcc.o(.rrx_text), (6 bytes).
    Removing stm32f10x_rcc.o(i.RCC_ADCCLKConfig), (24 bytes).
    Removing stm32f10x_rcc.o(i.RCC_AHBPeriphClockCmd), (32 bytes).
    Removing stm32f10x_rcc.o(i.RCC_AHBPeriphResetCmd), (32 bytes).
    Removing stm32f10x_rcc.o(i.RCC_APB1PeriphResetCmd), (32 bytes).
    Removing stm32f10x_rcc.o(i.RCC_APB2PeriphResetCmd), (32 bytes).
    Removing stm32f10x_rcc.o(i.RCC_AdjustHSICalibrationValue), (24 bytes).
    Removing stm32f10x_rcc.o(i.RCC_BackupResetCmd), (12 bytes).
    Removing stm32f10x_rcc.o(i.RCC_ClearFlag), (20 bytes).
    Removing stm32f10x_rcc.o(i.RCC_ClearITPendingBit), (12 bytes).
    Removing stm32f10x_rcc.o(i.RCC_ClockSecuritySystemCmd), (12 bytes).
    Removing stm32f10x_rcc.o(i.RCC_DeInit), (92 bytes).
    Removing stm32f10x_rcc.o(i.RCC_GetFlagStatus), (60 bytes).
    Removing stm32f10x_rcc.o(i.RCC_GetITStatus), (24 bytes).
    Removing stm32f10x_rcc.o(i.RCC_GetSYSCLKSource), (16 bytes).
    Removing stm32f10x_rcc.o(i.RCC_HCLKConfig), (24 bytes).
    Removing stm32f10x_rcc.o(i.RCC_HSEConfig), (76 bytes).
    Removing stm32f10x_rcc.o(i.RCC_HSICmd), (12 bytes).
    Removing stm32f10x_rcc.o(i.RCC_I2S2CLKConfig), (12 bytes).
    Removing stm32f10x_rcc.o(i.RCC_I2S3CLKConfig), (12 bytes).
    Removing stm32f10x_rcc.o(i.RCC_ITConfig), (32 bytes).
    Removing stm32f10x_rcc.o(i.RCC_LSEConfig), (52 bytes).
    Removing stm32f10x_rcc.o(i.RCC_LSICmd), (12 bytes).
    Removing stm32f10x_rcc.o(i.RCC_MCOConfig), (12 bytes).
    Removing stm32f10x_rcc.o(i.RCC_OTGFSCLKConfig), (12 bytes).
    Removing stm32f10x_rcc.o(i.RCC_PCLK1Config), (24 bytes).
    Removing stm32f10x_rcc.o(i.RCC_PCLK2Config), (24 bytes).
    Removing stm32f10x_rcc.o(i.RCC_PLL2Cmd), (12 bytes).
    Removing stm32f10x_rcc.o(i.RCC_PLL2Config), (24 bytes).
    Removing stm32f10x_rcc.o(i.RCC_PLL3Cmd), (12 bytes).
    Removing stm32f10x_rcc.o(i.RCC_PLL3Config), (24 bytes).
    Removing stm32f10x_rcc.o(i.RCC_PLLCmd), (12 bytes).
    Removing stm32f10x_rcc.o(i.RCC_PLLConfig), (28 bytes).
    Removing stm32f10x_rcc.o(i.RCC_PREDIV1Config), (32 bytes).
    Removing stm32f10x_rcc.o(i.RCC_PREDIV2Config), (24 bytes).
    Removing stm32f10x_rcc.o(i.RCC_RTCCLKCmd), (12 bytes).
    Removing stm32f10x_rcc.o(i.RCC_RTCCLKConfig), (16 bytes).
    Removing stm32f10x_rcc.o(i.RCC_SYSCLKConfig), (24 bytes).
    Removing stm32f10x_rcc.o(i.RCC_WaitForHSEStartUp), (56 bytes).
    Removing stm32f10x_usart.o(.rev16_text), (4 bytes).
    Removing stm32f10x_usart.o(.revsh_text), (4 bytes).
    Removing stm32f10x_usart.o(.rrx_text), (6 bytes).
    Removing stm32f10x_usart.o(i.USART_ClockInit), (34 bytes).
    Removing stm32f10x_usart.o(i.USART_ClockStructInit), (12 bytes).
    Removing stm32f10x_usart.o(i.USART_DMACmd), (18 bytes).
    Removing stm32f10x_usart.o(i.USART_DeInit), (156 bytes).
    Removing stm32f10x_usart.o(i.USART_GetITStatus), (84 bytes).
    Removing stm32f10x_usart.o(i.USART_HalfDuplexCmd), (24 bytes).
    Removing stm32f10x_usart.o(i.USART_IrDACmd), (24 bytes).
    Removing stm32f10x_usart.o(i.USART_IrDAConfig), (18 bytes).
    Removing stm32f10x_usart.o(i.USART_LINBreakDetectLengthConfig), (18 bytes).
    Removing stm32f10x_usart.o(i.USART_LINCmd), (24 bytes).
    Removing stm32f10x_usart.o(i.USART_OneBitMethodCmd), (24 bytes).
    Removing stm32f10x_usart.o(i.USART_OverSampling8Cmd), (22 bytes).
    Removing stm32f10x_usart.o(i.USART_ReceiverWakeUpCmd), (24 bytes).
    Removing stm32f10x_usart.o(i.USART_SendBreak), (10 bytes).
    Removing stm32f10x_usart.o(i.USART_SetAddress), (18 bytes).
    Removing stm32f10x_usart.o(i.USART_SetGuardTime), (16 bytes).
    Removing stm32f10x_usart.o(i.USART_SetPrescaler), (16 bytes).
    Removing stm32f10x_usart.o(i.USART_SmartCardCmd), (24 bytes).
    Removing stm32f10x_usart.o(i.USART_SmartCardNACKCmd), (24 bytes).
    Removing stm32f10x_usart.o(i.USART_StructInit), (24 bytes).
    Removing stm32f10x_usart.o(i.USART_WakeUpConfig), (18 bytes).
    Removing system_stm32f10x.o(.rev16_text), (4 bytes).
    Removing system_stm32f10x.o(.revsh_text), (4 bytes).
    Removing system_stm32f10x.o(.rrx_text), (6 bytes).

160 unused section(s) (total 4312 bytes) removed from the image.

==============================================================================

Image Symbol Table

    Local Symbols

    Symbol Name                              Value     Ov Type        Size  Object(Section)

    ../clib/angel/boardlib.s                 0x00000000   Number         0  boardinit2.o ABSOLUTE
    ../clib/angel/boardlib.s                 0x00000000   Number         0  boardinit1.o ABSOLUTE
    ../clib/angel/boardlib.s                 0x00000000   Number         0  boardshut.o ABSOLUTE
    ../clib/angel/boardlib.s                 0x00000000   Number         0  boardinit3.o ABSOLUTE
    ../clib/angel/handlers.s                 0x00000000   Number         0  __scatter_copy.o ABSOLUTE
    ../clib/angel/handlers.s                 0x00000000   Number         0  __scatter_zi.o ABSOLUTE
    ../clib/angel/kernel.s                   0x00000000   Number         0  __rtentry4.o ABSOLUTE
    ../clib/angel/kernel.s                   0x00000000   Number         0  rtexit2.o ABSOLUTE
    ../clib/angel/kernel.s                   0x00000000   Number         0  __rtentry2.o ABSOLUTE
    ../clib/angel/kernel.s                   0x00000000   Number         0  rtexit.o ABSOLUTE
    ../clib/angel/kernel.s                   0x00000000   Number         0  __rtentry.o ABSOLUTE
    ../clib/angel/rt.s                       0x00000000   Number         0  rt_raise.o ABSOLUTE
    ../clib/angel/scatter.s                  0x00000000   Number         0  __scatter.o ABSOLUTE
    ../clib/angel/startup.s                  0x00000000   Number         0  __main.o ABSOLUTE
    ../clib/angel/sys.s                      0x00000000   Number         0  libspace.o ABSOLUTE
    ../clib/angel/sys.s                      0x00000000   Number         0  sys_stackheap_outer.o ABSOLUTE
    ../clib/angel/sys.s                      0x00000000   Number         0  use_no_semi.o ABSOLUTE
    ../clib/angel/sys.s                      0x00000000   Number         0  indicate_semi.o ABSOLUTE
    ../clib/angel/sysapp.c                   0x00000000   Number         0  sys_exit.o ABSOLUTE
    ../clib/angel/sysapp.c                   0x00000000   Number         0  sys_wrch.o ABSOLUTE
    ../clib/angel/sysapp.c                   0x00000000   Number         0  sys_command.o ABSOLUTE
    ../clib/armsys.c                         0x00000000   Number         0  argv_veneer.o ABSOLUTE
    ../clib/armsys.c                         0x00000000   Number         0  argv_veneer.o ABSOLUTE
    ../clib/armsys.c                         0x00000000   Number         0  _get_argv_nomalloc.o ABSOLUTE
    ../clib/armsys.c                         0x00000000   Number         0  no_argv.o ABSOLUTE
    ../clib/heapalloc.c                      0x00000000   Number         0  hrguard.o ABSOLUTE
    ../clib/heapaux.c                        0x00000000   Number         0  heapauxi.o ABSOLUTE
    ../clib/libinit.s                        0x00000000   Number         0  libinit2.o ABSOLUTE
    ../clib/libinit.s                        0x00000000   Number         0  libshutdown.o ABSOLUTE
    ../clib/libinit.s                        0x00000000   Number         0  libinit.o ABSOLUTE
    ../clib/libinit.s                        0x00000000   Number         0  libshutdown2.o ABSOLUTE
    ../clib/memcpset.s                       0x00000000   Number         0  rt_memcpy_w.o ABSOLUTE
    ../clib/memcpset.s                       0x00000000   Number         0  rt_memcpy_v6.o ABSOLUTE
    ../clib/printf.c                         0x00000000   Number         0  _printf_char_file.o ABSOLUTE
    ../clib/printf.c                         0x00000000   Number         0  __printf_nopercent.o ABSOLUTE
    ../clib/printf.c                         0x00000000   Number         0  _printf_char_common.o ABSOLUTE
    ../clib/printf.c                         0x00000000   Number         0  _printf_intcommon.o ABSOLUTE
    ../clib/printf.c                         0x00000000   Number         0  __printf_flags_ss_wp.o ABSOLUTE
    ../clib/printf.c                         0x00000000   Number         0  __printf_ss_wp.o ABSOLUTE
    ../clib/printf.c                         0x00000000   Number         0  __printf_flags_wp.o ABSOLUTE
    ../clib/printf.c                         0x00000000   Number         0  __2printf.o ABSOLUTE
    ../clib/printf.c                         0x00000000   Number         0  noretval__2printf.o ABSOLUTE
    ../clib/printf.c                         0x00000000   Number         0  __printf_wp.o ABSOLUTE
    ../clib/printf.c                         0x00000000   Number         0  __printf.o ABSOLUTE
    ../clib/printf.c                         0x00000000   Number         0  _printf_hex_ptr.o ABSOLUTE
    ../clib/printf.c                         0x00000000   Number         0  _printf_dec.o ABSOLUTE
    ../clib/printf.c                         0x00000000   Number         0  __printf_ss.o ABSOLUTE
    ../clib/printf.c                         0x00000000   Number         0  _printf_hex_ll.o ABSOLUTE
    ../clib/printf.c                         0x00000000   Number         0  _printf_hex_int.o ABSOLUTE
    ../clib/printf.c                         0x00000000   Number         0  __printf_flags.o ABSOLUTE
    ../clib/printf.c                         0x00000000   Number         0  _printf_hex_int_ll_ptr.o ABSOLUTE
    ../clib/printf.c                         0x00000000   Number         0  _printf_hex_ll_ptr.o ABSOLUTE
    ../clib/printf.c                         0x00000000   Number         0  _printf_hex_int_ptr.o ABSOLUTE
    ../clib/printf.c                         0x00000000   Number         0  _printf_hex_int_ll.o ABSOLUTE
    ../clib/printf.c                         0x00000000   Number         0  __printf_flags_ss.o ABSOLUTE
    ../clib/printf_percent.s                 0x00000000   Number         0  _printf_d.o ABSOLUTE
    ../clib/printf_percent.s                 0x00000000   Number         0  _printf_x.o ABSOLUTE
    ../clib/printf_percent.s                 0x00000000   Number         0  _printf_percent.o ABSOLUTE
    ../clib/printf_percent.s                 0x00000000   Number         0  _printf_percent_end.o ABSOLUTE
    ../clib/signal.c                         0x00000000   Number         0  __raise.o ABSOLUTE
    ../clib/signal.c                         0x00000000   Number         0  defsig_rtmem_formal.o ABSOLUTE
    ../clib/signal.c                         0x00000000   Number         0  defsig_other.o ABSOLUTE
    ../clib/signal.c                         0x00000000   Number         0  defsig_segv_inner.o ABSOLUTE
    ../clib/signal.c                         0x00000000   Number         0  defsig_cppl_inner.o ABSOLUTE
    ../clib/signal.c                         0x00000000   Number         0  defsig_exit.o ABSOLUTE
    ../clib/signal.c                         0x00000000   Number         0  defsig_rtmem_inner.o ABSOLUTE
    ../clib/signal.c                         0x00000000   Number         0  defsig_pvfn_inner.o ABSOLUTE
    ../clib/signal.c                         0x00000000   Number         0  defsig_stak_inner.o ABSOLUTE
    ../clib/signal.c                         0x00000000   Number         0  defsig_rtred_inner.o ABSOLUTE
    ../clib/signal.c                         0x00000000   Number         0  defsig_fpe_inner.o ABSOLUTE
    ../clib/signal.c                         0x00000000   Number         0  defsig_abrt_inner.o ABSOLUTE
    ../clib/signal.c                         0x00000000   Number         0  defsig_general.o ABSOLUTE
    ../clib/signal.c                         0x00000000   Number         0  defsig_rtmem_outer.o ABSOLUTE
    ../clib/signal.s                         0x00000000   Number         0  defsig.o ABSOLUTE
    ../clib/stdlib.c                         0x00000000   Number         0  exit.o ABSOLUTE
    ../fplib/fpinit.s                        0x00000000   Number         0  fpinit.o ABSOLUTE
    ..\USER\Application\RingBuffer.c         0x00000000   Number         0  ringbuffer.o ABSOLUTE
    ..\USER\Application\UART_Receive.c       0x00000000   Number         0  uart_receive.o ABSOLUTE
    ..\USER\Bootloader\Bootloader.c          0x00000000   Number         0  bootloader.o ABSOLUTE
    ..\USER\Bootloader\MemoryInterface.c     0x00000000   Number         0  memoryinterface.o ABSOLUTE
    ..\USER\Bootloader\main.c                0x00000000   Number         0  main.o ABSOLUTE
    ..\USER\Common\Delay.c                   0x00000000   Number         0  delay.o ABSOLUTE
    ..\USER\Peripheral\Flash.c               0x00000000   Number         0  flash.o ABSOLUTE
    ..\USER\Peripheral\UART.c                0x00000000   Number         0  uart.o ABSOLUTE
    ..\\USER\\Application\\UART_Receive.c    0x00000000   Number         0  uart_receive.o ABSOLUTE
    ..\\USER\\Bootloader\\Bootloader.c       0x00000000   Number         0  bootloader.o ABSOLUTE
    ..\\USER\\Bootloader\\MemoryInterface.c  0x00000000   Number         0  memoryinterface.o ABSOLUTE
    ..\\USER\\Bootloader\\main.c             0x00000000   Number         0  main.o ABSOLUTE
    ..\\USER\\Common\\Delay.c                0x00000000   Number         0  delay.o ABSOLUTE
    ..\\USER\\Peripheral\\Flash.c            0x00000000   Number         0  flash.o ABSOLUTE
    ..\\USER\\Peripheral\\UART.c             0x00000000   Number         0  uart.o ABSOLUTE
    C:\Users\DuanLuong\AppData\Local\Arm\Packs\Keil\STM32F1xx_DFP\2.4.0\Device\StdPeriph_Driver\src\misc.c 0x00000000   Number         0  misc.o ABSOLUTE
    C:\Users\DuanLuong\AppData\Local\Arm\Packs\Keil\STM32F1xx_DFP\2.4.0\Device\StdPeriph_Driver\src\stm32f10x_flash.c 0x00000000   Number         0  stm32f10x_flash.o ABSOLUTE
    C:\Users\DuanLuong\AppData\Local\Arm\Packs\Keil\STM32F1xx_DFP\2.4.0\Device\StdPeriph_Driver\src\stm32f10x_gpio.c 0x00000000   Number         0  stm32f10x_gpio.o ABSOLUTE
    C:\Users\DuanLuong\AppData\Local\Arm\Packs\Keil\STM32F1xx_DFP\2.4.0\Device\StdPeriph_Driver\src\stm32f10x_rcc.c 0x00000000   Number         0  stm32f10x_rcc.o ABSOLUTE
    C:\Users\DuanLuong\AppData\Local\Arm\Packs\Keil\STM32F1xx_DFP\2.4.0\Device\StdPeriph_Driver\src\stm32f10x_usart.c 0x00000000   Number         0  stm32f10x_usart.o ABSOLUTE
    C:\\Users\\DuanLuong\\AppData\\Local\\Arm\\Packs\\Keil\\STM32F1xx_DFP\\2.4.0\\Device\\StdPeriph_Driver\\src\\misc.c 0x00000000   Number         0  misc.o ABSOLUTE
    C:\\Users\\DuanLuong\\AppData\\Local\\Arm\\Packs\\Keil\\STM32F1xx_DFP\\2.4.0\\Device\\StdPeriph_Driver\\src\\stm32f10x_flash.c 0x00000000   Number         0  stm32f10x_flash.o ABSOLUTE
    C:\\Users\\DuanLuong\\AppData\\Local\\Arm\\Packs\\Keil\\STM32F1xx_DFP\\2.4.0\\Device\\StdPeriph_Driver\\src\\stm32f10x_gpio.c 0x00000000   Number         0  stm32f10x_gpio.o ABSOLUTE
    C:\\Users\\DuanLuong\\AppData\\Local\\Arm\\Packs\\Keil\\STM32F1xx_DFP\\2.4.0\\Device\\StdPeriph_Driver\\src\\stm32f10x_rcc.c 0x00000000   Number         0  stm32f10x_rcc.o ABSOLUTE
    C:\\Users\\DuanLuong\\AppData\\Local\\Arm\\Packs\\Keil\\STM32F1xx_DFP\\2.4.0\\Device\\StdPeriph_Driver\\src\\stm32f10x_usart.c 0x00000000   Number         0  stm32f10x_usart.o ABSOLUTE
    RTE\Device\STM32F107VC\startup_stm32f10x_cl.s 0x00000000   Number         0  startup_stm32f10x_cl.o ABSOLUTE
    RTE\Device\STM32F107VC\system_stm32f10x.c 0x00000000   Number         0  system_stm32f10x.o ABSOLUTE
    RTE\\Device\\STM32F107VC\\system_stm32f10x.c 0x00000000   Number         0  system_stm32f10x.o ABSOLUTE
    dc.s                                     0x00000000   Number         0  dc.o ABSOLUTE
    RESET                                    0x08000000   Section      336  startup_stm32f10x_cl.o(RESET)
    !!!main                                  0x08000150   Section        8  __main.o(!!!main)
    !!!scatter                               0x08000158   Section       52  __scatter.o(!!!scatter)
    !!handler_copy                           0x0800018c   Section       26  __scatter_copy.o(!!handler_copy)
    !!handler_zi                             0x080001a8   Section       28  __scatter_zi.o(!!handler_zi)
    .ARM.Collect$$_printf_percent$$00000000  0x080001c4   Section        0  _printf_percent.o(.ARM.Collect$$_printf_percent$$00000000)
    .ARM.Collect$$_printf_percent$$00000009  0x080001c4   Section        6  _printf_d.o(.ARM.Collect$$_printf_percent$$00000009)
    .ARM.Collect$$_printf_percent$$0000000C  0x080001ca   Section        6  _printf_x.o(.ARM.Collect$$_printf_percent$$0000000C)
    .ARM.Collect$$_printf_percent$$00000017  0x080001d0   Section        4  _printf_percent_end.o(.ARM.Collect$$_printf_percent$$00000017)
    .ARM.Collect$$libinit$$00000000          0x080001d4   Section        2  libinit.o(.ARM.Collect$$libinit$$00000000)
    .ARM.Collect$$libinit$$00000002          0x080001d6   Section        0  libinit2.o(.ARM.Collect$$libinit$$00000002)
    .ARM.Collect$$libinit$$00000004          0x080001d6   Section        0  libinit2.o(.ARM.Collect$$libinit$$00000004)
    .ARM.Collect$$libinit$$0000000A          0x080001d6   Section        0  libinit2.o(.ARM.Collect$$libinit$$0000000A)
    .ARM.Collect$$libinit$$0000000C          0x080001d6   Section        0  libinit2.o(.ARM.Collect$$libinit$$0000000C)
    .ARM.Collect$$libinit$$0000000E          0x080001d6   Section        0  libinit2.o(.ARM.Collect$$libinit$$0000000E)
    .ARM.Collect$$libinit$$00000011          0x080001d6   Section        0  libinit2.o(.ARM.Collect$$libinit$$00000011)
    .ARM.Collect$$libinit$$00000013          0x080001d6   Section        0  libinit2.o(.ARM.Collect$$libinit$$00000013)
    .ARM.Collect$$libinit$$00000015          0x080001d6   Section        0  libinit2.o(.ARM.Collect$$libinit$$00000015)
    .ARM.Collect$$libinit$$00000017          0x080001d6   Section        0  libinit2.o(.ARM.Collect$$libinit$$00000017)
    .ARM.Collect$$libinit$$00000019          0x080001d6   Section        0  libinit2.o(.ARM.Collect$$libinit$$00000019)
    .ARM.Collect$$libinit$$0000001B          0x080001d6   Section        0  libinit2.o(.ARM.Collect$$libinit$$0000001B)
    .ARM.Collect$$libinit$$0000001D          0x080001d6   Section        0  libinit2.o(.ARM.Collect$$libinit$$0000001D)
    .ARM.Collect$$libinit$$0000001F          0x080001d6   Section        0  libinit2.o(.ARM.Collect$$libinit$$0000001F)
    .ARM.Collect$$libinit$$00000021          0x080001d6   Section        0  libinit2.o(.ARM.Collect$$libinit$$00000021)
    .ARM.Collect$$libinit$$00000023          0x080001d6   Section        0  libinit2.o(.ARM.Collect$$libinit$$00000023)
    .ARM.Collect$$libinit$$00000025          0x080001d6   Section        0  libinit2.o(.ARM.Collect$$libinit$$00000025)
    .ARM.Collect$$libinit$$0000002C          0x080001d6   Section        0  libinit2.o(.ARM.Collect$$libinit$$0000002C)
    .ARM.Collect$$libinit$$0000002E          0x080001d6   Section        0  libinit2.o(.ARM.Collect$$libinit$$0000002E)
    .ARM.Collect$$libinit$$00000030          0x080001d6   Section        0  libinit2.o(.ARM.Collect$$libinit$$00000030)
    .ARM.Collect$$libinit$$00000032          0x080001d6   Section        0  libinit2.o(.ARM.Collect$$libinit$$00000032)
    .ARM.Collect$$libinit$$00000033          0x080001d6   Section        2  libinit2.o(.ARM.Collect$$libinit$$00000033)
    .ARM.Collect$$libshutdown$$00000000      0x080001d8   Section        2  libshutdown.o(.ARM.Collect$$libshutdown$$00000000)
    .ARM.Collect$$libshutdown$$00000002      0x080001da   Section        0  libshutdown2.o(.ARM.Collect$$libshutdown$$00000002)
    .ARM.Collect$$libshutdown$$00000004      0x080001da   Section        0  libshutdown2.o(.ARM.Collect$$libshutdown$$00000004)
    .ARM.Collect$$libshutdown$$00000006      0x080001da   Section        0  libshutdown2.o(.ARM.Collect$$libshutdown$$00000006)
    .ARM.Collect$$libshutdown$$00000009      0x080001da   Section        0  libshutdown2.o(.ARM.Collect$$libshutdown$$00000009)
    .ARM.Collect$$libshutdown$$0000000C      0x080001da   Section        0  libshutdown2.o(.ARM.Collect$$libshutdown$$0000000C)
    .ARM.Collect$$libshutdown$$0000000E      0x080001da   Section        0  libshutdown2.o(.ARM.Collect$$libshutdown$$0000000E)
    .ARM.Collect$$libshutdown$$00000011      0x080001da   Section        0  libshutdown2.o(.ARM.Collect$$libshutdown$$00000011)
    .ARM.Collect$$libshutdown$$00000012      0x080001da   Section        2  libshutdown2.o(.ARM.Collect$$libshutdown$$00000012)
    .ARM.Collect$$rtentry$$00000000          0x080001dc   Section        0  __rtentry.o(.ARM.Collect$$rtentry$$00000000)
    .ARM.Collect$$rtentry$$00000002          0x080001dc   Section        0  __rtentry2.o(.ARM.Collect$$rtentry$$00000002)
    .ARM.Collect$$rtentry$$00000004          0x080001dc   Section        6  __rtentry4.o(.ARM.Collect$$rtentry$$00000004)
    .ARM.Collect$$rtentry$$00000009          0x080001e2   Section        0  __rtentry2.o(.ARM.Collect$$rtentry$$00000009)
    .ARM.Collect$$rtentry$$0000000A          0x080001e2   Section        4  __rtentry2.o(.ARM.Collect$$rtentry$$0000000A)
    .ARM.Collect$$rtentry$$0000000C          0x080001e6   Section        0  __rtentry2.o(.ARM.Collect$$rtentry$$0000000C)
    .ARM.Collect$$rtentry$$0000000D          0x080001e6   Section        8  __rtentry2.o(.ARM.Collect$$rtentry$$0000000D)
    .ARM.Collect$$rtexit$$00000000           0x080001ee   Section        2  rtexit.o(.ARM.Collect$$rtexit$$00000000)
    .ARM.Collect$$rtexit$$00000002           0x080001f0   Section        0  rtexit2.o(.ARM.Collect$$rtexit$$00000002)
    .ARM.Collect$$rtexit$$00000003           0x080001f0   Section        4  rtexit2.o(.ARM.Collect$$rtexit$$00000003)
    .ARM.Collect$$rtexit$$00000004           0x080001f4   Section        6  rtexit2.o(.ARM.Collect$$rtexit$$00000004)
    .text                                    0x080001fc   Section       64  startup_stm32f10x_cl.o(.text)
    .text                                    0x0800023c   Section        0  noretval__2printf.o(.text)
    .text                                    0x08000254   Section        0  __printf.o(.text)
    .text                                    0x080002bc   Section        0  _printf_dec.o(.text)
    .text                                    0x08000334   Section        0  _printf_hex_int.o(.text)
    .text                                    0x0800038c   Section      138  rt_memcpy_v6.o(.text)
    .text                                    0x08000416   Section        0  heapauxi.o(.text)
    .text                                    0x0800041c   Section        0  _printf_intcommon.o(.text)
    .text                                    0x080004d0   Section        0  _printf_char_file.o(.text)
    .text                                    0x080004f4   Section      100  rt_memcpy_w.o(.text)
    .text                                    0x08000558   Section        0  _printf_char_common.o(.text)
    _printf_input_char                       0x08000559   Thumb Code    10  _printf_char_common.o(.text)
    .text                                    0x08000588   Section       74  sys_stackheap_outer.o(.text)
    .text                                    0x080005d2   Section        0  exit.o(.text)
    .text                                    0x080005e4   Section        8  libspace.o(.text)
    .text                                    0x080005ec   Section        0  sys_exit.o(.text)
    .text                                    0x080005f8   Section        2  use_no_semi.o(.text)
    .text                                    0x080005fa   Section        0  indicate_semi.o(.text)
    i.Bootloader_CalCheckSum                 0x080005fc   Section        0  bootloader.o(i.Bootloader_CalCheckSum)
    Bootloader_CalCheckSum                   0x080005fd   Thumb Code   146  bootloader.o(i.Bootloader_CalCheckSum)
    i.Bootloader_CheckDiffVersion            0x0800069c   Section        0  bootloader.o(i.Bootloader_CheckDiffVersion)
    i.Bootloader_CopyTemp2Main               0x080006bc   Section        0  bootloader.o(i.Bootloader_CopyTemp2Main)
    i.Bootloader_Init                        0x08000718   Section        0  bootloader.o(i.Bootloader_Init)
    i.Bootloader_Processing                  0x08000720   Section        0  bootloader.o(i.Bootloader_Processing)
    i.FLASH_ErasePage                        0x08000818   Section        0  stm32f10x_flash.o(i.FLASH_ErasePage)
    i.FLASH_GetBank1Status                   0x08000864   Section        0  stm32f10x_flash.o(i.FLASH_GetBank1Status)
    i.FLASH_Lock                             0x08000898   Section        0  stm32f10x_flash.o(i.FLASH_Lock)
    i.FLASH_ProgramWord                      0x080008ac   Section        0  stm32f10x_flash.o(i.FLASH_ProgramWord)
    i.FLASH_Unlock                           0x08000918   Section        0  stm32f10x_flash.o(i.FLASH_Unlock)
    i.FLASH_WaitForLastOperation             0x08000930   Section        0  stm32f10x_flash.o(i.FLASH_WaitForLastOperation)
    i.Flash_InitData                         0x08000956   Section        0  flash.o(i.Flash_InitData)
    i.Flash_ReadBank                         0x08000958   Section        0  flash.o(i.Flash_ReadBank)
    i.Flash_ReadWord                         0x08000980   Section        0  flash.o(i.Flash_ReadWord)
    i.Flash_WriteBank                        0x08000986   Section        0  flash.o(i.Flash_WriteBank)
    i.Flash_WriteWord                        0x080009c4   Section        0  flash.o(i.Flash_WriteWord)
    i.Fn_DELAY_Init                          0x080009fc   Section        0  delay.o(i.Fn_DELAY_Init)
    i.GPIO_Init                              0x08000a3c   Section        0  stm32f10x_gpio.o(i.GPIO_Init)
    i.MemInterface_Init                      0x08000b52   Section        0  memoryinterface.o(i.MemInterface_Init)
    i.MemInterface_copyProgram               0x08000b5c   Section        0  memoryinterface.o(i.MemInterface_copyProgram)
    i.MemInterface_getCurrentVersion         0x08000c54   Section        0  memoryinterface.o(i.MemInterface_getCurrentVersion)
    i.MemInterface_getTempCRC                0x08000c68   Section        0  memoryinterface.o(i.MemInterface_getTempCRC)
    i.MemInterface_getTempFirmLength         0x08000c7c   Section        0  memoryinterface.o(i.MemInterface_getTempFirmLength)
    i.MemInterface_getTempVersion            0x08000c90   Section        0  memoryinterface.o(i.MemInterface_getTempVersion)
    i.MemInterface_setCurrentVersion         0x08000ca4   Section        0  memoryinterface.o(i.MemInterface_setCurrentVersion)
    i.MemInterface_writeProgram              0x08000cb8   Section        0  memoryinterface.o(i.MemInterface_writeProgram)
    i.NVIC_Init                              0x08000e6c   Section        0  misc.o(i.NVIC_Init)
    i.RCC_APB1PeriphClockCmd                 0x08000edc   Section        0  stm32f10x_rcc.o(i.RCC_APB1PeriphClockCmd)
    i.RCC_APB2PeriphClockCmd                 0x08000efc   Section        0  stm32f10x_rcc.o(i.RCC_APB2PeriphClockCmd)
    i.RCC_GetClocksFreq                      0x08000f1c   Section        0  stm32f10x_rcc.o(i.RCC_GetClocksFreq)
    i.SetSysClock                            0x080010ac   Section        0  system_stm32f10x.o(i.SetSysClock)
    SetSysClock                              0x080010ad   Thumb Code     8  system_stm32f10x.o(i.SetSysClock)
    i.SetSysClockTo72                        0x080010b4   Section        0  system_stm32f10x.o(i.SetSysClockTo72)
    SetSysClockTo72                          0x080010b5   Thumb Code   264  system_stm32f10x.o(i.SetSysClockTo72)
    i.SystemCoreClockUpdate                  0x080011cc   Section        0  system_stm32f10x.o(i.SystemCoreClockUpdate)
    i.SystemInit                             0x080012cc   Section        0  system_stm32f10x.o(i.SystemInit)
    i.UARTDebug_AddCallBack                  0x08001338   Section        0  uart.o(i.UARTDebug_AddCallBack)
    i.UARTDebug_Init                         0x08001384   Section        0  uart.o(i.UARTDebug_Init)
    i.UARTDebug_SendChar                     0x08001408   Section        0  uart.o(i.UARTDebug_SendChar)
    i.USART2_IRQHandler                      0x08001428   Section        0  uart.o(i.USART2_IRQHandler)
    i.USART_ClearFlag                        0x0800145c   Section        0  stm32f10x_usart.o(i.USART_ClearFlag)
    i.USART_ClearITPendingBit                0x0800146e   Section        0  stm32f10x_usart.o(i.USART_ClearITPendingBit)
    i.USART_Cmd                              0x0800148c   Section        0  stm32f10x_usart.o(i.USART_Cmd)
    i.USART_GetFlagStatus                    0x080014a4   Section        0  stm32f10x_usart.o(i.USART_GetFlagStatus)
    i.USART_ITConfig                         0x080014be   Section        0  stm32f10x_usart.o(i.USART_ITConfig)
    i.USART_Init                             0x08001508   Section        0  stm32f10x_usart.o(i.USART_Init)
    i.USART_ReceiveData                      0x080015e0   Section        0  stm32f10x_usart.o(i.USART_ReceiveData)
    i.USART_SendData                         0x080015ea   Section        0  stm32f10x_usart.o(i.USART_SendData)
    i.calculatedNbrBlocks                    0x080015f4   Section        0  memoryinterface.o(i.calculatedNbrBlocks)
    calculatedNbrBlocks                      0x080015f5   Thumb Code   104  memoryinterface.o(i.calculatedNbrBlocks)
    i.ferror                                 0x0800169c   Section        0  uart.o(i.ferror)
    i.fputc                                  0x080016a2   Section        0  uart.o(i.fputc)
    i.main                                   0x080016b4   Section        0  main.o(i.main)
    i.ringBuffer_Init                        0x080016e4   Section        0  ringbuffer.o(i.ringBuffer_Init)
    i.ringBuffer_Push                        0x08001730   Section        0  ringbuffer.o(i.ringBuffer_Push)
    i.uartReceive_Init                       0x0800176c   Section        0  uart_receive.o(i.uartReceive_Init)
    i.uartReceive_PushData                   0x08001784   Section        0  uart_receive.o(i.uartReceive_PushData)
    .constdata                               0x08001798   Section       40  _printf_hex_int.o(.constdata)
    uc_hextab                                0x08001798   Data          20  _printf_hex_int.o(.constdata)
    lc_hextab                                0x080017ac   Data          20  _printf_hex_int.o(.constdata)
    .conststring                             0x080017c0   Section       79  memoryinterface.o(.conststring)
    .data                                    0x20000000   Section        4  delay.o(.data)
    fac_us                                   0x20000000   Data           1  delay.o(.data)
    fac_ms                                   0x20000002   Data           2  delay.o(.data)
    .data                                    0x20000004   Section       16  uart.o(.data)
    GPIO_InitStructure                       0x20000004   Data           4  uart.o(.data)
    NVIC_InitStructure                       0x20000008   Data           4  uart.o(.data)
    callbackIrqFnc                           0x2000000c   Data           4  uart.o(.data)
    .data                                    0x20000014   Section       20  stm32f10x_rcc.o(.data)
    APBAHBPrescTable                         0x20000014   Data          16  stm32f10x_rcc.o(.data)
    ADCPrescTable                            0x20000024   Data           4  stm32f10x_rcc.o(.data)
    .data                                    0x20000028   Section       20  system_stm32f10x.o(.data)
    .bss                                     0x2000003c   Section     2048  flash.o(.bss)
    tmpReadData                              0x2000003c   Data        2048  flash.o(.bss)
    .bss                                     0x2000083c   Section       16  uart.o(.bss)
    USART_InitStructure                      0x2000083c   Data          16  uart.o(.bss)
    .bss                                     0x2000084c   Section     2048  bootloader.o(.bss)
    tmpDataBuffer                            0x2000084c   Data        2048  bootloader.o(.bss)
    .bss                                     0x2000104c   Section     4096  memoryinterface.o(.bss)
    tmpMemoryData                            0x2000104c   Data        2048  memoryinterface.o(.bss)
    tmpBackupData                            0x2000184c   Data        2048  memoryinterface.o(.bss)
    .bss                                     0x2000204c   Section     1052  uart_receive.o(.bss)
    uartDataBuffer                           0x2000204c   Data        1024  uart_receive.o(.bss)
    uartRingBuffer                           0x2000244c   Data          28  uart_receive.o(.bss)
    .bss                                     0x20002468   Section       96  libspace.o(.bss)
    HEAP                                     0x200024c8   Section      512  startup_stm32f10x_cl.o(HEAP)
    Heap_Mem                                 0x200024c8   Data         512  startup_stm32f10x_cl.o(HEAP)
    STACK                                    0x200026c8   Section     1024  startup_stm32f10x_cl.o(STACK)
    Stack_Mem                                0x200026c8   Data        1024  startup_stm32f10x_cl.o(STACK)
    __initial_sp                             0x20002ac8   Data           0  startup_stm32f10x_cl.o(STACK)

    Global Symbols

    Symbol Name                              Value     Ov Type        Size  Object(Section)

    BuildAttributes$$THM_ISAv4$P$D$K$B$S$PE$A:L22UL41UL21$X:L11$S22US41US21$IEEE1$IW$USESV6$~STKCKD$USESV7$~SHL$OSPACE$ROPI$EBA8$UX$STANDARDLIB$REQ8$PRES8$EABIv2 0x00000000   Number         0  anon$$obj.o ABSOLUTE
    __ARM_use_no_argv                        0x00000000   Number         0  main.o ABSOLUTE
    __ARM_exceptions_init                     - Undefined Weak Reference
    __alloca_initialize                       - Undefined Weak Reference
    __arm_fini_                               - Undefined Weak Reference
    __arm_preinit_                            - Undefined Weak Reference
    __cpp_initialize__aeabi_                  - Undefined Weak Reference
    __cxa_finalize                            - Undefined Weak Reference
    __rt_locale                               - Undefined Weak Reference
    __sigvec_lookup                           - Undefined Weak Reference
    _atexit_init                              - Undefined Weak Reference
    _call_atexit_fns                          - Undefined Weak Reference
    _clock_init                               - Undefined Weak Reference
    _fp_trap_init                             - Undefined Weak Reference
    _fp_trap_shutdown                         - Undefined Weak Reference
    _get_lc_collate                           - Undefined Weak Reference
    _get_lc_ctype                             - Undefined Weak Reference
    _get_lc_monetary                          - Undefined Weak Reference
    _get_lc_numeric                           - Undefined Weak Reference
    _get_lc_time                              - Undefined Weak Reference
    _getenv_init                              - Undefined Weak Reference
    _handle_redirection                       - Undefined Weak Reference
    _init_alloc                               - Undefined Weak Reference
    _init_user_alloc                          - Undefined Weak Reference
    _initio                                   - Undefined Weak Reference
    _printf_post_padding                      - Undefined Weak Reference
    _printf_pre_padding                       - Undefined Weak Reference
    _printf_truncate_signed                   - Undefined Weak Reference
    _printf_truncate_unsigned                 - Undefined Weak Reference
    _rand_init                                - Undefined Weak Reference
    _signal_finish                            - Undefined Weak Reference
    _signal_init                              - Undefined Weak Reference
    _terminate_alloc                          - Undefined Weak Reference
    _terminate_user_alloc                     - Undefined Weak Reference
    _terminateio                              - Undefined Weak Reference
    __Vectors_Size                           0x00000150   Number         0  startup_stm32f10x_cl.o ABSOLUTE
    __Vectors                                0x08000000   Data           4  startup_stm32f10x_cl.o(RESET)
    __Vectors_End                            0x08000150   Data           0  startup_stm32f10x_cl.o(RESET)
    __main                                   0x08000151   Thumb Code     8  __main.o(!!!main)
    __scatterload                            0x08000159   Thumb Code     0  __scatter.o(!!!scatter)
    __scatterload_rt2                        0x08000159   Thumb Code    44  __scatter.o(!!!scatter)
    __scatterload_rt2_thumb_only             0x08000159   Thumb Code     0  __scatter.o(!!!scatter)
    __scatterload_null                       0x08000167   Thumb Code     0  __scatter.o(!!!scatter)
    __scatterload_copy                       0x0800018d   Thumb Code    26  __scatter_copy.o(!!handler_copy)
    __scatterload_zeroinit                   0x080001a9   Thumb Code    28  __scatter_zi.o(!!handler_zi)
    _printf_d                                0x080001c5   Thumb Code     0  _printf_d.o(.ARM.Collect$$_printf_percent$$00000009)
    _printf_percent                          0x080001c5   Thumb Code     0  _printf_percent.o(.ARM.Collect$$_printf_percent$$00000000)
    _printf_x                                0x080001cb   Thumb Code     0  _printf_x.o(.ARM.Collect$$_printf_percent$$0000000C)
    _printf_percent_end                      0x080001d1   Thumb Code     0  _printf_percent_end.o(.ARM.Collect$$_printf_percent$$00000017)
    __rt_lib_init                            0x080001d5   Thumb Code     0  libinit.o(.ARM.Collect$$libinit$$00000000)
    __rt_lib_init_alloca_1                   0x080001d7   Thumb Code     0  libinit2.o(.ARM.Collect$$libinit$$0000002E)
    __rt_lib_init_argv_1                     0x080001d7   Thumb Code     0  libinit2.o(.ARM.Collect$$libinit$$0000002C)
    __rt_lib_init_atexit_1                   0x080001d7   Thumb Code     0  libinit2.o(.ARM.Collect$$libinit$$0000001B)
    __rt_lib_init_clock_1                    0x080001d7   Thumb Code     0  libinit2.o(.ARM.Collect$$libinit$$00000021)
    __rt_lib_init_cpp_1                      0x080001d7   Thumb Code     0  libinit2.o(.ARM.Collect$$libinit$$00000032)
    __rt_lib_init_exceptions_1               0x080001d7   Thumb Code     0  libinit2.o(.ARM.Collect$$libinit$$00000030)
    __rt_lib_init_fp_1                       0x080001d7   Thumb Code     0  libinit2.o(.ARM.Collect$$libinit$$00000002)
    __rt_lib_init_fp_trap_1                  0x080001d7   Thumb Code     0  libinit2.o(.ARM.Collect$$libinit$$0000001F)
    __rt_lib_init_getenv_1                   0x080001d7   Thumb Code     0  libinit2.o(.ARM.Collect$$libinit$$00000023)
    __rt_lib_init_heap_1                     0x080001d7   Thumb Code     0  libinit2.o(.ARM.Collect$$libinit$$0000000A)
    __rt_lib_init_lc_collate_1               0x080001d7   Thumb Code     0  libinit2.o(.ARM.Collect$$libinit$$00000011)
    __rt_lib_init_lc_ctype_1                 0x080001d7   Thumb Code     0  libinit2.o(.ARM.Collect$$libinit$$00000013)
    __rt_lib_init_lc_monetary_1              0x080001d7   Thumb Code     0  libinit2.o(.ARM.Collect$$libinit$$00000015)
    __rt_lib_init_lc_numeric_1               0x080001d7   Thumb Code     0  libinit2.o(.ARM.Collect$$libinit$$00000017)
    __rt_lib_init_lc_time_1                  0x080001d7   Thumb Code     0  libinit2.o(.ARM.Collect$$libinit$$00000019)
    __rt_lib_init_preinit_1                  0x080001d7   Thumb Code     0  libinit2.o(.ARM.Collect$$libinit$$00000004)
    __rt_lib_init_rand_1                     0x080001d7   Thumb Code     0  libinit2.o(.ARM.Collect$$libinit$$0000000E)
    __rt_lib_init_return                     0x080001d7   Thumb Code     0  libinit2.o(.ARM.Collect$$libinit$$00000033)
    __rt_lib_init_signal_1                   0x080001d7   Thumb Code     0  libinit2.o(.ARM.Collect$$libinit$$0000001D)
    __rt_lib_init_stdio_1                    0x080001d7   Thumb Code     0  libinit2.o(.ARM.Collect$$libinit$$00000025)
    __rt_lib_init_user_alloc_1               0x080001d7   Thumb Code     0  libinit2.o(.ARM.Collect$$libinit$$0000000C)
    __rt_lib_shutdown                        0x080001d9   Thumb Code     0  libshutdown.o(.ARM.Collect$$libshutdown$$00000000)
    __rt_lib_shutdown_cpp_1                  0x080001db   Thumb Code     0  libshutdown2.o(.ARM.Collect$$libshutdown$$00000004)
    __rt_lib_shutdown_fini_1                 0x080001db   Thumb Code     0  libshutdown2.o(.ARM.Collect$$libshutdown$$00000002)
    __rt_lib_shutdown_fp_trap_1              0x080001db   Thumb Code     0  libshutdown2.o(.ARM.Collect$$libshutdown$$00000009)
    __rt_lib_shutdown_heap_1                 0x080001db   Thumb Code     0  libshutdown2.o(.ARM.Collect$$libshutdown$$00000011)
    __rt_lib_shutdown_return                 0x080001db   Thumb Code     0  libshutdown2.o(.ARM.Collect$$libshutdown$$00000012)
    __rt_lib_shutdown_signal_1               0x080001db   Thumb Code     0  libshutdown2.o(.ARM.Collect$$libshutdown$$0000000C)
    __rt_lib_shutdown_stdio_1                0x080001db   Thumb Code     0  libshutdown2.o(.ARM.Collect$$libshutdown$$00000006)
    __rt_lib_shutdown_user_alloc_1           0x080001db   Thumb Code     0  libshutdown2.o(.ARM.Collect$$libshutdown$$0000000E)
    __rt_entry                               0x080001dd   Thumb Code     0  __rtentry.o(.ARM.Collect$$rtentry$$00000000)
    __rt_entry_presh_1                       0x080001dd   Thumb Code     0  __rtentry2.o(.ARM.Collect$$rtentry$$00000002)
    __rt_entry_sh                            0x080001dd   Thumb Code     0  __rtentry4.o(.ARM.Collect$$rtentry$$00000004)
    __rt_entry_li                            0x080001e3   Thumb Code     0  __rtentry2.o(.ARM.Collect$$rtentry$$0000000A)
    __rt_entry_postsh_1                      0x080001e3   Thumb Code     0  __rtentry2.o(.ARM.Collect$$rtentry$$00000009)
    __rt_entry_main                          0x080001e7   Thumb Code     0  __rtentry2.o(.ARM.Collect$$rtentry$$0000000D)
    __rt_entry_postli_1                      0x080001e7   Thumb Code     0  __rtentry2.o(.ARM.Collect$$rtentry$$0000000C)
    __rt_exit                                0x080001ef   Thumb Code     0  rtexit.o(.ARM.Collect$$rtexit$$00000000)
    __rt_exit_ls                             0x080001f1   Thumb Code     0  rtexit2.o(.ARM.Collect$$rtexit$$00000003)
    __rt_exit_prels_1                        0x080001f1   Thumb Code     0  rtexit2.o(.ARM.Collect$$rtexit$$00000002)
    __rt_exit_exit                           0x080001f5   Thumb Code     0  rtexit2.o(.ARM.Collect$$rtexit$$00000004)
    Reset_Handler                            0x080001fd   Thumb Code     8  startup_stm32f10x_cl.o(.text)
    NMI_Handler                              0x08000205   Thumb Code     2  startup_stm32f10x_cl.o(.text)
    HardFault_Handler                        0x08000207   Thumb Code     2  startup_stm32f10x_cl.o(.text)
    MemManage_Handler                        0x08000209   Thumb Code     2  startup_stm32f10x_cl.o(.text)
    BusFault_Handler                         0x0800020b   Thumb Code     2  startup_stm32f10x_cl.o(.text)
    UsageFault_Handler                       0x0800020d   Thumb Code     2  startup_stm32f10x_cl.o(.text)
    SVC_Handler                              0x0800020f   Thumb Code     2  startup_stm32f10x_cl.o(.text)
    DebugMon_Handler                         0x08000211   Thumb Code     2  startup_stm32f10x_cl.o(.text)
    PendSV_Handler                           0x08000213   Thumb Code     2  startup_stm32f10x_cl.o(.text)
    SysTick_Handler                          0x08000215   Thumb Code     2  startup_stm32f10x_cl.o(.text)
    ADC1_2_IRQHandler                        0x08000217   Thumb Code     0  startup_stm32f10x_cl.o(.text)
    CAN1_RX0_IRQHandler                      0x08000217   Thumb Code     0  startup_stm32f10x_cl.o(.text)
    CAN1_RX1_IRQHandler                      0x08000217   Thumb Code     0  startup_stm32f10x_cl.o(.text)
    CAN1_SCE_IRQHandler                      0x08000217   Thumb Code     0  startup_stm32f10x_cl.o(.text)
    CAN1_TX_IRQHandler                       0x08000217   Thumb Code     0  startup_stm32f10x_cl.o(.text)
    CAN2_RX0_IRQHandler                      0x08000217   Thumb Code     0  startup_stm32f10x_cl.o(.text)
    CAN2_RX1_IRQHandler                      0x08000217   Thumb Code     0  startup_stm32f10x_cl.o(.text)
    CAN2_SCE_IRQHandler                      0x08000217   Thumb Code     0  startup_stm32f10x_cl.o(.text)
    CAN2_TX_IRQHandler                       0x08000217   Thumb Code     0  startup_stm32f10x_cl.o(.text)
    DMA1_Channel1_IRQHandler                 0x08000217   Thumb Code     0  startup_stm32f10x_cl.o(.text)
    DMA1_Channel2_IRQHandler                 0x08000217   Thumb Code     0  startup_stm32f10x_cl.o(.text)
    DMA1_Channel3_IRQHandler                 0x08000217   Thumb Code     0  startup_stm32f10x_cl.o(.text)
    DMA1_Channel4_IRQHandler                 0x08000217   Thumb Code     0  startup_stm32f10x_cl.o(.text)
    DMA1_Channel5_IRQHandler                 0x08000217   Thumb Code     0  startup_stm32f10x_cl.o(.text)
    DMA1_Channel6_IRQHandler                 0x08000217   Thumb Code     0  startup_stm32f10x_cl.o(.text)
    DMA1_Channel7_IRQHandler                 0x08000217   Thumb Code     0  startup_stm32f10x_cl.o(.text)
    DMA2_Channel1_IRQHandler                 0x08000217   Thumb Code     0  startup_stm32f10x_cl.o(.text)
    DMA2_Channel2_IRQHandler                 0x08000217   Thumb Code     0  startup_stm32f10x_cl.o(.text)
    DMA2_Channel3_IRQHandler                 0x08000217   Thumb Code     0  startup_stm32f10x_cl.o(.text)
    DMA2_Channel4_IRQHandler                 0x08000217   Thumb Code     0  startup_stm32f10x_cl.o(.text)
    DMA2_Channel5_IRQHandler                 0x08000217   Thumb Code     0  startup_stm32f10x_cl.o(.text)
    ETH_IRQHandler                           0x08000217   Thumb Code     0  startup_stm32f10x_cl.o(.text)
    ETH_WKUP_IRQHandler                      0x08000217   Thumb Code     0  startup_stm32f10x_cl.o(.text)
    EXTI0_IRQHandler                         0x08000217   Thumb Code     0  startup_stm32f10x_cl.o(.text)
    EXTI15_10_IRQHandler                     0x08000217   Thumb Code     0  startup_stm32f10x_cl.o(.text)
    EXTI1_IRQHandler                         0x08000217   Thumb Code     0  startup_stm32f10x_cl.o(.text)
    EXTI2_IRQHandler                         0x08000217   Thumb Code     0  startup_stm32f10x_cl.o(.text)
    EXTI3_IRQHandler                         0x08000217   Thumb Code     0  startup_stm32f10x_cl.o(.text)
    EXTI4_IRQHandler                         0x08000217   Thumb Code     0  startup_stm32f10x_cl.o(.text)
    EXTI9_5_IRQHandler                       0x08000217   Thumb Code     0  startup_stm32f10x_cl.o(.text)
    FLASH_IRQHandler                         0x08000217   Thumb Code     0  startup_stm32f10x_cl.o(.text)
    I2C1_ER_IRQHandler                       0x08000217   Thumb Code     0  startup_stm32f10x_cl.o(.text)
    I2C1_EV_IRQHandler                       0x08000217   Thumb Code     0  startup_stm32f10x_cl.o(.text)
    I2C2_ER_IRQHandler                       0x08000217   Thumb Code     0  startup_stm32f10x_cl.o(.text)
    I2C2_EV_IRQHandler                       0x08000217   Thumb Code     0  startup_stm32f10x_cl.o(.text)
    OTG_FS_IRQHandler                        0x08000217   Thumb Code     0  startup_stm32f10x_cl.o(.text)
    OTG_FS_WKUP_IRQHandler                   0x08000217   Thumb Code     0  startup_stm32f10x_cl.o(.text)
    PVD_IRQHandler                           0x08000217   Thumb Code     0  startup_stm32f10x_cl.o(.text)
    RCC_IRQHandler                           0x08000217   Thumb Code     0  startup_stm32f10x_cl.o(.text)
    RTCAlarm_IRQHandler                      0x08000217   Thumb Code     0  startup_stm32f10x_cl.o(.text)
    RTC_IRQHandler                           0x08000217   Thumb Code     0  startup_stm32f10x_cl.o(.text)
    SPI1_IRQHandler                          0x08000217   Thumb Code     0  startup_stm32f10x_cl.o(.text)
    SPI2_IRQHandler                          0x08000217   Thumb Code     0  startup_stm32f10x_cl.o(.text)
    SPI3_IRQHandler                          0x08000217   Thumb Code     0  startup_stm32f10x_cl.o(.text)
    TAMPER_IRQHandler                        0x08000217   Thumb Code     0  startup_stm32f10x_cl.o(.text)
    TIM1_BRK_IRQHandler                      0x08000217   Thumb Code     0  startup_stm32f10x_cl.o(.text)
    TIM1_CC_IRQHandler                       0x08000217   Thumb Code     0  startup_stm32f10x_cl.o(.text)
    TIM1_TRG_COM_IRQHandler                  0x08000217   Thumb Code     0  startup_stm32f10x_cl.o(.text)
    TIM1_UP_IRQHandler                       0x08000217   Thumb Code     0  startup_stm32f10x_cl.o(.text)
    TIM2_IRQHandler                          0x08000217   Thumb Code     0  startup_stm32f10x_cl.o(.text)
    TIM3_IRQHandler                          0x08000217   Thumb Code     0  startup_stm32f10x_cl.o(.text)
    TIM4_IRQHandler                          0x08000217   Thumb Code     0  startup_stm32f10x_cl.o(.text)
    TIM5_IRQHandler                          0x08000217   Thumb Code     0  startup_stm32f10x_cl.o(.text)
    TIM6_IRQHandler                          0x08000217   Thumb Code     0  startup_stm32f10x_cl.o(.text)
    TIM7_IRQHandler                          0x08000217   Thumb Code     0  startup_stm32f10x_cl.o(.text)
    UART4_IRQHandler                         0x08000217   Thumb Code     0  startup_stm32f10x_cl.o(.text)
    UART5_IRQHandler                         0x08000217   Thumb Code     0  startup_stm32f10x_cl.o(.text)
    USART1_IRQHandler                        0x08000217   Thumb Code     0  startup_stm32f10x_cl.o(.text)
    USART3_IRQHandler                        0x08000217   Thumb Code     0  startup_stm32f10x_cl.o(.text)
    WWDG_IRQHandler                          0x08000217   Thumb Code     0  startup_stm32f10x_cl.o(.text)
    __user_initial_stackheap                 0x08000219   Thumb Code     0  startup_stm32f10x_cl.o(.text)
    __2printf                                0x0800023d   Thumb Code    20  noretval__2printf.o(.text)
    __printf                                 0x08000255   Thumb Code   104  __printf.o(.text)
    _printf_int_dec                          0x080002bd   Thumb Code   104  _printf_dec.o(.text)
    _printf_int_hex                          0x08000335   Thumb Code    84  _printf_hex_int.o(.text)
    _printf_longlong_hex                     0x08000335   Thumb Code     0  _printf_hex_int.o(.text)
    __aeabi_memcpy                           0x0800038d   Thumb Code     0  rt_memcpy_v6.o(.text)
    __rt_memcpy                              0x0800038d   Thumb Code   138  rt_memcpy_v6.o(.text)
    _memcpy_lastbytes                        0x080003f3   Thumb Code     0  rt_memcpy_v6.o(.text)
    __use_two_region_memory                  0x08000417   Thumb Code     2  heapauxi.o(.text)
    __rt_heap_escrow$2region                 0x08000419   Thumb Code     2  heapauxi.o(.text)
    __rt_heap_expand$2region                 0x0800041b   Thumb Code     2  heapauxi.o(.text)
    _printf_int_common                       0x0800041d   Thumb Code   178  _printf_intcommon.o(.text)
    _printf_char_file                        0x080004d1   Thumb Code    32  _printf_char_file.o(.text)
    __aeabi_memcpy4                          0x080004f5   Thumb Code     0  rt_memcpy_w.o(.text)
    __aeabi_memcpy8                          0x080004f5   Thumb Code     0  rt_memcpy_w.o(.text)
    __rt_memcpy_w                            0x080004f5   Thumb Code   100  rt_memcpy_w.o(.text)
    _memcpy_lastbytes_aligned                0x0800053d   Thumb Code     0  rt_memcpy_w.o(.text)
    _printf_char_common                      0x08000563   Thumb Code    32  _printf_char_common.o(.text)
    __user_setup_stackheap                   0x08000589   Thumb Code    74  sys_stackheap_outer.o(.text)
    exit                                     0x080005d3   Thumb Code    18  exit.o(.text)
    __user_libspace                          0x080005e5   Thumb Code     8  libspace.o(.text)
    __user_perproc_libspace                  0x080005e5   Thumb Code     0  libspace.o(.text)
    __user_perthread_libspace                0x080005e5   Thumb Code     0  libspace.o(.text)
    _sys_exit                                0x080005ed   Thumb Code     8  sys_exit.o(.text)
    __I$use$semihosting                      0x080005f9   Thumb Code     0  use_no_semi.o(.text)
    __use_no_semihosting_swi                 0x080005f9   Thumb Code     2  use_no_semi.o(.text)
    __semihosting_library_function           0x080005fb   Thumb Code     0  indicate_semi.o(.text)
    Bootloader_CheckDiffVersion              0x0800069d   Thumb Code    30  bootloader.o(i.Bootloader_CheckDiffVersion)
    Bootloader_CopyTemp2Main                 0x080006bd   Thumb Code    82  bootloader.o(i.Bootloader_CopyTemp2Main)
    Bootloader_Init                          0x08000719   Thumb Code     8  bootloader.o(i.Bootloader_Init)
    Bootloader_Processing                    0x08000721   Thumb Code   118  bootloader.o(i.Bootloader_Processing)
    FLASH_ErasePage                          0x08000819   Thumb Code    72  stm32f10x_flash.o(i.FLASH_ErasePage)
    FLASH_GetBank1Status                     0x08000865   Thumb Code    48  stm32f10x_flash.o(i.FLASH_GetBank1Status)
    FLASH_Lock                               0x08000899   Thumb Code    14  stm32f10x_flash.o(i.FLASH_Lock)
    FLASH_ProgramWord                        0x080008ad   Thumb Code   102  stm32f10x_flash.o(i.FLASH_ProgramWord)
    FLASH_Unlock                             0x08000919   Thumb Code    12  stm32f10x_flash.o(i.FLASH_Unlock)
    FLASH_WaitForLastOperation               0x08000931   Thumb Code    38  stm32f10x_flash.o(i.FLASH_WaitForLastOperation)
    Flash_InitData                           0x08000957   Thumb Code     2  flash.o(i.Flash_InitData)
    Flash_ReadBank                           0x08000959   Thumb Code    40  flash.o(i.Flash_ReadBank)
    Flash_ReadWord                           0x08000981   Thumb Code     6  flash.o(i.Flash_ReadWord)
    Flash_WriteBank                          0x08000987   Thumb Code    60  flash.o(i.Flash_WriteBank)
    Flash_WriteWord                          0x080009c5   Thumb Code    52  flash.o(i.Flash_WriteWord)
    Fn_DELAY_Init                            0x080009fd   Thumb Code    56  delay.o(i.Fn_DELAY_Init)
    GPIO_Init                                0x08000a3d   Thumb Code   278  stm32f10x_gpio.o(i.GPIO_Init)
    MemInterface_Init                        0x08000b53   Thumb Code     8  memoryinterface.o(i.MemInterface_Init)
    MemInterface_copyProgram                 0x08000b5d   Thumb Code   170  memoryinterface.o(i.MemInterface_copyProgram)
    MemInterface_getCurrentVersion           0x08000c55   Thumb Code    14  memoryinterface.o(i.MemInterface_getCurrentVersion)
    MemInterface_getTempCRC                  0x08000c69   Thumb Code    14  memoryinterface.o(i.MemInterface_getTempCRC)
    MemInterface_getTempFirmLength           0x08000c7d   Thumb Code    14  memoryinterface.o(i.MemInterface_getTempFirmLength)
    MemInterface_getTempVersion              0x08000c91   Thumb Code    14  memoryinterface.o(i.MemInterface_getTempVersion)
    MemInterface_setCurrentVersion           0x08000ca5   Thumb Code    14  memoryinterface.o(i.MemInterface_setCurrentVersion)
    MemInterface_writeProgram                0x08000cb9   Thumb Code   300  memoryinterface.o(i.MemInterface_writeProgram)
    NVIC_Init                                0x08000e6d   Thumb Code   100  misc.o(i.NVIC_Init)
    RCC_APB1PeriphClockCmd                   0x08000edd   Thumb Code    26  stm32f10x_rcc.o(i.RCC_APB1PeriphClockCmd)
    RCC_APB2PeriphClockCmd                   0x08000efd   Thumb Code    26  stm32f10x_rcc.o(i.RCC_APB2PeriphClockCmd)
    RCC_GetClocksFreq                        0x08000f1d   Thumb Code   374  stm32f10x_rcc.o(i.RCC_GetClocksFreq)
    SystemCoreClockUpdate                    0x080011cd   Thumb Code   232  system_stm32f10x.o(i.SystemCoreClockUpdate)
    SystemInit                               0x080012cd   Thumb Code    92  system_stm32f10x.o(i.SystemInit)
    UARTDebug_AddCallBack                    0x08001339   Thumb Code    68  uart.o(i.UARTDebug_AddCallBack)
    UARTDebug_Init                           0x08001385   Thumb Code   114  uart.o(i.UARTDebug_Init)
    UARTDebug_SendChar                       0x08001409   Thumb Code    28  uart.o(i.UARTDebug_SendChar)
    USART2_IRQHandler                        0x08001429   Thumb Code    42  uart.o(i.USART2_IRQHandler)
    USART_ClearFlag                          0x0800145d   Thumb Code    18  stm32f10x_usart.o(i.USART_ClearFlag)
    USART_ClearITPendingBit                  0x0800146f   Thumb Code    30  stm32f10x_usart.o(i.USART_ClearITPendingBit)
    USART_Cmd                                0x0800148d   Thumb Code    24  stm32f10x_usart.o(i.USART_Cmd)
    USART_GetFlagStatus                      0x080014a5   Thumb Code    26  stm32f10x_usart.o(i.USART_GetFlagStatus)
    USART_ITConfig                           0x080014bf   Thumb Code    74  stm32f10x_usart.o(i.USART_ITConfig)
    USART_Init                               0x08001509   Thumb Code   210  stm32f10x_usart.o(i.USART_Init)
    USART_ReceiveData                        0x080015e1   Thumb Code    10  stm32f10x_usart.o(i.USART_ReceiveData)
    USART_SendData                           0x080015eb   Thumb Code     8  stm32f10x_usart.o(i.USART_SendData)
    ferror                                   0x0800169d   Thumb Code     6  uart.o(i.ferror)
    fputc                                    0x080016a3   Thumb Code    16  uart.o(i.fputc)
    main                                     0x080016b5   Thumb Code    44  main.o(i.main)
    ringBuffer_Init                          0x080016e5   Thumb Code    52  ringbuffer.o(i.ringBuffer_Init)
    ringBuffer_Push                          0x08001731   Thumb Code    58  ringbuffer.o(i.ringBuffer_Push)
    uartReceive_Init                         0x0800176d   Thumb Code    16  uart_receive.o(i.uartReceive_Init)
    uartReceive_PushData                     0x08001785   Thumb Code    14  uart_receive.o(i.uartReceive_PushData)
    Region$$Table$$Base                      0x08001810   Number         0  anon$$obj.o(Region$$Table)
    Region$$Table$$Limit                     0x08001830   Number         0  anon$$obj.o(Region$$Table)
    __stdout                                 0x20000010   Data           4  uart.o(.data)
    SystemCoreClock                          0x20000028   Data           4  system_stm32f10x.o(.data)
    AHBPrescTable                            0x2000002c   Data          16  system_stm32f10x.o(.data)
    __libspace_start                         0x20002468   Data          96  libspace.o(.bss)
    __temporary_stack_top$libspace           0x200024c8   Data           0  libspace.o(.bss)



==============================================================================

Memory Map of the image

  Image Entry point : 0x08000151

  Load Region LR_IROM1 (Base: 0x08000000, Size: 0x0000186c, Max: 0x00002000, ABSOLUTE)

    Execution Region ER_IROM1 (Exec base: 0x08000000, Load base: 0x08000000, Size: 0x00001830, Max: 0x00002000, ABSOLUTE)

    Exec Addr    Load Addr    Size         Type   Attr      Idx    E Section Name        Object

    0x08000000   0x08000000   0x00000150   Data   RO         1446    RESET               startup_stm32f10x_cl.o
    0x08000150   0x08000150   0x00000008   Code   RO         1555  * !!!main             c_w.l(__main.o)
    0x08000158   0x08000158   0x00000034   Code   RO         1725    !!!scatter          c_w.l(__scatter.o)
    0x0800018c   0x0800018c   0x0000001a   Code   RO         1727    !!handler_copy      c_w.l(__scatter_copy.o)
    0x080001a6   0x080001a6   0x00000002   PAD
    0x080001a8   0x080001a8   0x0000001c   Code   RO         1729    !!handler_zi        c_w.l(__scatter_zi.o)
    0x080001c4   0x080001c4   0x00000000   Code   RO         1550    .ARM.Collect$$_printf_percent$$00000000  c_w.l(_printf_percent.o)
    0x080001c4   0x080001c4   0x00000006   Code   RO         1549    .ARM.Collect$$_printf_percent$$00000009  c_w.l(_printf_d.o)
    0x080001ca   0x080001ca   0x00000006   Code   RO         1548    .ARM.Collect$$_printf_percent$$0000000C  c_w.l(_printf_x.o)
    0x080001d0   0x080001d0   0x00000004   Code   RO         1562    .ARM.Collect$$_printf_percent$$00000017  c_w.l(_printf_percent_end.o)
    0x080001d4   0x080001d4   0x00000002   Code   RO         1593    .ARM.Collect$$libinit$$00000000  c_w.l(libinit.o)
    0x080001d6   0x080001d6   0x00000000   Code   RO         1600    .ARM.Collect$$libinit$$00000002  c_w.l(libinit2.o)
    0x080001d6   0x080001d6   0x00000000   Code   RO         1602    .ARM.Collect$$libinit$$00000004  c_w.l(libinit2.o)
    0x080001d6   0x080001d6   0x00000000   Code   RO         1605    .ARM.Collect$$libinit$$0000000A  c_w.l(libinit2.o)
    0x080001d6   0x080001d6   0x00000000   Code   RO         1607    .ARM.Collect$$libinit$$0000000C  c_w.l(libinit2.o)
    0x080001d6   0x080001d6   0x00000000   Code   RO         1609    .ARM.Collect$$libinit$$0000000E  c_w.l(libinit2.o)
    0x080001d6   0x080001d6   0x00000000   Code   RO         1612    .ARM.Collect$$libinit$$00000011  c_w.l(libinit2.o)
    0x080001d6   0x080001d6   0x00000000   Code   RO         1614    .ARM.Collect$$libinit$$00000013  c_w.l(libinit2.o)
    0x080001d6   0x080001d6   0x00000000   Code   RO         1616    .ARM.Collect$$libinit$$00000015  c_w.l(libinit2.o)
    0x080001d6   0x080001d6   0x00000000   Code   RO         1618    .ARM.Collect$$libinit$$00000017  c_w.l(libinit2.o)
    0x080001d6   0x080001d6   0x00000000   Code   RO         1620    .ARM.Collect$$libinit$$00000019  c_w.l(libinit2.o)
    0x080001d6   0x080001d6   0x00000000   Code   RO         1622    .ARM.Collect$$libinit$$0000001B  c_w.l(libinit2.o)
    0x080001d6   0x080001d6   0x00000000   Code   RO         1624    .ARM.Collect$$libinit$$0000001D  c_w.l(libinit2.o)
    0x080001d6   0x080001d6   0x00000000   Code   RO         1626    .ARM.Collect$$libinit$$0000001F  c_w.l(libinit2.o)
    0x080001d6   0x080001d6   0x00000000   Code   RO         1628    .ARM.Collect$$libinit$$00000021  c_w.l(libinit2.o)
    0x080001d6   0x080001d6   0x00000000   Code   RO         1630    .ARM.Collect$$libinit$$00000023  c_w.l(libinit2.o)
    0x080001d6   0x080001d6   0x00000000   Code   RO         1632    .ARM.Collect$$libinit$$00000025  c_w.l(libinit2.o)
    0x080001d6   0x080001d6   0x00000000   Code   RO         1636    .ARM.Collect$$libinit$$0000002C  c_w.l(libinit2.o)
    0x080001d6   0x080001d6   0x00000000   Code   RO         1638    .ARM.Collect$$libinit$$0000002E  c_w.l(libinit2.o)
    0x080001d6   0x080001d6   0x00000000   Code   RO         1640    .ARM.Collect$$libinit$$00000030  c_w.l(libinit2.o)
    0x080001d6   0x080001d6   0x00000000   Code   RO         1642    .ARM.Collect$$libinit$$00000032  c_w.l(libinit2.o)
    0x080001d6   0x080001d6   0x00000002   Code   RO         1643    .ARM.Collect$$libinit$$00000033  c_w.l(libinit2.o)
    0x080001d8   0x080001d8   0x00000002   Code   RO         1663    .ARM.Collect$$libshutdown$$00000000  c_w.l(libshutdown.o)
    0x080001da   0x080001da   0x00000000   Code   RO         1676    .ARM.Collect$$libshutdown$$00000002  c_w.l(libshutdown2.o)
    0x080001da   0x080001da   0x00000000   Code   RO         1678    .ARM.Collect$$libshutdown$$00000004  c_w.l(libshutdown2.o)
    0x080001da   0x080001da   0x00000000   Code   RO         1680    .ARM.Collect$$libshutdown$$00000006  c_w.l(libshutdown2.o)
    0x080001da   0x080001da   0x00000000   Code   RO         1683    .ARM.Collect$$libshutdown$$00000009  c_w.l(libshutdown2.o)
    0x080001da   0x080001da   0x00000000   Code   RO         1686    .ARM.Collect$$libshutdown$$0000000C  c_w.l(libshutdown2.o)
    0x080001da   0x080001da   0x00000000   Code   RO         1688    .ARM.Collect$$libshutdown$$0000000E  c_w.l(libshutdown2.o)
    0x080001da   0x080001da   0x00000000   Code   RO         1691    .ARM.Collect$$libshutdown$$00000011  c_w.l(libshutdown2.o)
    0x080001da   0x080001da   0x00000002   Code   RO         1692    .ARM.Collect$$libshutdown$$00000012  c_w.l(libshutdown2.o)
    0x080001dc   0x080001dc   0x00000000   Code   RO         1557    .ARM.Collect$$rtentry$$00000000  c_w.l(__rtentry.o)
    0x080001dc   0x080001dc   0x00000000   Code   RO         1566    .ARM.Collect$$rtentry$$00000002  c_w.l(__rtentry2.o)
    0x080001dc   0x080001dc   0x00000006   Code   RO         1578    .ARM.Collect$$rtentry$$00000004  c_w.l(__rtentry4.o)
    0x080001e2   0x080001e2   0x00000000   Code   RO         1568    .ARM.Collect$$rtentry$$00000009  c_w.l(__rtentry2.o)
    0x080001e2   0x080001e2   0x00000004   Code   RO         1569    .ARM.Collect$$rtentry$$0000000A  c_w.l(__rtentry2.o)
    0x080001e6   0x080001e6   0x00000000   Code   RO         1571    .ARM.Collect$$rtentry$$0000000C  c_w.l(__rtentry2.o)
    0x080001e6   0x080001e6   0x00000008   Code   RO         1572    .ARM.Collect$$rtentry$$0000000D  c_w.l(__rtentry2.o)
    0x080001ee   0x080001ee   0x00000002   Code   RO         1597    .ARM.Collect$$rtexit$$00000000  c_w.l(rtexit.o)
    0x080001f0   0x080001f0   0x00000000   Code   RO         1645    .ARM.Collect$$rtexit$$00000002  c_w.l(rtexit2.o)
    0x080001f0   0x080001f0   0x00000004   Code   RO         1646    .ARM.Collect$$rtexit$$00000003  c_w.l(rtexit2.o)
    0x080001f4   0x080001f4   0x00000006   Code   RO         1647    .ARM.Collect$$rtexit$$00000004  c_w.l(rtexit2.o)
    0x080001fa   0x080001fa   0x00000002   PAD
    0x080001fc   0x080001fc   0x00000040   Code   RO         1447    .text               startup_stm32f10x_cl.o
    0x0800023c   0x0800023c   0x00000018   Code   RO         1501    .text               c_w.l(noretval__2printf.o)
    0x08000254   0x08000254   0x00000068   Code   RO         1503    .text               c_w.l(__printf.o)
    0x080002bc   0x080002bc   0x00000078   Code   RO         1505    .text               c_w.l(_printf_dec.o)
    0x08000334   0x08000334   0x00000058   Code   RO         1510    .text               c_w.l(_printf_hex_int.o)
    0x0800038c   0x0800038c   0x0000008a   Code   RO         1551    .text               c_w.l(rt_memcpy_v6.o)
    0x08000416   0x08000416   0x00000006   Code   RO         1553    .text               c_w.l(heapauxi.o)
    0x0800041c   0x0800041c   0x000000b2   Code   RO         1558    .text               c_w.l(_printf_intcommon.o)
    0x080004ce   0x080004ce   0x00000002   PAD
    0x080004d0   0x080004d0   0x00000024   Code   RO         1560    .text               c_w.l(_printf_char_file.o)
    0x080004f4   0x080004f4   0x00000064   Code   RO         1563    .text               c_w.l(rt_memcpy_w.o)
    0x08000558   0x08000558   0x00000030   Code   RO         1580    .text               c_w.l(_printf_char_common.o)
    0x08000588   0x08000588   0x0000004a   Code   RO         1582    .text               c_w.l(sys_stackheap_outer.o)
    0x080005d2   0x080005d2   0x00000012   Code   RO         1586    .text               c_w.l(exit.o)
    0x080005e4   0x080005e4   0x00000008   Code   RO         1594    .text               c_w.l(libspace.o)
    0x080005ec   0x080005ec   0x0000000c   Code   RO         1655    .text               c_w.l(sys_exit.o)
    0x080005f8   0x080005f8   0x00000002   Code   RO         1666    .text               c_w.l(use_no_semi.o)
    0x080005fa   0x080005fa   0x00000000   Code   RO         1668    .text               c_w.l(indicate_semi.o)
    0x080005fa   0x080005fa   0x00000002   PAD
    0x080005fc   0x080005fc   0x000000a0   Code   RO          309    i.Bootloader_CalCheckSum  bootloader.o
    0x0800069c   0x0800069c   0x0000001e   Code   RO          310    i.Bootloader_CheckDiffVersion  bootloader.o
    0x080006ba   0x080006ba   0x00000002   PAD
    0x080006bc   0x080006bc   0x0000005c   Code   RO          311    i.Bootloader_CopyTemp2Main  bootloader.o
    0x08000718   0x08000718   0x00000008   Code   RO          314    i.Bootloader_Init   bootloader.o
    0x08000720   0x08000720   0x000000f8   Code   RO          315    i.Bootloader_Processing  bootloader.o
    0x08000818   0x08000818   0x0000004c   Code   RO          682    i.FLASH_ErasePage   stm32f10x_flash.o
    0x08000864   0x08000864   0x00000034   Code   RO          683    i.FLASH_GetBank1Status  stm32f10x_flash.o
    0x08000898   0x08000898   0x00000014   Code   RO          692    i.FLASH_Lock        stm32f10x_flash.o
    0x080008ac   0x080008ac   0x0000006c   Code   RO          697    i.FLASH_ProgramWord  stm32f10x_flash.o
    0x08000918   0x08000918   0x00000018   Code   RO          700    i.FLASH_Unlock      stm32f10x_flash.o
    0x08000930   0x08000930   0x00000026   Code   RO          704    i.FLASH_WaitForLastOperation  stm32f10x_flash.o
    0x08000956   0x08000956   0x00000002   Code   RO          104    i.Flash_InitData    flash.o
    0x08000958   0x08000958   0x00000028   Code   RO          105    i.Flash_ReadBank    flash.o
    0x08000980   0x08000980   0x00000006   Code   RO          106    i.Flash_ReadWord    flash.o
    0x08000986   0x08000986   0x0000003c   Code   RO          107    i.Flash_WriteBank   flash.o
    0x080009c2   0x080009c2   0x00000002   PAD
    0x080009c4   0x080009c4   0x00000038   Code   RO          108    i.Flash_WriteWord   flash.o
    0x080009fc   0x080009fc   0x00000040   Code   RO            4    i.Fn_DELAY_Init     delay.o
    0x08000a3c   0x08000a3c   0x00000116   Code   RO          869    i.GPIO_Init         stm32f10x_gpio.o
    0x08000b52   0x08000b52   0x00000008   Code   RO          394    i.MemInterface_Init  memoryinterface.o
    0x08000b5a   0x08000b5a   0x00000002   PAD
    0x08000b5c   0x08000b5c   0x000000f8   Code   RO          395    i.MemInterface_copyProgram  memoryinterface.o
    0x08000c54   0x08000c54   0x00000014   Code   RO          398    i.MemInterface_getCurrentVersion  memoryinterface.o
    0x08000c68   0x08000c68   0x00000014   Code   RO          399    i.MemInterface_getTempCRC  memoryinterface.o
    0x08000c7c   0x08000c7c   0x00000014   Code   RO          400    i.MemInterface_getTempFirmLength  memoryinterface.o
    0x08000c90   0x08000c90   0x00000014   Code   RO          401    i.MemInterface_getTempVersion  memoryinterface.o
    0x08000ca4   0x08000ca4   0x00000014   Code   RO          404    i.MemInterface_setCurrentVersion  memoryinterface.o
    0x08000cb8   0x08000cb8   0x000001b4   Code   RO          408    i.MemInterface_writeProgram  memoryinterface.o
    0x08000e6c   0x08000e6c   0x00000070   Code   RO          629    i.NVIC_Init         misc.o
    0x08000edc   0x08000edc   0x00000020   Code   RO          992    i.RCC_APB1PeriphClockCmd  stm32f10x_rcc.o
    0x08000efc   0x08000efc   0x00000020   Code   RO          994    i.RCC_APB2PeriphClockCmd  stm32f10x_rcc.o
    0x08000f1c   0x08000f1c   0x00000190   Code   RO         1002    i.RCC_GetClocksFreq  stm32f10x_rcc.o
    0x080010ac   0x080010ac   0x00000008   Code   RO         1454    i.SetSysClock       system_stm32f10x.o
    0x080010b4   0x080010b4   0x00000118   Code   RO         1455    i.SetSysClockTo72   system_stm32f10x.o
    0x080011cc   0x080011cc   0x00000100   Code   RO         1456    i.SystemCoreClockUpdate  system_stm32f10x.o
    0x080012cc   0x080012cc   0x0000006c   Code   RO         1457    i.SystemInit        system_stm32f10x.o
    0x08001338   0x08001338   0x0000004c   Code   RO          170    i.UARTDebug_AddCallBack  uart.o
    0x08001384   0x08001384   0x00000084   Code   RO          171    i.UARTDebug_Init    uart.o
    0x08001408   0x08001408   0x00000020   Code   RO          172    i.UARTDebug_SendChar  uart.o
    0x08001428   0x08001428   0x00000034   Code   RO          174    i.USART2_IRQHandler  uart.o
    0x0800145c   0x0800145c   0x00000012   Code   RO         1255    i.USART_ClearFlag   stm32f10x_usart.o
    0x0800146e   0x0800146e   0x0000001e   Code   RO         1256    i.USART_ClearITPendingBit  stm32f10x_usart.o
    0x0800148c   0x0800148c   0x00000018   Code   RO         1259    i.USART_Cmd         stm32f10x_usart.o
    0x080014a4   0x080014a4   0x0000001a   Code   RO         1262    i.USART_GetFlagStatus  stm32f10x_usart.o
    0x080014be   0x080014be   0x0000004a   Code   RO         1265    i.USART_ITConfig    stm32f10x_usart.o
    0x08001508   0x08001508   0x000000d8   Code   RO         1266    i.USART_Init        stm32f10x_usart.o
    0x080015e0   0x080015e0   0x0000000a   Code   RO         1273    i.USART_ReceiveData  stm32f10x_usart.o
    0x080015ea   0x080015ea   0x00000008   Code   RO         1276    i.USART_SendData    stm32f10x_usart.o
    0x080015f2   0x080015f2   0x00000002   PAD
    0x080015f4   0x080015f4   0x000000a8   Code   RO          409    i.calculatedNbrBlocks  memoryinterface.o
    0x0800169c   0x0800169c   0x00000006   Code   RO          175    i.ferror            uart.o
    0x080016a2   0x080016a2   0x00000010   Code   RO          176    i.fputc             uart.o
    0x080016b2   0x080016b2   0x00000002   PAD
    0x080016b4   0x080016b4   0x00000030   Code   RO          245    i.main              main.o
    0x080016e4   0x080016e4   0x0000004c   Code   RO          518    i.ringBuffer_Init   ringbuffer.o
    0x08001730   0x08001730   0x0000003a   Code   RO          522    i.ringBuffer_Push   ringbuffer.o
    0x0800176a   0x0800176a   0x00000002   PAD
    0x0800176c   0x0800176c   0x00000018   Code   RO          581    i.uartReceive_Init  uart_receive.o
    0x08001784   0x08001784   0x00000014   Code   RO          582    i.uartReceive_PushData  uart_receive.o
    0x08001798   0x08001798   0x00000028   Data   RO         1511    .constdata          c_w.l(_printf_hex_int.o)
    0x080017c0   0x080017c0   0x0000004f   Data   RO          411    .conststring        memoryinterface.o
    0x0800180f   0x0800180f   0x00000001   PAD
    0x08001810   0x08001810   0x00000020   Data   RO         1723    Region$$Table       anon$$obj.o


    Execution Region RW_IRAM1 (Exec base: 0x20000000, Load base: 0x08001830, Size: 0x00002ac8, Max: 0x00010000, ABSOLUTE)

    Exec Addr    Load Addr    Size         Type   Attr      Idx    E Section Name        Object

    0x20000000   0x08001830   0x00000004   Data   RW            9    .data               delay.o
    0x20000004   0x08001834   0x00000010   Data   RW          178    .data               uart.o
    0x20000014   0x08001844   0x00000014   Data   RW         1030    .data               stm32f10x_rcc.o
    0x20000028   0x08001858   0x00000014   Data   RW         1458    .data               system_stm32f10x.o
    0x2000003c        -       0x00000800   Zero   RW          109    .bss                flash.o
    0x2000083c        -       0x00000010   Zero   RW          177    .bss                uart.o
    0x2000084c        -       0x00000800   Zero   RW          317    .bss                bootloader.o
    0x2000104c        -       0x00001000   Zero   RW          410    .bss                memoryinterface.o
    0x2000204c        -       0x0000041c   Zero   RW          583    .bss                uart_receive.o
    0x20002468        -       0x00000060   Zero   RW         1595    .bss                c_w.l(libspace.o)
    0x200024c8        -       0x00000200   Zero   RW         1445    HEAP                startup_stm32f10x_cl.o
    0x200026c8        -       0x00000400   Zero   RW         1444    STACK               startup_stm32f10x_cl.o


==============================================================================

Image component sizes


      Code (inc. data)   RO Data    RW Data    ZI Data      Debug   Object Name

       538        154          0          0       2048      29426   bootloader.o
        64          8          0          4          0     263164   delay.o
       164          4          0          0       2048       3695   flash.o
        48          4          0          0          0       1159   main.o
       960        308         79          0       4096       7086   memoryinterface.o
       112         12          0          0          0       1376   misc.o
       134         24          0          0          0       3976   ringbuffer.o
        64         26        336          0       1536        840   startup_stm32f10x_cl.o
       318         32          0          0          0       5518   stm32f10x_flash.o
       278          0          0          0          0       2316   stm32f10x_gpio.o
       464         38          0         20          0       5754   stm32f10x_rcc.o
       406          6          0          0          0       7525   stm32f10x_usart.o
       652         56          0         20          0       3349   system_stm32f10x.o
       314         40          0         16         16      30808   uart.o
        44         14          0          0       1052       3570   uart_receive.o

    ----------------------------------------------------------------------
      4572        726        448         60      10796     369562   Object Totals
         0          0         32          0          0          0   (incl. Generated)
        12          0          1          0          0          0   (incl. Padding)

    ----------------------------------------------------------------------

      Code (inc. data)   RO Data    RW Data    ZI Data      Debug   Library Member Name

         8          0          0          0          0         68   __main.o
       104          0          0          0          0         84   __printf.o
         0          0          0          0          0          0   __rtentry.o
        12          0          0          0          0          0   __rtentry2.o
         6          0          0          0          0          0   __rtentry4.o
        52          8          0          0          0          0   __scatter.o
        26          0          0          0          0          0   __scatter_copy.o
        28          0          0          0          0          0   __scatter_zi.o
        48          6          0          0          0         96   _printf_char_common.o
        36          4          0          0          0         80   _printf_char_file.o
         6          0          0          0          0          0   _printf_d.o
       120         16          0          0          0         92   _printf_dec.o
        88          4         40          0          0         88   _printf_hex_int.o
       178          0          0          0          0         88   _printf_intcommon.o
         0          0          0          0          0          0   _printf_percent.o
         4          0          0          0          0          0   _printf_percent_end.o
         6          0          0          0          0          0   _printf_x.o
        18          0          0          0          0         80   exit.o
         6          0          0          0          0        152   heapauxi.o
         0          0          0          0          0          0   indicate_semi.o
         2          0          0          0          0          0   libinit.o
         2          0          0          0          0          0   libinit2.o
         2          0          0          0          0          0   libshutdown.o
         2          0          0          0          0          0   libshutdown2.o
         8          4          0          0         96         68   libspace.o
        24          4          0          0          0         84   noretval__2printf.o
       138          0          0          0          0         68   rt_memcpy_v6.o
       100          0          0          0          0         80   rt_memcpy_w.o
         2          0          0          0          0          0   rtexit.o
        10          0          0          0          0          0   rtexit2.o
        12          4          0          0          0         68   sys_exit.o
        74          0          0          0          0         80   sys_stackheap_outer.o
         2          0          0          0          0         68   use_no_semi.o

    ----------------------------------------------------------------------
      1132         50         40          0         96       1344   Library Totals
         8          0          0          0          0          0   (incl. Padding)

    ----------------------------------------------------------------------

      Code (inc. data)   RO Data    RW Data    ZI Data      Debug   Library Name

      1124         50         40          0         96       1344   c_w.l

    ----------------------------------------------------------------------
      1132         50         40          0         96       1344   Library Totals

    ----------------------------------------------------------------------

==============================================================================


      Code (inc. data)   RO Data    RW Data    ZI Data      Debug   

      5704        776        488         60      10892     367678   Grand Totals
      5704        776        488         60      10892     367678   ELF Image Totals
      5704        776        488         60          0          0   ROM Totals

==============================================================================

    Total RO  Size (Code + RO Data)                 6192 (   6.05kB)
    Total RW  Size (RW Data + ZI Data)             10952 (  10.70kB)
    Total ROM Size (Code + RO Data + RW Data)       6252 (   6.11kB)

==============================================================================

