Component: ARM Compiler 5.06 update 7 (build 960) Tool: armlink [4d3601]

==============================================================================

Section Cross References

    delay.o(i.Fn_DELAY_Init) refers to delay.o(.data) for fac_us
    delay.o(i.Fn_DELAY_ms) refers to delay.o(.data) for fac_ms
    delay.o(i.Fn_DELAY_us) refers to delay.o(.data) for fac_us
    flash.o(i.Flash_WriteBank) refers to stm32f10x_flash.o(i.FLASH_Unlock) for FLASH_Unlock
    flash.o(i.Flash_WriteBank) refers to stm32f10x_flash.o(i.FLASH_ErasePage) for FLASH_ErasePage
    flash.o(i.Flash_WriteBank) refers to stm32f10x_flash.o(i.FLASH_ProgramWord) for FLASH_ProgramWord
    flash.o(i.Flash_WriteBank) refers to stm32f10x_flash.o(i.FLASH_Lock) for FLASH_Lock
    flash.o(i.Flash_WriteWord) refers to flash.o(i.Flash_ReadBank) for Flash_ReadBank
    flash.o(i.Flash_WriteWord) refers to flash.o(i.Flash_WriteBank) for Flash_WriteBank
    flash.o(i.Flash_WriteWord) refers to flash.o(.bss) for tmpReadData
    uart.o(i.UARTDebug_AddCallBack) refers to misc.o(i.NVIC_Init) for NVIC_Init
    uart.o(i.UARTDebug_AddCallBack) refers to uart.o(.data) for callbackIrqFnc
    uart.o(i.UARTDebug_Init) refers to stm32f10x_rcc.o(i.RCC_APB1PeriphClockCmd) for RCC_APB1PeriphClockCmd
    uart.o(i.UARTDebug_Init) refers to stm32f10x_rcc.o(i.RCC_APB2PeriphClockCmd) for RCC_APB2PeriphClockCmd
    uart.o(i.UARTDebug_Init) refers to stm32f10x_gpio.o(i.GPIO_Init) for GPIO_Init
    uart.o(i.UARTDebug_Init) refers to stm32f10x_usart.o(i.USART_Init) for USART_Init
    uart.o(i.UARTDebug_Init) refers to stm32f10x_usart.o(i.USART_ClearFlag) for USART_ClearFlag
    uart.o(i.UARTDebug_Init) refers to stm32f10x_usart.o(i.USART_ITConfig) for USART_ITConfig
    uart.o(i.UARTDebug_Init) refers to stm32f10x_usart.o(i.USART_Cmd) for USART_Cmd
    uart.o(i.UARTDebug_Init) refers to uart.o(.data) for GPIO_InitStructure
    uart.o(i.UARTDebug_Init) refers to uart.o(.bss) for USART_InitStructure
    uart.o(i.UARTDebug_SendChar) refers to stm32f10x_usart.o(i.USART_SendData) for USART_SendData
    uart.o(i.UARTDebug_SendChar) refers to stm32f10x_usart.o(i.USART_GetFlagStatus) for USART_GetFlagStatus
    uart.o(i.UARTDebug_SendString) refers to uart.o(i.UARTDebug_SendChar) for UARTDebug_SendChar
    uart.o(i.USART2_IRQHandler) refers to stm32f10x_usart.o(i.USART_GetFlagStatus) for USART_GetFlagStatus
    uart.o(i.USART2_IRQHandler) refers to stm32f10x_usart.o(i.USART_ReceiveData) for USART_ReceiveData
    uart.o(i.USART2_IRQHandler) refers to stm32f10x_usart.o(i.USART_ClearITPendingBit) for USART_ClearITPendingBit
    uart.o(i.USART2_IRQHandler) refers to uart.o(.data) for callbackIrqFnc
    uart.o(i.fputc) refers to uart.o(i.UARTDebug_SendChar) for UARTDebug_SendChar
    main.o(i.main) refers to system_stm32f10x.o(i.SystemInit) for SystemInit
    main.o(i.main) refers to system_stm32f10x.o(i.SystemCoreClockUpdate) for SystemCoreClockUpdate
    main.o(i.main) refers to delay.o(i.Fn_DELAY_Init) for Fn_DELAY_Init
    main.o(i.main) refers to uart.o(i.UARTDebug_Init) for UARTDebug_Init
    main.o(i.main) refers to uart_receive.o(i.uartReceive_Init) for uartReceive_Init
    main.o(i.main) refers to uart.o(i.UARTDebug_AddCallBack) for UARTDebug_AddCallBack
    main.o(i.main) refers to noretval__2printf.o(.text) for __2printf
    main.o(i.main) refers to bootloader.o(i.Bootloader_Init) for Bootloader_Init
    main.o(i.main) refers to bootloader.o(i.Bootloader_Processing) for Bootloader_Processing
    main.o(i.main) refers to uart_ota.o(i.UART_OTA_Init) for UART_OTA_Init
    main.o(i.main) refers to ringbuffer.o(i.ringBuffer_Pop) for ringBuffer_Pop
    main.o(i.main) refers to bootloader.o(i.Bootloader_RunProgram) for Bootloader_RunProgram
    main.o(i.main) refers to uart_ota.o(i.UART_OTA_Process) for UART_OTA_Process
    main.o(i.main) refers to uart_ota.o(i.UART_OTA_onLoop) for UART_OTA_onLoop
    main.o(i.main) refers to delay.o(i.Fn_DELAY_ms) for Fn_DELAY_ms
    main.o(i.main) refers to uart_receive.o(i.uartReceive_PushData) for uartReceive_PushData
    main.o(i.main) refers to uart_receive.o(.bss) for guartRingBuffer
    bootloader.o(i.Bootloader_CalCheckSum) refers to _printf_percent.o(.ARM.Collect$$_printf_percent$$00000000) for _printf_percent
    bootloader.o(i.Bootloader_CalCheckSum) refers to _printf_d.o(.ARM.Collect$$_printf_percent$$00000009) for _printf_d
    bootloader.o(i.Bootloader_CalCheckSum) refers to _printf_dec.o(.text) for _printf_int_dec
    bootloader.o(i.Bootloader_CalCheckSum) refers to flash.o(i.Flash_ReadWord) for Flash_ReadWord
    bootloader.o(i.Bootloader_CalCheckSum) refers to noretval__2printf.o(.text) for __2printf
    bootloader.o(i.Bootloader_CalCheckSum) refers to flash.o(i.Flash_ReadBank) for Flash_ReadBank
    bootloader.o(i.Bootloader_CalCheckSum) refers to bootloader.o(.bss) for tmpDataBuffer
[...]
    Removing stm32f10x_flash.o(i.FLASH_UserOptionByteConfig), (104 bytes).
    Removing stm32f10x_flash.o(i.FLASH_WaitForLastBank1Operation), (38 bytes).
    Removing stm32f10x_gpio.o(.rev16_text), (4 bytes).
    Removing stm32f10x_gpio.o(.revsh_text), (4 bytes).
    Removing stm32f10x_gpio.o(.rrx_text), (6 bytes).
    Removing stm32f10x_gpio.o(i.GPIO_AFIODeInit), (20 bytes).
    Removing stm32f10x_gpio.o(i.GPIO_DeInit), (200 bytes).
    Removing stm32f10x_gpio.o(i.GPIO_ETH_MediaInterfaceConfig), (12 bytes).
    Removing stm32f10x_gpio.o(i.GPIO_EXTILineConfig), (64 bytes).
    Removing stm32f10x_gpio.o(i.GPIO_EventOutputCmd), (12 bytes).
    Removing stm32f10x_gpio.o(i.GPIO_EventOutputConfig), (32 bytes).
    Removing stm32f10x_gpio.o(i.GPIO_PinLockConfig), (18 bytes).
    Removing stm32f10x_gpio.o(i.GPIO_PinRemapConfig), (144 bytes).
    Removing stm32f10x_gpio.o(i.GPIO_ReadInputData), (8 bytes).
    Removing stm32f10x_gpio.o(i.GPIO_ReadInputDataBit), (18 bytes).
    Removing stm32f10x_gpio.o(i.GPIO_ReadOutputData), (8 bytes).
    Removing stm32f10x_gpio.o(i.GPIO_ReadOutputDataBit), (18 bytes).
    Removing stm32f10x_gpio.o(i.GPIO_ResetBits), (4 bytes).
    Removing stm32f10x_gpio.o(i.GPIO_SetBits), (4 bytes).
    Removing stm32f10x_gpio.o(i.GPIO_StructInit), (16 bytes).
    Removing stm32f10x_gpio.o(i.GPIO_Write), (4 bytes).
    Removing stm32f10x_gpio.o(i.GPIO_WriteBit), (10 bytes).
    Removing stm32f10x_rcc.o(.rev16_text), (4 bytes).
    Removing stm32f10x_rcc.o(.revsh_text), (4 bytes).
    Removing stm32f10x_rcc.o(.rrx_text), (6 bytes).
    Removing stm32f10x_rcc.o(i.RCC_ADCCLKConfig), (24 bytes).
    Removing stm32f10x_rcc.o(i.RCC_AHBPeriphClockCmd), (32 bytes).
    Removing stm32f10x_rcc.o(i.RCC_AHBPeriphResetCmd), (32 bytes).
    Removing stm32f10x_rcc.o(i.RCC_APB1PeriphResetCmd), (32 bytes).
    Removing stm32f10x_rcc.o(i.RCC_APB2PeriphResetCmd), (32 bytes).
    Removing stm32f10x_rcc.o(i.RCC_AdjustHSICalibrationValue), (24 bytes).
    Removing stm32f10x_rcc.o(i.RCC_BackupResetCmd), (12 bytes).
    Removing stm32f10x_rcc.o(i.RCC_ClearFlag), (20 bytes).
    Removing stm32f10x_rcc.o(i.RCC_ClearITPendingBit), (12 bytes).
    Removing stm32f10x_rcc.o(i.RCC_ClockSecuritySystemCmd), (12 bytes).
    Removing stm32f10x_rcc.o(i.RCC_DeInit), (92 bytes).
    Removing stm32f10x_rcc.o(i.RCC_GetFlagStatus), (60 bytes).
    Removing stm32f10x_rcc.o(i.RCC_GetITStatus), (24 bytes).
    Removing stm32f10x_rcc.o(i.RCC_GetSYSCLKSource), (16 bytes).
    Removing stm32f10x_rcc.o(i.RCC_HCLKConfig), (24 bytes).
    Removing stm32f10x_rcc.o(i.RCC_HSEConfig), (76 bytes).
    Removing stm32f10x_rcc.o(i.RCC_HSICmd), (12 bytes).
    Removing stm32f10x_rcc.o(i.RCC_I2S2CLKConfig), (12 bytes).
    Removing stm32f10x_rcc.o(i.RCC_I2S3CLKConfig), (12 bytes).
    Removing stm32f10x_rcc.o(i.RCC_ITConfig), (32 bytes).
    Removing stm32f10x_rcc.o(i.RCC_LSEConfig), (52 bytes).
    Removing stm32f10x_rcc.o(i.RCC_LSICmd), (12 bytes).
    Removing stm32f10x_rcc.o(i.RCC_MCOConfig), (12 bytes).
    Removing stm32f10x_rcc.o(i.RCC_OTGFSCLKConfig), (12 bytes).
    Removing stm32f10x_rcc.o(i.RCC_PCLK1Config), (24 bytes).
    Removing stm32f10x_rcc.o(i.RCC_PCLK2Config), (24 bytes).
    Removing stm32f10x_rcc.o(i.RCC_PLL2Cmd), (12 bytes).
    Removing stm32f10x_rcc.o(i.RCC_PLL2Config), (24 bytes).
    Removing stm32f10x_rcc.o(i.RCC_PLL3Cmd), (12 bytes).
    Removing stm32f10x_rcc.o(i.RCC_PLL3Config), (24 bytes).
    Removing stm32f10x_rcc.o(i.RCC_PLLCmd), (12 bytes).
    Removing stm32f10x_rcc.o(i.RCC_PLLConfig), (28 bytes).
    Removing stm32f10x_rcc.o(i.RCC_PREDIV1Config), (32 bytes).
    Removing stm32f10x_rcc.o(i.RCC_PREDIV2Config), (24 bytes).
    Removing stm32f10x_rcc.o(i.RCC_RTCCLKCmd), (12 bytes).
    Removing stm32f10x_rcc.o(i.RCC_RTCCLKConfig), (16 bytes).
    Removing stm32f10x_rcc.o(i.RCC_SYSCLKConfig), (24 bytes).
    Removing stm32f10x_rcc.o(i.RCC_WaitForHSEStartUp), (56 bytes).
    Removing stm32f10x_usart.o(.rev16_text), (4 bytes).
    Removing stm32f10x_usart.o(.revsh_text), (4 bytes).
    Removing stm32f10x_usart.o(.rrx_text), (6 bytes).
    Removing stm32f10x_usart.o(i.USART_ClockInit), (34 bytes).
    Removing stm32f10x_usart.o(i.USART_ClockStructInit), (12 bytes).
    Removing stm32f10x_usart.o(i.USART_DMACmd), (18 bytes).
    Removing stm32f10x_usart.o(i.USART_DeInit), (156 bytes).
    Removing stm32f10x_usart.o(i.USART_GetITStatus), (84 bytes).
    Removing stm32f10x_usart.o(i.USART_HalfDuplexCmd), (24 bytes).
    Removing stm32f10x_usart.o(i.USART_IrDACmd), (24 bytes).
    Removing stm32f10x_usart.o(i.USART_IrDAConfig), (18 bytes).
    Removing stm32f10x_usart.o(i.USART_LINBreakDetectLengthConfig), (18 bytes).
    Removing stm32f10x_usart.o(i.USART_LINCmd), (24 bytes).
    Removing stm32f10x_usart.o(i.USART_OneBitMethodCmd), (24 bytes).
    Removing stm32f10x_usart.o(i.USART_OverSampling8Cmd), (22 bytes).
    Removing stm32f10x_usart.o(i.USART_ReceiverWakeUpCmd), (24 bytes).
    Removing stm32f10x_usart.o(i.USART_SendBreak), (10 bytes).
    Removing stm32f10x_usart.o(i.USART_SetAddress), (18 bytes).
    Removing stm32f10x_usart.o(i.USART_SetGuardTime), (16 bytes).
    Removing stm32f10x_usart.o(i.USART_SetPrescaler), (16 bytes).
    Removing stm32f10x_usart.o(i.USART_SmartCardCmd), (24 bytes).
    Removing stm32f10x_usart.o(i.USART_SmartCardNACKCmd), (24 bytes).
    Removing stm32f10x_usart.o(i.USART_StructInit), (24 bytes).
    Removing stm32f10x_usart.o(i.USART_WakeUpConfig), (18 bytes).
    Removing system_stm32f10x.o(.rev16_text), (4 bytes).
    Removing system_stm32f10x.o(.revsh_text), (4 bytes).
    Removing system_stm32f10x.o(.rrx_text), (6 bytes).

158 unused section(s) (total 4102 bytes) removed from the image.

==============================================================================

Image Symbol Table

    Local Symbols

    Symbol Name                              Value     Ov Type        Size  Object(Section)

    ../clib/angel/boardlib.s                 0x00000000   Number         0  boardinit2.o ABSOLUTE
    ../clib/angel/boardlib.s                 0x00000000   Number         0  boardshut.o ABSOLUTE
    ../clib/angel/boardlib.s                 0x00000000   Number         0  boardinit3.o ABSOLUTE
    ../clib/angel/boardlib.s                 0x00000000   Number         0  boardinit1.o ABSOLUTE
    ../clib/angel/handlers.s                 0x00000000   Number         0  __scatter_zi.o ABSOLUTE
    ../clib/angel/handlers.s                 0x00000000   Number         0  __scatter_copy.o ABSOLUTE
    ../clib/angel/kernel.s                   0x00000000   Number         0  rtexit2.o ABSOLUTE
    ../clib/angel/kernel.s                   0x00000000   Number         0  __rtentry4.o ABSOLUTE
    ../clib/angel/kernel.s                   0x00000000   Number         0  __rtentry2.o ABSOLUTE
    ../clib/angel/kernel.s                   0x00000000   Number         0  __rtentry.o ABSOLUTE
    ../clib/angel/kernel.s                   0x00000000   Number         0  rtexit.o ABSOLUTE
    ../clib/angel/rt.s                       0x00000000   Number         0  rt_raise.o ABSOLUTE
    ../clib/angel/scatter.s                  0x00000000   Number         0  __scatter.o ABSOLUTE
    ../clib/angel/startup.s                  0x00000000   Number         0  __main.o ABSOLUTE
    ../clib/angel/sys.s                      0x00000000   Number         0  use_no_semi.o ABSOLUTE
    ../clib/angel/sys.s                      0x00000000   Number         0  sys_stackheap_outer.o ABSOLUTE
    ../clib/angel/sys.s                      0x00000000   Number         0  indicate_semi.o ABSOLUTE
    ../clib/angel/sys.s                      0x00000000   Number         0  libspace.o ABSOLUTE
    ../clib/angel/sysapp.c                   0x00000000   Number         0  sys_exit.o ABSOLUTE
    ../clib/angel/sysapp.c                   0x00000000   Number         0  sys_wrch.o ABSOLUTE
    ../clib/angel/sysapp.c                   0x00000000   Number         0  sys_command.o ABSOLUTE
    ../clib/armsys.c                         0x00000000   Number         0  argv_veneer.o ABSOLUTE
    ../clib/armsys.c                         0x00000000   Number         0  argv_veneer.o ABSOLUTE
    ../clib/armsys.c                         0x00000000   Number         0  _get_argv_nomalloc.o ABSOLUTE
    ../clib/armsys.c                         0x00000000   Number         0  no_argv.o ABSOLUTE
    ../clib/heapalloc.c                      0x00000000   Number         0  hrguard.o ABSOLUTE
    ../clib/heapaux.c                        0x00000000   Number         0  heapauxi.o ABSOLUTE
    ../clib/libinit.s                        0x00000000   Number         0  libinit2.o ABSOLUTE
    ../clib/libinit.s                        0x00000000   Number         0  libshutdown2.o ABSOLUTE
    ../clib/libinit.s                        0x00000000   Number         0  libshutdown.o ABSOLUTE
    ../clib/libinit.s                        0x00000000   Number         0  libinit.o ABSOLUTE
    ../clib/memcpset.s                       0x00000000   Number         0  rt_memcpy_v6.o ABSOLUTE
    ../clib/memcpset.s                       0x00000000   Number         0  rt_memcpy_w.o ABSOLUTE
    ../clib/misc.s                           0x00000000   Number         0  printf_stubs.o ABSOLUTE
    ../clib/printf.c                         0x00000000   Number         0  __printf_flags_ss_wp.o ABSOLUTE
    ../clib/printf.c                         0x00000000   Number         0  __printf_nopercent.o ABSOLUTE
    ../clib/printf.c                         0x00000000   Number         0  _printf_intcommon.o ABSOLUTE
    ../clib/printf.c                         0x00000000   Number         0  _printf_char_file.o ABSOLUTE
    ../clib/printf.c                         0x00000000   Number         0  _printf_hex_int_ll.o ABSOLUTE
    ../clib/printf.c                         0x00000000   Number         0  _printf_hex_ll.o ABSOLUTE
    ../clib/printf.c                         0x00000000   Number         0  _printf_char_common.o ABSOLUTE
    ../clib/printf.c                         0x00000000   Number         0  __2printf.o ABSOLUTE
    ../clib/printf.c                         0x00000000   Number         0  noretval__2printf.o ABSOLUTE
    ../clib/printf.c                         0x00000000   Number         0  __printf.o ABSOLUTE
    ../clib/printf.c                         0x00000000   Number         0  _printf_pad.o ABSOLUTE
    ../clib/printf.c                         0x00000000   Number         0  _printf_dec.o ABSOLUTE
    ../clib/printf.c                         0x00000000   Number         0  _printf_hex_int.o ABSOLUTE
    ../clib/printf.c                         0x00000000   Number         0  _printf_hex_ptr.o ABSOLUTE
    ../clib/printf.c                         0x00000000   Number         0  _printf_hex_int_ptr.o ABSOLUTE
    ../clib/printf.c                         0x00000000   Number         0  _printf_hex_ll_ptr.o ABSOLUTE
    ../clib/printf.c                         0x00000000   Number         0  _printf_hex_int_ll_ptr.o ABSOLUTE
    ../clib/printf.c                         0x00000000   Number         0  __printf_flags.o ABSOLUTE
    ../clib/printf.c                         0x00000000   Number         0  __printf_ss.o ABSOLUTE
    ../clib/printf.c                         0x00000000   Number         0  __printf_flags_ss.o ABSOLUTE
    ../clib/printf.c                         0x00000000   Number         0  __printf_wp.o ABSOLUTE
    ../clib/printf.c                         0x00000000   Number         0  __printf_flags_wp.o ABSOLUTE
    ../clib/printf.c                         0x00000000   Number         0  __printf_ss_wp.o ABSOLUTE
    ../clib/printf_percent.s                 0x00000000   Number         0  _printf_d.o ABSOLUTE
    ../clib/printf_percent.s                 0x00000000   Number         0  _printf_x.o ABSOLUTE
    ../clib/printf_percent.s                 0x00000000   Number         0  _printf_percent.o ABSOLUTE
    ../clib/printf_percent.s                 0x00000000   Number         0  _printf_percent_end.o ABSOLUTE
    ../clib/signal.c                         0x00000000   Number         0  defsig_rtmem_formal.o ABSOLUTE
    ../clib/signal.c                         0x00000000   Number         0  defsig_rtmem_outer.o ABSOLUTE
    ../clib/signal.c                         0x00000000   Number         0  defsig_abrt_inner.o ABSOLUTE
    ../clib/signal.c                         0x00000000   Number         0  defsig_rtred_inner.o ABSOLUTE
    ../clib/signal.c                         0x00000000   Number         0  defsig_general.o ABSOLUTE
    ../clib/signal.c                         0x00000000   Number         0  defsig_stak_inner.o ABSOLUTE
    ../clib/signal.c                         0x00000000   Number         0  defsig_rtmem_inner.o ABSOLUTE
    ../clib/signal.c                         0x00000000   Number         0  defsig_pvfn_inner.o ABSOLUTE
    ../clib/signal.c                         0x00000000   Number         0  defsig_cppl_inner.o ABSOLUTE
    ../clib/signal.c                         0x00000000   Number         0  __raise.o ABSOLUTE
    ../clib/signal.c                         0x00000000   Number         0  defsig_segv_inner.o ABSOLUTE
    ../clib/signal.c                         0x00000000   Number         0  defsig_other.o ABSOLUTE
    ../clib/signal.c                         0x00000000   Number         0  defsig_exit.o ABSOLUTE
    ../clib/signal.c                         0x00000000   Number         0  defsig_fpe_inner.o ABSOLUTE
    ../clib/signal.s                         0x00000000   Number         0  defsig.o ABSOLUTE
    ../clib/stdlib.c                         0x00000000   Number         0  exit.o ABSOLUTE
    ../fplib/fpinit.s                        0x00000000   Number         0  fpinit.o ABSOLUTE
    ..\USER\Application\MessageManager.c     0x00000000   Number         0  messagemanager.o ABSOLUTE
    ..\USER\Application\RingBuffer.c         0x00000000   Number         0  ringbuffer.o ABSOLUTE
    ..\USER\Application\UART_OTA.c           0x00000000   Number         0  uart_ota.o ABSOLUTE
    ..\USER\Application\UART_Receive.c       0x00000000   Number         0  uart_receive.o ABSOLUTE
    ..\USER\Bootloader\Bootloader.c          0x00000000   Number         0  bootloader.o ABSOLUTE
    ..\USER\Bootloader\MemoryInterface.c     0x00000000   Number         0  memoryinterface.o ABSOLUTE
    ..\USER\Bootloader\main.c                0x00000000   Number         0  main.o ABSOLUTE
    ..\USER\Common\Delay.c                   0x00000000   Number         0  delay.o ABSOLUTE
    ..\USER\Peripheral\Flash.c               0x00000000   Number         0  flash.o ABSOLUTE
    ..\USER\Peripheral\UART.c                0x00000000   Number         0  uart.o ABSOLUTE
    ..\\USER\\Application\\MessageManager.c  0x00000000   Number         0  messagemanager.o ABSOLUTE
    ..\\USER\\Application\\UART_OTA.c        0x00000000   Number         0  uart_ota.o ABSOLUTE
    ..\\USER\\Application\\UART_Receive.c    0x00000000   Number         0  uart_receive.o ABSOLUTE
    ..\\USER\\Bootloader\\Bootloader.c       0x00000000   Number         0  bootloader.o ABSOLUTE
    ..\\USER\\Bootloader\\MemoryInterface.c  0x00000000   Number         0  memoryinterface.o ABSOLUTE
    ..\\USER\\Bootloader\\main.c             0x00000000   Number         0  main.o ABSOLUTE
    ..\\USER\\Common\\Delay.c                0x00000000   Number         0  delay.o ABSOLUTE
    ..\\USER\\Peripheral\\Flash.c            0x00000000   Number         0  flash.o ABSOLUTE
    ..\\USER\\Peripheral\\UART.c             0x00000000   Number         0  uart.o ABSOLUTE
    C:\Users\DuanLuong\AppData\Local\Arm\Packs\Keil\STM32F1xx_DFP\2.4.0\Device\StdPeriph_Driver\src\misc.c 0x00000000   Number         0  misc.o ABSOLUTE
    C:\Users\DuanLuong\AppData\Local\Arm\Packs\Keil\STM32F1xx_DFP\2.4.0\Device\StdPeriph_Driver\src\stm32f10x_flash.c 0x00000000   Number         0  stm32f10x_flash.o ABSOLUTE
    C:\Users\DuanLuong\AppData\Local\Arm\Packs\Keil\STM32F1xx_DFP\2.4.0\Device\StdPeriph_Driver\src\stm32f10x_gpio.c 0x00000000   Number         0  stm32f10x_gpio.o ABSOLUTE
    C:\Users\DuanLuong\AppData\Local\Arm\Packs\Keil\STM32F1xx_DFP\2.4.0\Device\StdPeriph_Driver\src\stm32f10x_rcc.c 0x00000000   Number         0  stm32f10x_rcc.o ABSOLUTE
    C:\Users\DuanLuong\AppData\Local\Arm\Packs\Keil\STM32F1xx_DFP\2.4.0\Device\StdPeriph_Driver\src\stm32f10x_usart.c 0x00000000   Number         0  stm32f10x_usart.o ABSOLUTE
    C:\\Users\\DuanLuong\\AppData\\Local\\Arm\\Packs\\Keil\\STM32F1xx_DFP\\2.4.0\\Device\\StdPeriph_Driver\\src\\misc.c 0x00000000   Number         0  misc.o ABSOLUTE
    C:\\Users\\DuanLuong\\AppData\\Local\\Arm\\Packs\\Keil\\STM32F1xx_DFP\\2.4.0\\Device\\StdPeriph_Driver\\src\\stm32f10x_flash.c 0x00000000   Number         0  stm32f10x_flash.o ABSOLUTE
    C:\\Users\\DuanLuong\\AppData\\Local\\Arm\\Packs\\Keil\\STM32F1xx_DFP\\2.4.0\\Device\\StdPeriph_Driver\\src\\stm32f10x_gpio.c 0x00000000   Number         0  stm32f10x_gpio.o ABSOLUTE
    C:\\Users\\DuanLuong\\AppData\\Local\\Arm\\Packs\\Keil\\STM32F1xx_DFP\\2.4.0\\Device\\StdPeriph_Driver\\src\\stm32f10x_rcc.c 0x00000000   Number         0  stm32f10x_rcc.o ABSOLUTE
    C:\\Users\\DuanLuong\\AppData\\Local\\Arm\\Packs\\Keil\\STM32F1xx_DFP\\2.4.0\\Device\\StdPeriph_Driver\\src\\stm32f10x_usart.c 0x00000000   Number         0  stm32f10x_usart.o ABSOLUTE
    RTE\Device\STM32F107VC\startup_stm32f10x_cl.s 0x00000000   Number         0  startup_stm32f10x_cl.o ABSOLUTE
    RTE\Device\STM32F107VC\system_stm32f10x.c 0x00000000   Number         0  system_stm32f10x.o ABSOLUTE
    RTE\\Device\\STM32F107VC\\system_stm32f10x.c 0x00000000   Number         0  system_stm32f10x.o ABSOLUTE
    dc.s                                     0x00000000   Number         0  dc.o ABSOLUTE
    RESET                                    0x08000000   Section      336  startup_stm32f10x_cl.o(RESET)
    !!!main                                  0x08000150   Section        8  __main.o(!!!main)
    !!!scatter                               0x08000158   Section       52  __scatter.o(!!!scatter)
    !!handler_copy                           0x0800018c   Section       26  __scatter_copy.o(!!handler_copy)
    !!handler_zi                             0x080001a8   Section       28  __scatter_zi.o(!!handler_zi)
    .ARM.Collect$$_printf_percent$$00000000  0x080001c4   Section        0  _printf_percent.o(.ARM.Collect$$_printf_percent$$00000000)
    .ARM.Collect$$_printf_percent$$00000009  0x080001c4   Section        6  _printf_d.o(.ARM.Collect$$_printf_percent$$00000009)
    .ARM.Collect$$_printf_percent$$0000000C  0x080001ca   Section        6  _printf_x.o(.ARM.Collect$$_printf_percent$$0000000C)
    .ARM.Collect$$_printf_percent$$00000017  0x080001d0   Section        4  _printf_percent_end.o(.ARM.Collect$$_printf_percent$$00000017)
    .ARM.Collect$$libinit$$00000000          0x080001d4   Section        2  libinit.o(.ARM.Collect$$libinit$$00000000)
    .ARM.Collect$$libinit$$00000002          0x080001d6   Section        0  libinit2.o(.ARM.Collect$$libinit$$00000002)
    .ARM.Collect$$libinit$$00000004          0x080001d6   Section        0  libinit2.o(.ARM.Collect$$libinit$$00000004)
    .ARM.Collect$$libinit$$0000000A          0x080001d6   Section        0  libinit2.o(.ARM.Collect$$libinit$$0000000A)
    .ARM.Collect$$libinit$$0000000C          0x080001d6   Section        0  libinit2.o(.ARM.Collect$$libinit$$0000000C)
    .ARM.Collect$$libinit$$0000000E          0x080001d6   Section        0  libinit2.o(.ARM.Collect$$libinit$$0000000E)
    .ARM.Collect$$libinit$$00000011          0x080001d6   Section        0  libinit2.o(.ARM.Collect$$libinit$$00000011)
    .ARM.Collect$$libinit$$00000013          0x080001d6   Section        0  libinit2.o(.ARM.Collect$$libinit$$00000013)
    .ARM.Collect$$libinit$$00000015          0x080001d6   Section        0  libinit2.o(.ARM.Collect$$libinit$$00000015)
    .ARM.Collect$$libinit$$00000017          0x080001d6   Section        0  libinit2.o(.ARM.Collect$$libinit$$00000017)
    .ARM.Collect$$libinit$$00000019          0x080001d6   Section        0  libinit2.o(.ARM.Collect$$libinit$$00000019)
    .ARM.Collect$$libinit$$0000001B          0x080001d6   Section        0  libinit2.o(.ARM.Collect$$libinit$$0000001B)
    .ARM.Collect$$libinit$$0000001D          0x080001d6   Section        0  libinit2.o(.ARM.Collect$$libinit$$0000001D)
    .ARM.Collect$$libinit$$0000001F          0x080001d6   Section        0  libinit2.o(.ARM.Collect$$libinit$$0000001F)
    .ARM.Collect$$libinit$$00000021          0x080001d6   Section        0  libinit2.o(.ARM.Collect$$libinit$$00000021)
    .ARM.Collect$$libinit$$00000023          0x080001d6   Section        0  libinit2.o(.ARM.Collect$$libinit$$00000023)
    .ARM.Collect$$libinit$$00000025          0x080001d6   Section        0  libinit2.o(.ARM.Collect$$libinit$$00000025)
    .ARM.Collect$$libinit$$0000002C          0x080001d6   Section        0  libinit2.o(.ARM.Collect$$libinit$$0000002C)
    .ARM.Collect$$libinit$$0000002E          0x080001d6   Section        0  libinit2.o(.ARM.Collect$$libinit$$0000002E)
    .ARM.Collect$$libinit$$00000030          0x080001d6   Section        0  libinit2.o(.ARM.Collect$$libinit$$00000030)
    .ARM.Collect$$libinit$$00000032          0x080001d6   Section        0  libinit2.o(.ARM.Collect$$libinit$$00000032)
    .ARM.Collect$$libinit$$00000033          0x080001d6   Section        2  libinit2.o(.ARM.Collect$$libinit$$00000033)
    .ARM.Collect$$libshutdown$$00000000      0x080001d8   Section        2  libshutdown.o(.ARM.Collect$$libshutdown$$00000000)
    .ARM.Collect$$libshutdown$$00000002      0x080001da   Section        0  libshutdown2.o(.ARM.Collect$$libshutdown$$00000002)
    .ARM.Collect$$libshutdown$$00000004      0x080001da   Section        0  libshutdown2.o(.ARM.Collect$$libshutdown$$00000004)
    .ARM.Collect$$libshutdown$$00000006      0x080001da   Section        0  libshutdown2.o(.ARM.Collect$$libshutdown$$00000006)
    .ARM.Collect$$libshutdown$$00000009      0x080001da   Section        0  libshutdown2.o(.ARM.Collect$$libshutdown$$00000009)
    .ARM.Collect$$libshutdown$$0000000C      0x080001da   Section        0  libshutdown2.o(.ARM.Collect$$libshutdown$$0000000C)
    .ARM.Collect$$libshutdown$$0000000E      0x080001da   Section        0  libshutdown2.o(.ARM.Collect$$libshutdown$$0000000E)
    .ARM.Collect$$libshutdown$$00000011      0x080001da   Section        0  libshutdown2.o(.ARM.Collect$$libshutdown$$00000011)
    .ARM.Collect$$libshutdown$$00000012      0x080001da   Section        2  libshutdown2.o(.ARM.Collect$$libshutdown$$00000012)
    .ARM.Collect$$rtentry$$00000000          0x080001dc   Section        0  __rtentry.o(.ARM.Collect$$rtentry$$00000000)
    .ARM.Collect$$rtentry$$00000002          0x080001dc   Section        0  __rtentry2.o(.ARM.Collect$$rtentry$$00000002)
    .ARM.Collect$$rtentry$$00000004          0x080001dc   Section        6  __rtentry4.o(.ARM.Collect$$rtentry$$00000004)
    .ARM.Collect$$rtentry$$00000009          0x080001e2   Section        0  __rtentry2.o(.ARM.Collect$$rtentry$$00000009)
    .ARM.Collect$$rtentry$$0000000A          0x080001e2   Section        4  __rtentry2.o(.ARM.Collect$$rtentry$$0000000A)
    .ARM.Collect$$rtentry$$0000000C          0x080001e6   Section        0  __rtentry2.o(.ARM.Collect$$rtentry$$0000000C)
    .ARM.Collect$$rtentry$$0000000D          0x080001e6   Section        8  __rtentry2.o(.ARM.Collect$$rtentry$$0000000D)
    .ARM.Collect$$rtexit$$00000000           0x080001ee   Section        2  rtexit.o(.ARM.Collect$$rtexit$$00000000)
    .ARM.Collect$$rtexit$$00000002           0x080001f0   Section        0  rtexit2.o(.ARM.Collect$$rtexit$$00000002)
    .ARM.Collect$$rtexit$$00000003           0x080001f0   Section        4  rtexit2.o(.ARM.Collect$$rtexit$$00000003)
    .ARM.Collect$$rtexit$$00000004           0x080001f4   Section        6  rtexit2.o(.ARM.Collect$$rtexit$$00000004)
    .text                                    0x080001fc   Section       64  startup_stm32f10x_cl.o(.text)
    .text                                    0x0800023c   Section        0  noretval__2printf.o(.text)
    .text                                    0x08000254   Section        0  _printf_pad.o(.text)
    .text                                    0x080002a4   Section        0  _printf_dec.o(.text)
    .text                                    0x0800031c   Section        0  _printf_hex_int.o(.text)
    .text                                    0x08000374   Section        0  __printf_flags_wp.o(.text)
    .text                                    0x080004ac   Section      138  rt_memcpy_v6.o(.text)
    .text                                    0x08000536   Section        0  heapauxi.o(.text)
    .text                                    0x0800053c   Section        0  _printf_intcommon.o(.text)
    .text                                    0x080005f0   Section        0  _printf_char_file.o(.text)
    .text                                    0x08000614   Section      100  rt_memcpy_w.o(.text)
    .text                                    0x08000678   Section        0  _printf_char_common.o(.text)
    _printf_input_char                       0x08000679   Thumb Code    10  _printf_char_common.o(.text)
    .text                                    0x080006a8   Section       74  sys_stackheap_outer.o(.text)
    .text                                    0x080006f2   Section        0  exit.o(.text)
    .text                                    0x08000704   Section        8  libspace.o(.text)
    .text                                    0x0800070c   Section        0  sys_exit.o(.text)
    .text                                    0x08000718   Section        2  use_no_semi.o(.text)
    .text                                    0x0800071a   Section        0  indicate_semi.o(.text)
    i.Bootloader_CalCheckSum                 0x0800071c   Section        0  bootloader.o(i.Bootloader_CalCheckSum)
    Bootloader_CalCheckSum                   0x0800071d   Thumb Code   160  bootloader.o(i.Bootloader_CalCheckSum)
    i.Bootloader_CheckDiffVersion            0x080007ec   Section        0  bootloader.o(i.Bootloader_CheckDiffVersion)
    i.Bootloader_CopyTemp2Main               0x08000854   Section        0  bootloader.o(i.Bootloader_CopyTemp2Main)
    i.Bootloader_GotoProgram                 0x080008e0   Section        0  bootloader.o(i.Bootloader_GotoProgram)
    i.Bootloader_Init                        0x080008f2   Section        0  bootloader.o(i.Bootloader_Init)
    i.Bootloader_Processing                  0x080008fc   Section        0  bootloader.o(i.Bootloader_Processing)
    i.Bootloader_RunProgram                  0x080009c8   Section        0  bootloader.o(i.Bootloader_RunProgram)
    i.FLASH_ErasePage                        0x080009d8   Section        0  stm32f10x_flash.o(i.FLASH_ErasePage)
    i.FLASH_GetBank1Status                   0x08000a24   Section        0  stm32f10x_flash.o(i.FLASH_GetBank1Status)
    i.FLASH_Lock                             0x08000a58   Section        0  stm32f10x_flash.o(i.FLASH_Lock)
    i.FLASH_ProgramWord                      0x08000a6c   Section        0  stm32f10x_flash.o(i.FLASH_ProgramWord)
    i.FLASH_Unlock                           0x08000ad8   Section        0  stm32f10x_flash.o(i.FLASH_Unlock)
    i.FLASH_WaitForLastOperation             0x08000af0   Section        0  stm32f10x_flash.o(i.FLASH_WaitForLastOperation)
    i.Flash_InitData                         0x08000b16   Section        0  flash.o(i.Flash_InitData)
    i.Flash_ReadBank                         0x08000b18   Section        0  flash.o(i.Flash_ReadBank)
    i.Flash_ReadWord                         0x08000b40   Section        0  flash.o(i.Flash_ReadWord)
    i.Flash_WriteBank                        0x08000b46   Section        0  flash.o(i.Flash_WriteBank)
    i.Flash_WriteWord                        0x08000b84   Section        0  flash.o(i.Flash_WriteWord)
    i.Fn_DELAY_Init                          0x08000bbc   Section        0  delay.o(i.Fn_DELAY_Init)
    i.Fn_DELAY_ms                            0x08000bfc   Section        0  delay.o(i.Fn_DELAY_ms)
    i.GPIO_Init                              0x08000c38   Section        0  stm32f10x_gpio.o(i.GPIO_Init)
    i.MemInterface_Init                      0x08000d4e   Section        0  memoryinterface.o(i.MemInterface_Init)
    i.MemInterface_calculateCRC              0x08000d56   Section        0  memoryinterface.o(i.MemInterface_calculateCRC)
    i.MemInterface_copyProgram               0x08000d78   Section        0  memoryinterface.o(i.MemInterface_copyProgram)
    i.MemInterface_getCurrentVersion         0x08000df8   Section        0  memoryinterface.o(i.MemInterface_getCurrentVersion)
    i.MemInterface_getTempCRC                0x08000e0c   Section        0  memoryinterface.o(i.MemInterface_getTempCRC)
    i.MemInterface_getTempFirmLength         0x08000e20   Section        0  memoryinterface.o(i.MemInterface_getTempFirmLength)
    i.MemInterface_getTempVersion            0x08000e34   Section        0  memoryinterface.o(i.MemInterface_getTempVersion)
    i.MemInterface_setCurrentVersion         0x08000e48   Section        0  memoryinterface.o(i.MemInterface_setCurrentVersion)
    i.MemInterface_setTempCRC                0x08000e5c   Section        0  memoryinterface.o(i.MemInterface_setTempCRC)
    i.MemInterface_setTempFirmLength         0x08000e74   Section        0  memoryinterface.o(i.MemInterface_setTempFirmLength)
    i.MemInterface_setTempVersion            0x08000e88   Section        0  memoryinterface.o(i.MemInterface_setTempVersion)
    i.MemInterface_writeProgram              0x08000e9c   Section        0  memoryinterface.o(i.MemInterface_writeProgram)
    i.MessageProcess_Init                    0x08000f70   Section        0  messagemanager.o(i.MessageProcess_Init)
    i.MessageProcess_Process                 0x08000f88   Section        0  messagemanager.o(i.MessageProcess_Process)
    i.MessageProcess_copyMessage             0x080010e8   Section        0  messagemanager.o(i.MessageProcess_copyMessage)
    i.MessageProcess_hasMessage              0x08001128   Section        0  messagemanager.o(i.MessageProcess_hasMessage)
    i.NVIC_Init                              0x08001134   Section        0  misc.o(i.NVIC_Init)
    i.OTA_ProcessCRCMessage                  0x080011a4   Section        0  uart_ota.o(i.OTA_ProcessCRCMessage)
    OTA_ProcessCRCMessage                    0x080011a5   Thumb Code    14  uart_ota.o(i.OTA_ProcessCRCMessage)
    i.OTA_ProcessDataMessage                 0x080011b8   Section        0  uart_ota.o(i.OTA_ProcessDataMessage)
    OTA_ProcessDataMessage                   0x080011b9   Thumb Code   240  uart_ota.o(i.OTA_ProcessDataMessage)
    i.OTA_ProcessLengthMessage               0x08001338   Section        0  uart_ota.o(i.OTA_ProcessLengthMessage)
    OTA_ProcessLengthMessage                 0x08001339   Thumb Code    22  uart_ota.o(i.OTA_ProcessLengthMessage)
    i.OTA_ProcessVersionMessage              0x08001354   Section        0  uart_ota.o(i.OTA_ProcessVersionMessage)
    OTA_ProcessVersionMessage                0x08001355   Thumb Code    20  uart_ota.o(i.OTA_ProcessVersionMessage)
    i.RCC_APB1PeriphClockCmd                 0x0800136c   Section        0  stm32f10x_rcc.o(i.RCC_APB1PeriphClockCmd)
    i.RCC_APB2PeriphClockCmd                 0x0800138c   Section        0  stm32f10x_rcc.o(i.RCC_APB2PeriphClockCmd)
    i.RCC_GetClocksFreq                      0x080013ac   Section        0  stm32f10x_rcc.o(i.RCC_GetClocksFreq)
    i.SetSysClock                            0x0800153c   Section        0  system_stm32f10x.o(i.SetSysClock)
    SetSysClock                              0x0800153d   Thumb Code     8  system_stm32f10x.o(i.SetSysClock)
    i.SetSysClockTo72                        0x08001544   Section        0  system_stm32f10x.o(i.SetSysClockTo72)
    SetSysClockTo72                          0x08001545   Thumb Code   264  system_stm32f10x.o(i.SetSysClockTo72)
    i.SystemCoreClockUpdate                  0x0800165c   Section        0  system_stm32f10x.o(i.SystemCoreClockUpdate)
    i.SystemInit                             0x0800175c   Section        0  system_stm32f10x.o(i.SystemInit)
    i.UARTDebug_AddCallBack                  0x080017c8   Section        0  uart.o(i.UARTDebug_AddCallBack)
    i.UARTDebug_Init                         0x08001814   Section        0  uart.o(i.UARTDebug_Init)
    i.UARTDebug_SendChar                     0x08001898   Section        0  uart.o(i.UARTDebug_SendChar)
    i.UART_OTA_Init                          0x080018b8   Section        0  uart_ota.o(i.UART_OTA_Init)
    i.UART_OTA_Process                       0x080018f4   Section        0  uart_ota.o(i.UART_OTA_Process)
    i.UART_OTA_onLoop                        0x08001a70   Section        0  uart_ota.o(i.UART_OTA_onLoop)
    i.USART2_IRQHandler                      0x08001a78   Section        0  uart.o(i.USART2_IRQHandler)
    i.USART_ClearFlag                        0x08001aac   Section        0  stm32f10x_usart.o(i.USART_ClearFlag)
    i.USART_ClearITPendingBit                0x08001abe   Section        0  stm32f10x_usart.o(i.USART_ClearITPendingBit)
    i.USART_Cmd                              0x08001adc   Section        0  stm32f10x_usart.o(i.USART_Cmd)
    i.USART_GetFlagStatus                    0x08001af4   Section        0  stm32f10x_usart.o(i.USART_GetFlagStatus)
    i.USART_ITConfig                         0x08001b0e   Section        0  stm32f10x_usart.o(i.USART_ITConfig)
    i.USART_Init                             0x08001b58   Section        0  stm32f10x_usart.o(i.USART_Init)
    i.USART_ReceiveData                      0x08001c30   Section        0  stm32f10x_usart.o(i.USART_ReceiveData)
    i.USART_SendData                         0x08001c3a   Section        0  stm32f10x_usart.o(i.USART_SendData)
    i._is_digit                              0x08001c42   Section        0  __printf_wp.o(i._is_digit)
    i.calculatedNbrBlocks                    0x08001c50   Section        0  memoryinterface.o(i.calculatedNbrBlocks)
    calculatedNbrBlocks                      0x08001c51   Thumb Code    60  memoryinterface.o(i.calculatedNbrBlocks)
    i.ferror                                 0x08001c8c   Section        0  uart.o(i.ferror)
    i.fputc                                  0x08001c92   Section        0  uart.o(i.fputc)
    i.main                                   0x08001ca4   Section        0  main.o(i.main)
    i.ringBuffer_Init                        0x08001da4   Section        0  ringbuffer.o(i.ringBuffer_Init)
    i.ringBuffer_Pop                         0x08001df0   Section        0  ringbuffer.o(i.ringBuffer_Pop)
    i.ringBuffer_Push                        0x08001e26   Section        0  ringbuffer.o(i.ringBuffer_Push)
    i.uartReceive_Init                       0x08001e60   Section        0  uart_receive.o(i.uartReceive_Init)
    i.uartReceive_PushData                   0x08001e78   Section        0  uart_receive.o(i.uartReceive_PushData)
    .constdata                               0x08001e8c   Section       40  _printf_hex_int.o(.constdata)
    uc_hextab                                0x08001e8c   Data          20  _printf_hex_int.o(.constdata)
    lc_hextab                                0x08001ea0   Data          20  _printf_hex_int.o(.constdata)
    .constdata                               0x08001eb4   Section       17  __printf_flags_wp.o(.constdata)
    maptable                                 0x08001eb4   Data          17  __printf_flags_wp.o(.constdata)
    .data                                    0x20000000   Section        4  delay.o(.data)
    fac_us                                   0x20000000   Data           1  delay.o(.data)
    fac_ms                                   0x20000002   Data           2  delay.o(.data)
    .data                                    0x20000004   Section       16  uart.o(.data)
    GPIO_InitStructure                       0x20000004   Data           4  uart.o(.data)
    NVIC_InitStructure                       0x20000008   Data           4  uart.o(.data)
    callbackIrqFnc                           0x2000000c   Data           4  uart.o(.data)
    .data                                    0x20000014   Section       11  messagemanager.o(.data)
    messageLength                            0x20000018   Data           2  messagemanager.o(.data)
    messageHeader                            0x2000001a   Data           1  messagemanager.o(.data)
    updateLasted                             0x2000001b   Data           1  messagemanager.o(.data)
    checkNow                                 0x2000001c   Data           1  messagemanager.o(.data)
    restartMessage                           0x2000001d   Data           1  messagemanager.o(.data)
    messageUpdate                            0x2000001e   Data           1  messagemanager.o(.data)
    .data                                    0x20000020   Section        8  uart_ota.o(.data)
    headerReceived                           0x20000020   Data           1  uart_ota.o(.data)
    lengthMessage                            0x20000022   Data           2  uart_ota.o(.data)
    refDataFrame                             0x20000024   Data           4  uart_ota.o(.data)
    .data                                    0x20000028   Section       20  stm32f10x_rcc.o(.data)
    APBAHBPrescTable                         0x20000028   Data          16  stm32f10x_rcc.o(.data)
    ADCPrescTable                            0x20000038   Data           4  stm32f10x_rcc.o(.data)
    .data                                    0x2000003c   Section       20  system_stm32f10x.o(.data)
    .bss                                     0x20000050   Section     2048  flash.o(.bss)
    tmpReadData                              0x20000050   Data        2048  flash.o(.bss)
    .bss                                     0x20000850   Section       16  uart.o(.bss)
    USART_InitStructure                      0x20000850   Data          16  uart.o(.bss)
    .bss                                     0x20000860   Section     2048  bootloader.o(.bss)
    tmpDataBuffer                            0x20000860   Data        2048  bootloader.o(.bss)
    .bss                                     0x20001060   Section     4096  memoryinterface.o(.bss)
    tmpMemoryData                            0x20001060   Data        2048  memoryinterface.o(.bss)
    tmpBackupData                            0x20001860   Data        2048  memoryinterface.o(.bss)
    .bss                                     0x20002060   Section     1052  uart_receive.o(.bss)
    uartDataBuffer                           0x20002060   Data        1024  uart_receive.o(.bss)
    .bss                                     0x2000247c   Section      300  messagemanager.o(.bss)
    tempBuffer                               0x2000247c   Data         300  messagemanager.o(.bss)
    .bss                                     0x200025a8   Section      256  uart_ota.o(.bss)
    dataReceived                             0x200025a8   Data         256  uart_ota.o(.bss)
    .bss                                     0x200026a8   Section       96  libspace.o(.bss)
    HEAP                                     0x20002708   Section      512  startup_stm32f10x_cl.o(HEAP)
    Heap_Mem                                 0x20002708   Data         512  startup_stm32f10x_cl.o(HEAP)
    STACK                                    0x20002908   Section     1024  startup_stm32f10x_cl.o(STACK)
    Stack_Mem                                0x20002908   Data        1024  startup_stm32f10x_cl.o(STACK)
    __initial_sp                             0x20002d08   Data           0  startup_stm32f10x_cl.o(STACK)

    Global Symbols

    Symbol Name                              Value     Ov Type        Size  Object(Section)

    BuildAttributes$$THM_ISAv4$P$D$K$B$S$PE$A:L22UL41UL21$X:L11$S22US41US21$IEEE1$IW$USESV6$~STKCKD$USESV7$~SHL$OSPACE$ROPI$EBA8$UX$STANDARDLIB$REQ8$PRES8$EABIv2 0x00000000   Number         0  anon$$obj.o ABSOLUTE
    __ARM_use_no_argv                        0x00000000   Number         0  main.o ABSOLUTE
    _printf_flags                            0x00000000   Number         0  printf_stubs.o ABSOLUTE
    _printf_return_value                     0x00000000   Number         0  printf_stubs.o ABSOLUTE
    _printf_sizespec                         0x00000000   Number         0  printf_stubs.o ABSOLUTE
    _printf_widthprec                        0x00000000   Number         0  printf_stubs.o ABSOLUTE
    __ARM_exceptions_init                     - Undefined Weak Reference
    __alloca_initialize                       - Undefined Weak Reference
    __arm_fini_                               - Undefined Weak Reference
    __arm_preinit_                            - Undefined Weak Reference
    __cpp_initialize__aeabi_                  - Undefined Weak Reference
    __cxa_finalize                            - Undefined Weak Reference
    __rt_locale                               - Undefined Weak Reference
    __sigvec_lookup                           - Undefined Weak Reference
    _atexit_init                              - Undefined Weak Reference
    _call_atexit_fns                          - Undefined Weak Reference
    _clock_init                               - Undefined Weak Reference
    _fp_trap_init                             - Undefined Weak Reference
    _fp_trap_shutdown                         - Undefined Weak Reference
    _get_lc_collate                           - Undefined Weak Reference
    _get_lc_ctype                             - Undefined Weak Reference
    _get_lc_monetary                          - Undefined Weak Reference
    _get_lc_numeric                           - Undefined Weak Reference
    _get_lc_time                              - Undefined Weak Reference
    _getenv_init                              - Undefined Weak Reference
    _handle_redirection                       - Undefined Weak Reference
    _init_alloc                               - Undefined Weak Reference
    _init_user_alloc                          - Undefined Weak Reference
    _initio                                   - Undefined Weak Reference
    _printf_truncate_signed                   - Undefined Weak Reference
    _printf_truncate_unsigned                 - Undefined Weak Reference
    _rand_init                                - Undefined Weak Reference
    _signal_finish                            - Undefined Weak Reference
    _signal_init                              - Undefined Weak Reference
    _terminate_alloc                          - Undefined Weak Reference
    _terminate_user_alloc                     - Undefined Weak Reference
    _terminateio                              - Undefined Weak Reference
    __Vectors_Size                           0x00000150   Number         0  startup_stm32f10x_cl.o ABSOLUTE
    __Vectors                                0x08000000   Data           4  startup_stm32f10x_cl.o(RESET)
    __Vectors_End                            0x08000150   Data           0  startup_stm32f10x_cl.o(RESET)
    __main                                   0x08000151   Thumb Code     8  __main.o(!!!main)
    __scatterload                            0x08000159   Thumb Code     0  __scatter.o(!!!scatter)
    __scatterload_rt2                        0x08000159   Thumb Code    44  __scatter.o(!!!scatter)
    __scatterload_rt2_thumb_only             0x08000159   Thumb Code     0  __scatter.o(!!!scatter)
    __scatterload_null                       0x08000167   Thumb Code     0  __scatter.o(!!!scatter)
    __scatterload_copy                       0x0800018d   Thumb Code    26  __scatter_copy.o(!!handler_copy)
    __scatterload_zeroinit                   0x080001a9   Thumb Code    28  __scatter_zi.o(!!handler_zi)
    _printf_d                                0x080001c5   Thumb Code     0  _printf_d.o(.ARM.Collect$$_printf_percent$$00000009)
    _printf_percent                          0x080001c5   Thumb Code     0  _printf_percent.o(.ARM.Collect$$_printf_percent$$00000000)
    _printf_x                                0x080001cb   Thumb Code     0  _printf_x.o(.ARM.Collect$$_printf_percent$$0000000C)
    _printf_percent_end                      0x080001d1   Thumb Code     0  _printf_percent_end.o(.ARM.Collect$$_printf_percent$$00000017)
    __rt_lib_init                            0x080001d5   Thumb Code     0  libinit.o(.ARM.Collect$$libinit$$00000000)
    __rt_lib_init_alloca_1                   0x080001d7   Thumb Code     0  libinit2.o(.ARM.Collect$$libinit$$0000002E)
    __rt_lib_init_argv_1                     0x080001d7   Thumb Code     0  libinit2.o(.ARM.Collect$$libinit$$0000002C)
    __rt_lib_init_atexit_1                   0x080001d7   Thumb Code     0  libinit2.o(.ARM.Collect$$libinit$$0000001B)
    __rt_lib_init_clock_1                    0x080001d7   Thumb Code     0  libinit2.o(.ARM.Collect$$libinit$$00000021)
    __rt_lib_init_cpp_1                      0x080001d7   Thumb Code     0  libinit2.o(.ARM.Collect$$libinit$$00000032)
    __rt_lib_init_exceptions_1               0x080001d7   Thumb Code     0  libinit2.o(.ARM.Collect$$libinit$$00000030)
    __rt_lib_init_fp_1                       0x080001d7   Thumb Code     0  libinit2.o(.ARM.Collect$$libinit$$00000002)
    __rt_lib_init_fp_trap_1                  0x080001d7   Thumb Code     0  libinit2.o(.ARM.Collect$$libinit$$0000001F)
    __rt_lib_init_getenv_1                   0x080001d7   Thumb Code     0  libinit2.o(.ARM.Collect$$libinit$$00000023)
    __rt_lib_init_heap_1                     0x080001d7   Thumb Code     0  libinit2.o(.ARM.Collect$$libinit$$0000000A)
    __rt_lib_init_lc_collate_1               0x080001d7   Thumb Code     0  libinit2.o(.ARM.Collect$$libinit$$00000011)
    __rt_lib_init_lc_ctype_1                 0x080001d7   Thumb Code     0  libinit2.o(.ARM.Collect$$libinit$$00000013)
    __rt_lib_init_lc_monetary_1              0x080001d7   Thumb Code     0  libinit2.o(.ARM.Collect$$libinit$$00000015)
    __rt_lib_init_lc_numeric_1               0x080001d7   Thumb Code     0  libinit2.o(.ARM.Collect$$libinit$$00000017)
    __rt_lib_init_lc_time_1                  0x080001d7   Thumb Code     0  libinit2.o(.ARM.Collect$$libinit$$00000019)
    __rt_lib_init_preinit_1                  0x080001d7   Thumb Code     0  libinit2.o(.ARM.Collect$$libinit$$00000004)
    __rt_lib_init_rand_1                     0x080001d7   Thumb Code     0  libinit2.o(.ARM.Collect$$libinit$$0000000E)
    __rt_lib_init_return                     0x080001d7   Thumb Code     0  libinit2.o(.ARM.Collect$$libinit$$00000033)
    __rt_lib_init_signal_1                   0x080001d7   Thumb Code     0  libinit2.o(.ARM.Collect$$libinit$$0000001D)
    __rt_lib_init_stdio_1                    0x080001d7   Thumb Code     0  libinit2.o(.ARM.Collect$$libinit$$00000025)
    __rt_lib_init_user_alloc_1               0x080001d7   Thumb Code     0  libinit2.o(.ARM.Collect$$libinit$$0000000C)
    __rt_lib_shutdown                        0x080001d9   Thumb Code     0  libshutdown.o(.ARM.Collect$$libshutdown$$00000000)
    __rt_lib_shutdown_cpp_1                  0x080001db   Thumb Code     0  libshutdown2.o(.ARM.Collect$$libshutdown$$00000004)
    __rt_lib_shutdown_fini_1                 0x080001db   Thumb Code     0  libshutdown2.o(.ARM.Collect$$libshutdown$$00000002)
    __rt_lib_shutdown_fp_trap_1              0x080001db   Thumb Code     0  libshutdown2.o(.ARM.Collect$$libshutdown$$00000009)
    __rt_lib_shutdown_heap_1                 0x080001db   Thumb Code     0  libshutdown2.o(.ARM.Collect$$libshutdown$$00000011)
    __rt_lib_shutdown_return                 0x080001db   Thumb Code     0  libshutdown2.o(.ARM.Collect$$libshutdown$$00000012)
    __rt_lib_shutdown_signal_1               0x080001db   Thumb Code     0  libshutdown2.o(.ARM.Collect$$libshutdown$$0000000C)
    __rt_lib_shutdown_stdio_1                0x080001db   Thumb Code     0  libshutdown2.o(.ARM.Collect$$libshutdown$$00000006)
    __rt_lib_shutdown_user_alloc_1           0x080001db   Thumb Code     0  libshutdown2.o(.ARM.Collect$$libshutdown$$0000000E)
    __rt_entry                               0x080001dd   Thumb Code     0  __rtentry.o(.ARM.Collect$$rtentry$$00000000)
    __rt_entry_presh_1                       0x080001dd   Thumb Code     0  __rtentry2.o(.ARM.Collect$$rtentry$$00000002)
    __rt_entry_sh                            0x080001dd   Thumb Code     0  __rtentry4.o(.ARM.Collect$$rtentry$$00000004)
    __rt_entry_li                            0x080001e3   Thumb Code     0  __rtentry2.o(.ARM.Collect$$rtentry$$0000000A)
    __rt_entry_postsh_1                      0x080001e3   Thumb Code     0  __rtentry2.o(.ARM.Collect$$rtentry$$00000009)
    __rt_entry_main                          0x080001e7   Thumb Code     0  __rtentry2.o(.ARM.Collect$$rtentry$$0000000D)
    __rt_entry_postli_1                      0x080001e7   Thumb Code     0  __rtentry2.o(.ARM.Collect$$rtentry$$0000000C)
    __rt_exit                                0x080001ef   Thumb Code     0  rtexit.o(.ARM.Collect$$rtexit$$00000000)
    __rt_exit_ls                             0x080001f1   Thumb Code     0  rtexit2.o(.ARM.Collect$$rtexit$$00000003)
    __rt_exit_prels_1                        0x080001f1   Thumb Code     0  rtexit2.o(.ARM.Collect$$rtexit$$00000002)
    __rt_exit_exit                           0x080001f5   Thumb Code     0  rtexit2.o(.ARM.Collect$$rtexit$$00000004)
    Reset_Handler                            0x080001fd   Thumb Code     8  startup_stm32f10x_cl.o(.text)
    NMI_Handler                              0x08000205   Thumb Code     2  startup_stm32f10x_cl.o(.text)
    HardFault_Handler                        0x08000207   Thumb Code     2  startup_stm32f10x_cl.o(.text)
    MemManage_Handler                        0x08000209   Thumb Code     2  startup_stm32f10x_cl.o(.text)
    BusFault_Handler                         0x0800020b   Thumb Code     2  startup_stm32f10x_cl.o(.text)
    UsageFault_Handler                       0x0800020d   Thumb Code     2  startup_stm32f10x_cl.o(.text)
    SVC_Handler                              0x0800020f   Thumb Code     2  startup_stm32f10x_cl.o(.text)
    DebugMon_Handler                         0x08000211   Thumb Code     2  startup_stm32f10x_cl.o(.text)
    PendSV_Handler                           0x08000213   Thumb Code     2  startup_stm32f10x_cl.o(.text)
    SysTick_Handler                          0x08000215   Thumb Code     2  startup_stm32f10x_cl.o(.text)
    ADC1_2_IRQHandler                        0x08000217   Thumb Code     0  startup_stm32f10x_cl.o(.text)
    CAN1_RX0_IRQHandler                      0x08000217   Thumb Code     0  startup_stm32f10x_cl.o(.text)
    CAN1_RX1_IRQHandler                      0x08000217   Thumb Code     0  startup_stm32f10x_cl.o(.text)
    CAN1_SCE_IRQHandler                      0x08000217   Thumb Code     0  startup_stm32f10x_cl.o(.text)
    CAN1_TX_IRQHandler                       0x08000217   Thumb Code     0  startup_stm32f10x_cl.o(.text)
    CAN2_RX0_IRQHandler                      0x08000217   Thumb Code     0  startup_stm32f10x_cl.o(.text)
    CAN2_RX1_IRQHandler                      0x08000217   Thumb Code     0  startup_stm32f10x_cl.o(.text)
    CAN2_SCE_IRQHandler                      0x08000217   Thumb Code     0  startup_stm32f10x_cl.o(.text)
    CAN2_TX_IRQHandler                       0x08000217   Thumb Code     0  startup_stm32f10x_cl.o(.text)
    DMA1_Channel1_IRQHandler                 0x08000217   Thumb Code     0  startup_stm32f10x_cl.o(.text)
    DMA1_Channel2_IRQHandler                 0x08000217   Thumb Code     0  startup_stm32f10x_cl.o(.text)
    DMA1_Channel3_IRQHandler                 0x08000217   Thumb Code     0  startup_stm32f10x_cl.o(.text)
    DMA1_Channel4_IRQHandler                 0x08000217   Thumb Code     0  startup_stm32f10x_cl.o(.text)
    DMA1_Channel5_IRQHandler                 0x08000217   Thumb Code     0  startup_stm32f10x_cl.o(.text)
    DMA1_Channel6_IRQHandler                 0x08000217   Thumb Code     0  startup_stm32f10x_cl.o(.text)
    DMA1_Channel7_IRQHandler                 0x08000217   Thumb Code     0  startup_stm32f10x_cl.o(.text)
    DMA2_Channel1_IRQHandler                 0x08000217   Thumb Code     0  startup_stm32f10x_cl.o(.text)
    DMA2_Channel2_IRQHandler                 0x08000217   Thumb Code     0  startup_stm32f10x_cl.o(.text)
    DMA2_Channel3_IRQHandler                 0x08000217   Thumb Code     0  startup_stm32f10x_cl.o(.text)
    DMA2_Channel4_IRQHandler                 0x08000217   Thumb Code     0  startup_stm32f10x_cl.o(.text)
    DMA2_Channel5_IRQHandler                 0x08000217   Thumb Code     0  startup_stm32f10x_cl.o(.text)
    ETH_IRQHandler                           0x08000217   Thumb Code     0  startup_stm32f10x_cl.o(.text)
    ETH_WKUP_IRQHandler                      0x08000217   Thumb Code     0  startup_stm32f10x_cl.o(.text)
    EXTI0_IRQHandler                         0x08000217   Thumb Code     0  startup_stm32f10x_cl.o(.text)
    EXTI15_10_IRQHandler                     0x08000217   Thumb Code     0  startup_stm32f10x_cl.o(.text)
    EXTI1_IRQHandler                         0x08000217   Thumb Code     0  startup_stm32f10x_cl.o(.text)
    EXTI2_IRQHandler                         0x08000217   Thumb Code     0  startup_stm32f10x_cl.o(.text)
    EXTI3_IRQHandler                         0x08000217   Thumb Code     0  startup_stm32f10x_cl.o(.text)
    EXTI4_IRQHandler                         0x08000217   Thumb Code     0  startup_stm32f10x_cl.o(.text)
    EXTI9_5_IRQHandler                       0x08000217   Thumb Code     0  startup_stm32f10x_cl.o(.text)
    FLASH_IRQHandler                         0x08000217   Thumb Code     0  startup_stm32f10x_cl.o(.text)
    I2C1_ER_IRQHandler                       0x08000217   Thumb Code     0  startup_stm32f10x_cl.o(.text)
    I2C1_EV_IRQHandler                       0x08000217   Thumb Code     0  startup_stm32f10x_cl.o(.text)
    I2C2_ER_IRQHandler                       0x08000217   Thumb Code     0  startup_stm32f10x_cl.o(.text)
    I2C2_EV_IRQHandler                       0x08000217   Thumb Code     0  startup_stm32f10x_cl.o(.text)
    OTG_FS_IRQHandler                        0x08000217   Thumb Code     0  startup_stm32f10x_cl.o(.text)
    OTG_FS_WKUP_IRQHandler                   0x08000217   Thumb Code     0  startup_stm32f10x_cl.o(.text)
    PVD_IRQHandler                           0x08000217   Thumb Code     0  startup_stm32f10x_cl.o(.text)
    RCC_IRQHandler                           0x08000217   Thumb Code     0  startup_stm32f10x_cl.o(.text)
    RTCAlarm_IRQHandler                      0x08000217   Thumb Code     0  startup_stm32f10x_cl.o(.text)
    RTC_IRQHandler                           0x08000217   Thumb Code     0  startup_stm32f10x_cl.o(.text)
    SPI1_IRQHandler                          0x08000217   Thumb Code     0  startup_stm32f10x_cl.o(.text)
    SPI2_IRQHandler                          0x08000217   Thumb Code     0  startup_stm32f10x_cl.o(.text)
    SPI3_IRQHandler                          0x08000217   Thumb Code     0  startup_stm32f10x_cl.o(.text)
    TAMPER_IRQHandler                        0x08000217   Thumb Code     0  startup_stm32f10x_cl.o(.text)
    TIM1_BRK_IRQHandler                      0x08000217   Thumb Code     0  startup_stm32f10x_cl.o(.text)
    TIM1_CC_IRQHandler                       0x08000217   Thumb Code     0  startup_stm32f10x_cl.o(.text)
    TIM1_TRG_COM_IRQHandler                  0x08000217   Thumb Code     0  startup_stm32f10x_cl.o(.text)
    TIM1_UP_IRQHandler                       0x08000217   Thumb Code     0  startup_stm32f10x_cl.o(.text)
    TIM2_IRQHandler                          0x08000217   Thumb Code     0  startup_stm32f10x_cl.o(.text)
    TIM3_IRQHandler                          0x08000217   Thumb Code     0  startup_stm32f10x_cl.o(.text)
    TIM4_IRQHandler                          0x08000217   Thumb Code     0  startup_stm32f10x_cl.o(.text)
    TIM5_IRQHandler                          0x08000217   Thumb Code     0  startup_stm32f10x_cl.o(.text)
    TIM6_IRQHandler                          0x08000217   Thumb Code     0  startup_stm32f10x_cl.o(.text)
    TIM7_IRQHandler                          0x08000217   Thumb Code     0  startup_stm32f10x_cl.o(.text)
    UART4_IRQHandler                         0x08000217   Thumb Code     0  startup_stm32f10x_cl.o(.text)
    UART5_IRQHandler                         0x08000217   Thumb Code     0  startup_stm32f10x_cl.o(.text)
    USART1_IRQHandler                        0x08000217   Thumb Code     0  startup_stm32f10x_cl.o(.text)
    USART3_IRQHandler                        0x08000217   Thumb Code     0  startup_stm32f10x_cl.o(.text)
    WWDG_IRQHandler                          0x08000217   Thumb Code     0  startup_stm32f10x_cl.o(.text)
    __user_initial_stackheap                 0x08000219   Thumb Code     0  startup_stm32f10x_cl.o(.text)
    __2printf                                0x0800023d   Thumb Code    20  noretval__2printf.o(.text)
    _printf_pre_padding                      0x08000255   Thumb Code    44  _printf_pad.o(.text)
    _printf_post_padding                     0x08000281   Thumb Code    34  _printf_pad.o(.text)
    _printf_int_dec                          0x080002a5   Thumb Code   104  _printf_dec.o(.text)
    _printf_int_hex                          0x0800031d   Thumb Code    84  _printf_hex_int.o(.text)
    _printf_longlong_hex                     0x0800031d   Thumb Code     0  _printf_hex_int.o(.text)
    __printf                                 0x08000375   Thumb Code   308  __printf_flags_wp.o(.text)
    __aeabi_memcpy                           0x080004ad   Thumb Code     0  rt_memcpy_v6.o(.text)
    __rt_memcpy                              0x080004ad   Thumb Code   138  rt_memcpy_v6.o(.text)
    _memcpy_lastbytes                        0x08000513   Thumb Code     0  rt_memcpy_v6.o(.text)
    __use_two_region_memory                  0x08000537   Thumb Code     2  heapauxi.o(.text)
    __rt_heap_escrow$2region                 0x08000539   Thumb Code     2  heapauxi.o(.text)
    __rt_heap_expand$2region                 0x0800053b   Thumb Code     2  heapauxi.o(.text)
    _printf_int_common                       0x0800053d   Thumb Code   178  _printf_intcommon.o(.text)
    _printf_char_file                        0x080005f1   Thumb Code    32  _printf_char_file.o(.text)
    __aeabi_memcpy4                          0x08000615   Thumb Code     0  rt_memcpy_w.o(.text)
    __aeabi_memcpy8                          0x08000615   Thumb Code     0  rt_memcpy_w.o(.text)
    __rt_memcpy_w                            0x08000615   Thumb Code   100  rt_memcpy_w.o(.text)
    _memcpy_lastbytes_aligned                0x0800065d   Thumb Code     0  rt_memcpy_w.o(.text)
    _printf_char_common                      0x08000683   Thumb Code    32  _printf_char_common.o(.text)
    __user_setup_stackheap                   0x080006a9   Thumb Code    74  sys_stackheap_outer.o(.text)
    exit                                     0x080006f3   Thumb Code    18  exit.o(.text)
    __user_libspace                          0x08000705   Thumb Code     8  libspace.o(.text)
    __user_perproc_libspace                  0x08000705   Thumb Code     0  libspace.o(.text)
    __user_perthread_libspace                0x08000705   Thumb Code     0  libspace.o(.text)
    _sys_exit                                0x0800070d   Thumb Code     8  sys_exit.o(.text)
    __I$use$semihosting                      0x08000719   Thumb Code     0  use_no_semi.o(.text)
    __use_no_semihosting_swi                 0x08000719   Thumb Code     2  use_no_semi.o(.text)
    __semihosting_library_function           0x0800071b   Thumb Code     0  indicate_semi.o(.text)
    Bootloader_CheckDiffVersion              0x080007ed   Thumb Code    60  bootloader.o(i.Bootloader_CheckDiffVersion)
    Bootloader_CopyTemp2Main                 0x08000855   Thumb Code    90  bootloader.o(i.Bootloader_CopyTemp2Main)
    Bootloader_GotoProgram                   0x080008e1   Thumb Code    18  bootloader.o(i.Bootloader_GotoProgram)
    Bootloader_Init                          0x080008f3   Thumb Code     8  bootloader.o(i.Bootloader_Init)
    Bootloader_Processing                    0x080008fd   Thumb Code    82  bootloader.o(i.Bootloader_Processing)
    Bootloader_RunProgram                    0x080009c9   Thumb Code    10  bootloader.o(i.Bootloader_RunProgram)
    FLASH_ErasePage                          0x080009d9   Thumb Code    72  stm32f10x_flash.o(i.FLASH_ErasePage)
    FLASH_GetBank1Status                     0x08000a25   Thumb Code    48  stm32f10x_flash.o(i.FLASH_GetBank1Status)
    FLASH_Lock                               0x08000a59   Thumb Code    14  stm32f10x_flash.o(i.FLASH_Lock)
    FLASH_ProgramWord                        0x08000a6d   Thumb Code   102  stm32f10x_flash.o(i.FLASH_ProgramWord)
    FLASH_Unlock                             0x08000ad9   Thumb Code    12  stm32f10x_flash.o(i.FLASH_Unlock)
    FLASH_WaitForLastOperation               0x08000af1   Thumb Code    38  stm32f10x_flash.o(i.FLASH_WaitForLastOperation)
    Flash_InitData                           0x08000b17   Thumb Code     2  flash.o(i.Flash_InitData)
    Flash_ReadBank                           0x08000b19   Thumb Code    40  flash.o(i.Flash_ReadBank)
    Flash_ReadWord                           0x08000b41   Thumb Code     6  flash.o(i.Flash_ReadWord)
    Flash_WriteBank                          0x08000b47   Thumb Code    60  flash.o(i.Flash_WriteBank)
    Flash_WriteWord                          0x08000b85   Thumb Code    52  flash.o(i.Flash_WriteWord)
    Fn_DELAY_Init                            0x08000bbd   Thumb Code    56  delay.o(i.Fn_DELAY_Init)
    Fn_DELAY_ms                              0x08000bfd   Thumb Code    56  delay.o(i.Fn_DELAY_ms)
    GPIO_Init                                0x08000c39   Thumb Code   278  stm32f10x_gpio.o(i.GPIO_Init)
    MemInterface_Init                        0x08000d4f   Thumb Code     8  memoryinterface.o(i.MemInterface_Init)
    MemInterface_calculateCRC                0x08000d57   Thumb Code    32  memoryinterface.o(i.MemInterface_calculateCRC)
    MemInterface_copyProgram                 0x08000d79   Thumb Code   122  memoryinterface.o(i.MemInterface_copyProgram)
    MemInterface_getCurrentVersion           0x08000df9   Thumb Code    14  memoryinterface.o(i.MemInterface_getCurrentVersion)
    MemInterface_getTempCRC                  0x08000e0d   Thumb Code    14  memoryinterface.o(i.MemInterface_getTempCRC)
    MemInterface_getTempFirmLength           0x08000e21   Thumb Code    14  memoryinterface.o(i.MemInterface_getTempFirmLength)
    MemInterface_getTempVersion              0x08000e35   Thumb Code    14  memoryinterface.o(i.MemInterface_getTempVersion)
    MemInterface_setCurrentVersion           0x08000e49   Thumb Code    14  memoryinterface.o(i.MemInterface_setCurrentVersion)
    MemInterface_setTempCRC                  0x08000e5d   Thumb Code    18  memoryinterface.o(i.MemInterface_setTempCRC)
    MemInterface_setTempFirmLength           0x08000e75   Thumb Code    14  memoryinterface.o(i.MemInterface_setTempFirmLength)
    MemInterface_setTempVersion              0x08000e89   Thumb Code    14  memoryinterface.o(i.MemInterface_setTempVersion)
    MemInterface_writeProgram                0x08000e9d   Thumb Code   206  memoryinterface.o(i.MemInterface_writeProgram)
    MessageProcess_Init                      0x08000f71   Thumb Code    14  messagemanager.o(i.MessageProcess_Init)
    MessageProcess_Process                   0x08000f89   Thumb Code   320  messagemanager.o(i.MessageProcess_Process)
    MessageProcess_copyMessage               0x080010e9   Thumb Code    52  messagemanager.o(i.MessageProcess_copyMessage)
    MessageProcess_hasMessage                0x08001129   Thumb Code     6  messagemanager.o(i.MessageProcess_hasMessage)
    NVIC_Init                                0x08001135   Thumb Code   100  misc.o(i.NVIC_Init)
    RCC_APB1PeriphClockCmd                   0x0800136d   Thumb Code    26  stm32f10x_rcc.o(i.RCC_APB1PeriphClockCmd)
    RCC_APB2PeriphClockCmd                   0x0800138d   Thumb Code    26  stm32f10x_rcc.o(i.RCC_APB2PeriphClockCmd)
    RCC_GetClocksFreq                        0x080013ad   Thumb Code   374  stm32f10x_rcc.o(i.RCC_GetClocksFreq)
    SystemCoreClockUpdate                    0x0800165d   Thumb Code   232  system_stm32f10x.o(i.SystemCoreClockUpdate)
    SystemInit                               0x0800175d   Thumb Code    92  system_stm32f10x.o(i.SystemInit)
    UARTDebug_AddCallBack                    0x080017c9   Thumb Code    68  uart.o(i.UARTDebug_AddCallBack)
    UARTDebug_Init                           0x08001815   Thumb Code   114  uart.o(i.UARTDebug_Init)
    UARTDebug_SendChar                       0x08001899   Thumb Code    28  uart.o(i.UARTDebug_SendChar)
    UART_OTA_Init                            0x080018b9   Thumb Code    26  uart_ota.o(i.UART_OTA_Init)
    UART_OTA_Process                         0x080018f5   Thumb Code   222  uart_ota.o(i.UART_OTA_Process)
    UART_OTA_onLoop                          0x08001a71   Thumb Code     8  uart_ota.o(i.UART_OTA_onLoop)
    USART2_IRQHandler                        0x08001a79   Thumb Code    42  uart.o(i.USART2_IRQHandler)
    USART_ClearFlag                          0x08001aad   Thumb Code    18  stm32f10x_usart.o(i.USART_ClearFlag)
    USART_ClearITPendingBit                  0x08001abf   Thumb Code    30  stm32f10x_usart.o(i.USART_ClearITPendingBit)
    USART_Cmd                                0x08001add   Thumb Code    24  stm32f10x_usart.o(i.USART_Cmd)
    USART_GetFlagStatus                      0x08001af5   Thumb Code    26  stm32f10x_usart.o(i.USART_GetFlagStatus)
    USART_ITConfig                           0x08001b0f   Thumb Code    74  stm32f10x_usart.o(i.USART_ITConfig)
    USART_Init                               0x08001b59   Thumb Code   210  stm32f10x_usart.o(i.USART_Init)
    USART_ReceiveData                        0x08001c31   Thumb Code    10  stm32f10x_usart.o(i.USART_ReceiveData)
    USART_SendData                           0x08001c3b   Thumb Code     8  stm32f10x_usart.o(i.USART_SendData)
    _is_digit                                0x08001c43   Thumb Code    14  __printf_wp.o(i._is_digit)
    ferror                                   0x08001c8d   Thumb Code     6  uart.o(i.ferror)
    fputc                                    0x08001c93   Thumb Code    16  uart.o(i.fputc)
    main                                     0x08001ca5   Thumb Code   138  main.o(i.main)
    ringBuffer_Init                          0x08001da5   Thumb Code    52  ringbuffer.o(i.ringBuffer_Init)
    ringBuffer_Pop                           0x08001df1   Thumb Code    54  ringbuffer.o(i.ringBuffer_Pop)
    ringBuffer_Push                          0x08001e27   Thumb Code    56  ringbuffer.o(i.ringBuffer_Push)
    uartReceive_Init                         0x08001e61   Thumb Code    16  uart_receive.o(i.uartReceive_Init)
    uartReceive_PushData                     0x08001e79   Thumb Code    14  uart_receive.o(i.uartReceive_PushData)
    Region$$Table$$Base                      0x08001ec8   Number         0  anon$$obj.o(Region$$Table)
    Region$$Table$$Limit                     0x08001ee8   Number         0  anon$$obj.o(Region$$Table)
    __stdout                                 0x20000010   Data           4  uart.o(.data)
    messageInput                             0x20000014   Data           4  messagemanager.o(.data)
    SystemCoreClock                          0x2000003c   Data           4  system_stm32f10x.o(.data)
    AHBPrescTable                            0x20000040   Data          16  system_stm32f10x.o(.data)
    guartRingBuffer                          0x20002460   Data          28  uart_receive.o(.bss)
    __libspace_start                         0x200026a8   Data          96  libspace.o(.bss)
    __temporary_stack_top$libspace           0x20002708   Data           0  libspace.o(.bss)



==============================================================================

Memory Map of the image

  Image Entry point : 0x08000151

  Load Region LR_IROM1 (Base: 0x08000000, Size: 0x00001f38, Max: 0x00002000, ABSOLUTE)

    Execution Region ER_IROM1 (Exec base: 0x08000000, Load base: 0x08000000, Size: 0x00001ee8, Max: 0x00002000, ABSOLUTE)

    Exec Addr    Load Addr    Size         Type   Attr      Idx    E Section Name        Object

    0x08000000   0x08000000   0x00000150   Data   RO         1606    RESET               startup_stm32f10x_cl.o
    0x08000150   0x08000150   0x00000008   Code   RO         1717  * !!!main             c_w.l(__main.o)
    0x08000158   0x08000158   0x00000034   Code   RO         1887    !!!scatter          c_w.l(__scatter.o)
    0x0800018c   0x0800018c   0x0000001a   Code   RO         1889    !!handler_copy      c_w.l(__scatter_copy.o)
    0x080001a6   0x080001a6   0x00000002   PAD
    0x080001a8   0x080001a8   0x0000001c   Code   RO         1891    !!handler_zi        c_w.l(__scatter_zi.o)
    0x080001c4   0x080001c4   0x00000000   Code   RO         1712    .ARM.Collect$$_printf_percent$$00000000  c_w.l(_printf_percent.o)
    0x080001c4   0x080001c4   0x00000006   Code   RO         1711    .ARM.Collect$$_printf_percent$$00000009  c_w.l(_printf_d.o)
    0x080001ca   0x080001ca   0x00000006   Code   RO         1710    .ARM.Collect$$_printf_percent$$0000000C  c_w.l(_printf_x.o)
    0x080001d0   0x080001d0   0x00000004   Code   RO         1724    .ARM.Collect$$_printf_percent$$00000017  c_w.l(_printf_percent_end.o)
    0x080001d4   0x080001d4   0x00000002   Code   RO         1755    .ARM.Collect$$libinit$$00000000  c_w.l(libinit.o)
    0x080001d6   0x080001d6   0x00000000   Code   RO         1762    .ARM.Collect$$libinit$$00000002  c_w.l(libinit2.o)
    0x080001d6   0x080001d6   0x00000000   Code   RO         1764    .ARM.Collect$$libinit$$00000004  c_w.l(libinit2.o)
    0x080001d6   0x080001d6   0x00000000   Code   RO         1767    .ARM.Collect$$libinit$$0000000A  c_w.l(libinit2.o)
    0x080001d6   0x080001d6   0x00000000   Code   RO         1769    .ARM.Collect$$libinit$$0000000C  c_w.l(libinit2.o)
    0x080001d6   0x080001d6   0x00000000   Code   RO         1771    .ARM.Collect$$libinit$$0000000E  c_w.l(libinit2.o)
    0x080001d6   0x080001d6   0x00000000   Code   RO         1774    .ARM.Collect$$libinit$$00000011  c_w.l(libinit2.o)
    0x080001d6   0x080001d6   0x00000000   Code   RO         1776    .ARM.Collect$$libinit$$00000013  c_w.l(libinit2.o)
    0x080001d6   0x080001d6   0x00000000   Code   RO         1778    .ARM.Collect$$libinit$$00000015  c_w.l(libinit2.o)
    0x080001d6   0x080001d6   0x00000000   Code   RO         1780    .ARM.Collect$$libinit$$00000017  c_w.l(libinit2.o)
    0x080001d6   0x080001d6   0x00000000   Code   RO         1782    .ARM.Collect$$libinit$$00000019  c_w.l(libinit2.o)
    0x080001d6   0x080001d6   0x00000000   Code   RO         1784    .ARM.Collect$$libinit$$0000001B  c_w.l(libinit2.o)
    0x080001d6   0x080001d6   0x00000000   Code   RO         1786    .ARM.Collect$$libinit$$0000001D  c_w.l(libinit2.o)
    0x080001d6   0x080001d6   0x00000000   Code   RO         1788    .ARM.Collect$$libinit$$0000001F  c_w.l(libinit2.o)
    0x080001d6   0x080001d6   0x00000000   Code   RO         1790    .ARM.Collect$$libinit$$00000021  c_w.l(libinit2.o)
    0x080001d6   0x080001d6   0x00000000   Code   RO         1792    .ARM.Collect$$libinit$$00000023  c_w.l(libinit2.o)
    0x080001d6   0x080001d6   0x00000000   Code   RO         1794    .ARM.Collect$$libinit$$00000025  c_w.l(libinit2.o)
    0x080001d6   0x080001d6   0x00000000   Code   RO         1798    .ARM.Collect$$libinit$$0000002C  c_w.l(libinit2.o)
    0x080001d6   0x080001d6   0x00000000   Code   RO         1800    .ARM.Collect$$libinit$$0000002E  c_w.l(libinit2.o)
    0x080001d6   0x080001d6   0x00000000   Code   RO         1802    .ARM.Collect$$libinit$$00000030  c_w.l(libinit2.o)
    0x080001d6   0x080001d6   0x00000000   Code   RO         1804    .ARM.Collect$$libinit$$00000032  c_w.l(libinit2.o)
    0x080001d6   0x080001d6   0x00000002   Code   RO         1805    .ARM.Collect$$libinit$$00000033  c_w.l(libinit2.o)
    0x080001d8   0x080001d8   0x00000002   Code   RO         1825    .ARM.Collect$$libshutdown$$00000000  c_w.l(libshutdown.o)
    0x080001da   0x080001da   0x00000000   Code   RO         1838    .ARM.Collect$$libshutdown$$00000002  c_w.l(libshutdown2.o)
    0x080001da   0x080001da   0x00000000   Code   RO         1840    .ARM.Collect$$libshutdown$$00000004  c_w.l(libshutdown2.o)
    0x080001da   0x080001da   0x00000000   Code   RO         1842    .ARM.Collect$$libshutdown$$00000006  c_w.l(libshutdown2.o)
    0x080001da   0x080001da   0x00000000   Code   RO         1845    .ARM.Collect$$libshutdown$$00000009  c_w.l(libshutdown2.o)
    0x080001da   0x080001da   0x00000000   Code   RO         1848    .ARM.Collect$$libshutdown$$0000000C  c_w.l(libshutdown2.o)
    0x080001da   0x080001da   0x00000000   Code   RO         1850    .ARM.Collect$$libshutdown$$0000000E  c_w.l(libshutdown2.o)
    0x080001da   0x080001da   0x00000000   Code   RO         1853    .ARM.Collect$$libshutdown$$00000011  c_w.l(libshutdown2.o)
    0x080001da   0x080001da   0x00000002   Code   RO         1854    .ARM.Collect$$libshutdown$$00000012  c_w.l(libshutdown2.o)
    0x080001dc   0x080001dc   0x00000000   Code   RO         1719    .ARM.Collect$$rtentry$$00000000  c_w.l(__rtentry.o)
    0x080001dc   0x080001dc   0x00000000   Code   RO         1728    .ARM.Collect$$rtentry$$00000002  c_w.l(__rtentry2.o)
    0x080001dc   0x080001dc   0x00000006   Code   RO         1740    .ARM.Collect$$rtentry$$00000004  c_w.l(__rtentry4.o)
    0x080001e2   0x080001e2   0x00000000   Code   RO         1730    .ARM.Collect$$rtentry$$00000009  c_w.l(__rtentry2.o)
    0x080001e2   0x080001e2   0x00000004   Code   RO         1731    .ARM.Collect$$rtentry$$0000000A  c_w.l(__rtentry2.o)
    0x080001e6   0x080001e6   0x00000000   Code   RO         1733    .ARM.Collect$$rtentry$$0000000C  c_w.l(__rtentry2.o)
    0x080001e6   0x080001e6   0x00000008   Code   RO         1734    .ARM.Collect$$rtentry$$0000000D  c_w.l(__rtentry2.o)
    0x080001ee   0x080001ee   0x00000002   Code   RO         1759    .ARM.Collect$$rtexit$$00000000  c_w.l(rtexit.o)
    0x080001f0   0x080001f0   0x00000000   Code   RO         1807    .ARM.Collect$$rtexit$$00000002  c_w.l(rtexit2.o)
    0x080001f0   0x080001f0   0x00000004   Code   RO         1808    .ARM.Collect$$rtexit$$00000003  c_w.l(rtexit2.o)
    0x080001f4   0x080001f4   0x00000006   Code   RO         1809    .ARM.Collect$$rtexit$$00000004  c_w.l(rtexit2.o)
    0x080001fa   0x080001fa   0x00000002   PAD
    0x080001fc   0x080001fc   0x00000040   Code   RO         1607    .text               startup_stm32f10x_cl.o
    0x0800023c   0x0800023c   0x00000018   Code   RO         1661    .text               c_w.l(noretval__2printf.o)
    0x08000254   0x08000254   0x0000004e   Code   RO         1665    .text               c_w.l(_printf_pad.o)
    0x080002a2   0x080002a2   0x00000002   PAD
    0x080002a4   0x080002a4   0x00000078   Code   RO         1667    .text               c_w.l(_printf_dec.o)
    0x0800031c   0x0800031c   0x00000058   Code   RO         1672    .text               c_w.l(_printf_hex_int.o)
    0x08000374   0x08000374   0x00000138   Code   RO         1702    .text               c_w.l(__printf_flags_wp.o)
    0x080004ac   0x080004ac   0x0000008a   Code   RO         1713    .text               c_w.l(rt_memcpy_v6.o)
    0x08000536   0x08000536   0x00000006   Code   RO         1715    .text               c_w.l(heapauxi.o)
    0x0800053c   0x0800053c   0x000000b2   Code   RO         1720    .text               c_w.l(_printf_intcommon.o)
    0x080005ee   0x080005ee   0x00000002   PAD
    0x080005f0   0x080005f0   0x00000024   Code   RO         1722    .text               c_w.l(_printf_char_file.o)
    0x08000614   0x08000614   0x00000064   Code   RO         1725    .text               c_w.l(rt_memcpy_w.o)
    0x08000678   0x08000678   0x00000030   Code   RO         1742    .text               c_w.l(_printf_char_common.o)
    0x080006a8   0x080006a8   0x0000004a   Code   RO         1744    .text               c_w.l(sys_stackheap_outer.o)
    0x080006f2   0x080006f2   0x00000012   Code   RO         1748    .text               c_w.l(exit.o)
    0x08000704   0x08000704   0x00000008   Code   RO         1756    .text               c_w.l(libspace.o)
    0x0800070c   0x0800070c   0x0000000c   Code   RO         1817    .text               c_w.l(sys_exit.o)
    0x08000718   0x08000718   0x00000002   Code   RO         1828    .text               c_w.l(use_no_semi.o)
    0x0800071a   0x0800071a   0x00000000   Code   RO         1830    .text               c_w.l(indicate_semi.o)
    0x0800071a   0x0800071a   0x00000002   PAD
    0x0800071c   0x0800071c   0x000000d0   Code   RO          319    i.Bootloader_CalCheckSum  bootloader.o
    0x080007ec   0x080007ec   0x00000068   Code   RO          320    i.Bootloader_CheckDiffVersion  bootloader.o
    0x08000854   0x08000854   0x0000008c   Code   RO          321    i.Bootloader_CopyTemp2Main  bootloader.o
    0x080008e0   0x080008e0   0x00000012   Code   RO          322    i.Bootloader_GotoProgram  bootloader.o
    0x080008f2   0x080008f2   0x00000008   Code   RO          323    i.Bootloader_Init   bootloader.o
    0x080008fa   0x080008fa   0x00000002   PAD
    0x080008fc   0x080008fc   0x000000cc   Code   RO          324    i.Bootloader_Processing  bootloader.o
    0x080009c8   0x080009c8   0x00000010   Code   RO          325    i.Bootloader_RunProgram  bootloader.o
    0x080009d8   0x080009d8   0x0000004c   Code   RO          842    i.FLASH_ErasePage   stm32f10x_flash.o
    0x08000a24   0x08000a24   0x00000034   Code   RO          843    i.FLASH_GetBank1Status  stm32f10x_flash.o
    0x08000a58   0x08000a58   0x00000014   Code   RO          852    i.FLASH_Lock        stm32f10x_flash.o
    0x08000a6c   0x08000a6c   0x0000006c   Code   RO          857    i.FLASH_ProgramWord  stm32f10x_flash.o
    0x08000ad8   0x08000ad8   0x00000018   Code   RO          860    i.FLASH_Unlock      stm32f10x_flash.o
    0x08000af0   0x08000af0   0x00000026   Code   RO          864    i.FLASH_WaitForLastOperation  stm32f10x_flash.o
    0x08000b16   0x08000b16   0x00000002   Code   RO          104    i.Flash_InitData    flash.o
    0x08000b18   0x08000b18   0x00000028   Code   RO          105    i.Flash_ReadBank    flash.o
    0x08000b40   0x08000b40   0x00000006   Code   RO          106    i.Flash_ReadWord    flash.o
    0x08000b46   0x08000b46   0x0000003c   Code   RO          107    i.Flash_WriteBank   flash.o
    0x08000b82   0x08000b82   0x00000002   PAD
    0x08000b84   0x08000b84   0x00000038   Code   RO          108    i.Flash_WriteWord   flash.o
    0x08000bbc   0x08000bbc   0x00000040   Code   RO            4    i.Fn_DELAY_Init     delay.o
    0x08000bfc   0x08000bfc   0x0000003c   Code   RO            7    i.Fn_DELAY_ms       delay.o
    0x08000c38   0x08000c38   0x00000116   Code   RO         1029    i.GPIO_Init         stm32f10x_gpio.o
    0x08000d4e   0x08000d4e   0x00000008   Code   RO          396    i.MemInterface_Init  memoryinterface.o
    0x08000d56   0x08000d56   0x00000020   Code   RO          397    i.MemInterface_calculateCRC  memoryinterface.o
    0x08000d76   0x08000d76   0x00000002   PAD
    0x08000d78   0x08000d78   0x00000080   Code   RO          398    i.MemInterface_copyProgram  memoryinterface.o
    0x08000df8   0x08000df8   0x00000014   Code   RO          401    i.MemInterface_getCurrentVersion  memoryinterface.o
    0x08000e0c   0x08000e0c   0x00000014   Code   RO          402    i.MemInterface_getTempCRC  memoryinterface.o
    0x08000e20   0x08000e20   0x00000014   Code   RO          403    i.MemInterface_getTempFirmLength  memoryinterface.o
    0x08000e34   0x08000e34   0x00000014   Code   RO          404    i.MemInterface_getTempVersion  memoryinterface.o
    0x08000e48   0x08000e48   0x00000014   Code   RO          407    i.MemInterface_setCurrentVersion  memoryinterface.o
    0x08000e5c   0x08000e5c   0x00000018   Code   RO          408    i.MemInterface_setTempCRC  memoryinterface.o
    0x08000e74   0x08000e74   0x00000014   Code   RO          409    i.MemInterface_setTempFirmLength  memoryinterface.o
    0x08000e88   0x08000e88   0x00000014   Code   RO          410    i.MemInterface_setTempVersion  memoryinterface.o
    0x08000e9c   0x08000e9c   0x000000d4   Code   RO          411    i.MemInterface_writeProgram  memoryinterface.o
    0x08000f70   0x08000f70   0x00000018   Code   RO          637    i.MessageProcess_Init  messagemanager.o
    0x08000f88   0x08000f88   0x00000160   Code   RO          638    i.MessageProcess_Process  messagemanager.o
    0x080010e8   0x080010e8   0x00000040   Code   RO          639    i.MessageProcess_copyMessage  messagemanager.o
    0x08001128   0x08001128   0x0000000c   Code   RO          640    i.MessageProcess_hasMessage  messagemanager.o
    0x08001134   0x08001134   0x00000070   Code   RO          789    i.NVIC_Init         misc.o
    0x080011a4   0x080011a4   0x00000014   Code   RO          700    i.OTA_ProcessCRCMessage  uart_ota.o
    0x080011b8   0x080011b8   0x00000180   Code   RO          701    i.OTA_ProcessDataMessage  uart_ota.o
    0x08001338   0x08001338   0x0000001c   Code   RO          702    i.OTA_ProcessLengthMessage  uart_ota.o
    0x08001354   0x08001354   0x00000018   Code   RO          703    i.OTA_ProcessVersionMessage  uart_ota.o
    0x0800136c   0x0800136c   0x00000020   Code   RO         1152    i.RCC_APB1PeriphClockCmd  stm32f10x_rcc.o
    0x0800138c   0x0800138c   0x00000020   Code   RO         1154    i.RCC_APB2PeriphClockCmd  stm32f10x_rcc.o
    0x080013ac   0x080013ac   0x00000190   Code   RO         1162    i.RCC_GetClocksFreq  stm32f10x_rcc.o
    0x0800153c   0x0800153c   0x00000008   Code   RO         1614    i.SetSysClock       system_stm32f10x.o
    0x08001544   0x08001544   0x00000118   Code   RO         1615    i.SetSysClockTo72   system_stm32f10x.o
    0x0800165c   0x0800165c   0x00000100   Code   RO         1616    i.SystemCoreClockUpdate  system_stm32f10x.o
    0x0800175c   0x0800175c   0x0000006c   Code   RO         1617    i.SystemInit        system_stm32f10x.o
    0x080017c8   0x080017c8   0x0000004c   Code   RO          173    i.UARTDebug_AddCallBack  uart.o
    0x08001814   0x08001814   0x00000084   Code   RO          174    i.UARTDebug_Init    uart.o
    0x08001898   0x08001898   0x00000020   Code   RO          175    i.UARTDebug_SendChar  uart.o
    0x080018b8   0x080018b8   0x0000003c   Code   RO          704    i.UART_OTA_Init     uart_ota.o
    0x080018f4   0x080018f4   0x0000017c   Code   RO          705    i.UART_OTA_Process  uart_ota.o
    0x08001a70   0x08001a70   0x00000008   Code   RO          706    i.UART_OTA_onLoop   uart_ota.o
    0x08001a78   0x08001a78   0x00000034   Code   RO          177    i.USART2_IRQHandler  uart.o
    0x08001aac   0x08001aac   0x00000012   Code   RO         1415    i.USART_ClearFlag   stm32f10x_usart.o
    0x08001abe   0x08001abe   0x0000001e   Code   RO         1416    i.USART_ClearITPendingBit  stm32f10x_usart.o
    0x08001adc   0x08001adc   0x00000018   Code   RO         1419    i.USART_Cmd         stm32f10x_usart.o
    0x08001af4   0x08001af4   0x0000001a   Code   RO         1422    i.USART_GetFlagStatus  stm32f10x_usart.o
    0x08001b0e   0x08001b0e   0x0000004a   Code   RO         1425    i.USART_ITConfig    stm32f10x_usart.o
    0x08001b58   0x08001b58   0x000000d8   Code   RO         1426    i.USART_Init        stm32f10x_usart.o
    0x08001c30   0x08001c30   0x0000000a   Code   RO         1433    i.USART_ReceiveData  stm32f10x_usart.o
    0x08001c3a   0x08001c3a   0x00000008   Code   RO         1436    i.USART_SendData    stm32f10x_usart.o
    0x08001c42   0x08001c42   0x0000000e   Code   RO         1700    i._is_digit         c_w.l(__printf_wp.o)
    0x08001c50   0x08001c50   0x0000003c   Code   RO          412    i.calculatedNbrBlocks  memoryinterface.o
    0x08001c8c   0x08001c8c   0x00000006   Code   RO          178    i.ferror            uart.o
    0x08001c92   0x08001c92   0x00000010   Code   RO          179    i.fputc             uart.o
    0x08001ca2   0x08001ca2   0x00000002   PAD
    0x08001ca4   0x08001ca4   0x00000100   Code   RO          248    i.main              main.o
    0x08001da4   0x08001da4   0x0000004c   Code   RO          525    i.ringBuffer_Init   ringbuffer.o
    0x08001df0   0x08001df0   0x00000036   Code   RO          528    i.ringBuffer_Pop    ringbuffer.o
    0x08001e26   0x08001e26   0x00000038   Code   RO          529    i.ringBuffer_Push   ringbuffer.o
    0x08001e5e   0x08001e5e   0x00000002   PAD
    0x08001e60   0x08001e60   0x00000018   Code   RO          588    i.uartReceive_Init  uart_receive.o
    0x08001e78   0x08001e78   0x00000014   Code   RO          589    i.uartReceive_PushData  uart_receive.o
    0x08001e8c   0x08001e8c   0x00000028   Data   RO         1673    .constdata          c_w.l(_printf_hex_int.o)
    0x08001eb4   0x08001eb4   0x00000011   Data   RO         1703    .constdata          c_w.l(__printf_flags_wp.o)
    0x08001ec5   0x08001ec5   0x00000003   PAD
    0x08001ec8   0x08001ec8   0x00000020   Data   RO         1885    Region$$Table       anon$$obj.o


    Execution Region RW_IRAM1 (Exec base: 0x20000000, Load base: 0x08001ee8, Size: 0x00002d08, Max: 0x00010000, ABSOLUTE)

    Exec Addr    Load Addr    Size         Type   Attr      Idx    E Section Name        Object

    0x20000000   0x08001ee8   0x00000004   Data   RW            9    .data               delay.o
    0x20000004   0x08001eec   0x00000010   Data   RW          181    .data               uart.o
    0x20000014   0x08001efc   0x0000000b   Data   RW          642    .data               messagemanager.o
    0x2000001f   0x08001f07   0x00000001   PAD
    0x20000020   0x08001f08   0x00000008   Data   RW          708    .data               uart_ota.o
    0x20000028   0x08001f10   0x00000014   Data   RW         1190    .data               stm32f10x_rcc.o
    0x2000003c   0x08001f24   0x00000014   Data   RW         1618    .data               system_stm32f10x.o
    0x20000050        -       0x00000800   Zero   RW          109    .bss                flash.o
    0x20000850        -       0x00000010   Zero   RW          180    .bss                uart.o
    0x20000860        -       0x00000800   Zero   RW          326    .bss                bootloader.o
    0x20001060        -       0x00001000   Zero   RW          413    .bss                memoryinterface.o
    0x20002060        -       0x0000041c   Zero   RW          590    .bss                uart_receive.o
    0x2000247c        -       0x0000012c   Zero   RW          641    .bss                messagemanager.o
    0x200025a8        -       0x00000100   Zero   RW          707    .bss                uart_ota.o
    0x200026a8        -       0x00000060   Zero   RW         1757    .bss                c_w.l(libspace.o)
    0x20002708        -       0x00000200   Zero   RW         1605    HEAP                startup_stm32f10x_cl.o
    0x20002908        -       0x00000400   Zero   RW         1604    STACK               startup_stm32f10x_cl.o


==============================================================================

Image component sizes


      Code (inc. data)   RO Data    RW Data    ZI Data      Debug   Object Name

       698        270          0          0       2048       8928   bootloader.o
       124         12          0          4          0     263718   delay.o
       164          4          0          0       2048       3695   flash.o
       256        118          0          0          0       1283   main.o
       604         60          0          0       4096       9383   memoryinterface.o
       452         60          0         11        300       4091   messagemanager.o
       112         12          0          0          0       1376   misc.o
       186         24          0          0          0       4589   ringbuffer.o
        64         26        336          0       1536        840   startup_stm32f10x_cl.o
       318         32          0          0          0       5518   stm32f10x_flash.o
       278          0          0          0          0       2316   stm32f10x_gpio.o
       464         38          0         20          0       5754   stm32f10x_rcc.o
       406          6          0          0          0       7525   stm32f10x_usart.o
       652         56          0         20          0       3349   system_stm32f10x.o
       314         40          0         16         16      30808   uart.o
       904        360          0          8        256      30840   uart_ota.o
        44         14          0          0       1052       3620   uart_receive.o

    ----------------------------------------------------------------------
      6050       1132        368         80      11352     387633   Object Totals
         0          0         32          0          0          0   (incl. Generated)
        10          0          0          1          0          0   (incl. Padding)

    ----------------------------------------------------------------------

      Code (inc. data)   RO Data    RW Data    ZI Data      Debug   Library Member Name

         8          0          0          0          0         68   __main.o
       312          4         17          0          0         92   __printf_flags_wp.o
        14          0          0          0          0         68   __printf_wp.o
         0          0          0          0          0          0   __rtentry.o
        12          0          0          0          0          0   __rtentry2.o
         6          0          0          0          0          0   __rtentry4.o
        52          8          0          0          0          0   __scatter.o
        26          0          0          0          0          0   __scatter_copy.o
        28          0          0          0          0          0   __scatter_zi.o
        48          6          0          0          0         96   _printf_char_common.o
        36          4          0          0          0         80   _printf_char_file.o
         6          0          0          0          0          0   _printf_d.o
       120         16          0          0          0         92   _printf_dec.o
        88          4         40          0          0         88   _printf_hex_int.o
       178          0          0          0          0         88   _printf_intcommon.o
        78          0          0          0          0        108   _printf_pad.o
         0          0          0          0          0          0   _printf_percent.o
         4          0          0          0          0          0   _printf_percent_end.o
         6          0          0          0          0          0   _printf_x.o
        18          0          0          0          0         80   exit.o
         6          0          0          0          0        152   heapauxi.o
         0          0          0          0          0          0   indicate_semi.o
         2          0          0          0          0          0   libinit.o
         2          0          0          0          0          0   libinit2.o
         2          0          0          0          0          0   libshutdown.o
         2          0          0          0          0          0   libshutdown2.o
         8          4          0          0         96         68   libspace.o
        24          4          0          0          0         84   noretval__2printf.o
       138          0          0          0          0         68   rt_memcpy_v6.o
       100          0          0          0          0         80   rt_memcpy_w.o
         2          0          0          0          0          0   rtexit.o
        10          0          0          0          0          0   rtexit2.o
        12          4          0          0          0         68   sys_exit.o
        74          0          0          0          0         80   sys_stackheap_outer.o
         2          0          0          0          0         68   use_no_semi.o

    ----------------------------------------------------------------------
      1434         54         60          0         96       1528   Library Totals
        10          0          3          0          0          0   (incl. Padding)

    ----------------------------------------------------------------------

      Code (inc. data)   RO Data    RW Data    ZI Data      Debug   Library Name

      1424         54         57          0         96       1528   c_w.l

    ----------------------------------------------------------------------
      1434         54         60          0         96       1528   Library Totals

    ----------------------------------------------------------------------

==============================================================================


      Code (inc. data)   RO Data    RW Data    ZI Data      Debug   

      7484       1186        428         80      11448     384893   Grand Totals
      7484       1186        428         80      11448     384893   ELF Image Totals
      7484       1186        428         80          0          0   ROM Totals

==============================================================================

    Total RO  Size (Code + RO Data)                 7912 (   7.73kB)
    Total RW  Size (RW Data + ZI Data)             11528 (  11.26kB)
    Total ROM Size (Code + RO Data + RW Data)       7992 (   7.80kB)

==============================================================================

